stm32f4xx_hal_pcd.c:123:19:HAL_PCD_Init	80	static
stm32f4xx_hal_pcd.c:244:19:HAL_PCD_DeInit	16	static
stm32f4xx_hal_pcd.c:283:13:HAL_PCD_MspInit	16	static
stm32f4xx_hal_pcd.c:298:13:HAL_PCD_MspDeInit	16	static
stm32f4xx_hal_pcd.c:999:19:HAL_PCD_Start	24	static
stm32f4xx_hal_pcd.c:1024:19:HAL_PCD_Stop	24	static
stm32f4xx_hal_pcd.c:1051:6:HAL_PCD_IRQHandler	64	static
stm32f4xx_hal_pcd.c:1436:6:HAL_PCD_WKUP_IRQHandler	24	static
stm32f4xx_hal_pcd.c:1462:13:HAL_PCD_DataOutStageCallback	16	static
stm32f4xx_hal_pcd.c:1479:13:HAL_PCD_DataInStageCallback	16	static
stm32f4xx_hal_pcd.c:1494:13:HAL_PCD_SetupStageCallback	16	static
stm32f4xx_hal_pcd.c:1509:13:HAL_PCD_SOFCallback	16	static
stm32f4xx_hal_pcd.c:1524:13:HAL_PCD_ResetCallback	16	static
stm32f4xx_hal_pcd.c:1539:13:HAL_PCD_SuspendCallback	16	static
stm32f4xx_hal_pcd.c:1554:13:HAL_PCD_ResumeCallback	16	static
stm32f4xx_hal_pcd.c:1570:13:HAL_PCD_ISOOUTIncompleteCallback	16	static
stm32f4xx_hal_pcd.c:1587:13:HAL_PCD_ISOINIncompleteCallback	16	static
stm32f4xx_hal_pcd.c:1603:13:HAL_PCD_ConnectCallback	16	static
stm32f4xx_hal_pcd.c:1618:13:HAL_PCD_DisconnectCallback	16	static
stm32f4xx_hal_pcd.c:1652:19:HAL_PCD_DevConnect	24	static
stm32f4xx_hal_pcd.c:1678:19:HAL_PCD_DevDisconnect	24	static
stm32f4xx_hal_pcd.c:1707:19:HAL_PCD_SetAddress	16	static
stm32f4xx_hal_pcd.c:1724:19:HAL_PCD_EP_Open	24	static
stm32f4xx_hal_pcd.c:1769:19:HAL_PCD_EP_Close	24	static
stm32f4xx_hal_pcd.c:1800:19:HAL_PCD_EP_Receive	32	static
stm32f4xx_hal_pcd.c:1836:10:HAL_PCD_EP_GetRxCount	16	static
stm32f4xx_hal_pcd.c:1848:19:HAL_PCD_EP_Transmit	32	static
stm32f4xx_hal_pcd.c:1884:19:HAL_PCD_EP_SetStall	24	static
stm32f4xx_hal_pcd.c:1927:19:HAL_PCD_EP_ClrStall	24	static
stm32f4xx_hal_pcd.c:1963:19:HAL_PCD_EP_Flush	16	static
stm32f4xx_hal_pcd.c:1986:19:HAL_PCD_ActivateRemoteWakeup	16	static
stm32f4xx_hal_pcd.c:1996:19:HAL_PCD_DeActivateRemoteWakeup	16	static
stm32f4xx_hal_pcd.c:2025:18:HAL_PCD_GetState	16	static
stm32f4xx_hal_pcd.c:2049:26:PCD_WriteEmptyTxFifo	48	static
stm32f4xx_hal_pcd.c:2109:26:PCD_EP_OutXfrComplete_int	32	static
stm32f4xx_hal_pcd.c:2214:26:PCD_EP_OutSetupPacket_int	32	static
