cmsis_os.c:103:31:makeFreeRtosPriority	24	static
cmsis_os.c:116:19:makeCmsisPriority	24	static
cmsis_os.c:130:12:inHandlerMode	16	static,ignoring_inline_asm
cmsis_os.c:150:10:osKernelStart	8	static
cmsis_os.c:165:9:osKernelRunning	8	static
cmsis_os.c:184:10:osKernelSysTick	8	static
cmsis_os.c:202:12:osThreadCreate	56	static
cmsis_os.c:240:12:osThreadGetId	8	static
cmsis_os.c:255:10:osThreadTerminate	16	static
cmsis_os.c:270:10:osThreadYield	4	static,ignoring_inline_asm
cmsis_os.c:284:10:osThreadSetPriority	16	static
cmsis_os.c:300:12:osThreadGetPriority	16	static
cmsis_os.c:322:10:osDelay	24	static
cmsis_os.c:357:11:osTimerCreate	24	static
cmsis_os.c:404:10:osTimerStart	24	static
cmsis_os.c:443:10:osTimerStop	24	static
cmsis_os.c:472:10:osTimerDelete	24	static
cmsis_os.c:502:9:osSignalSet	32	static,ignoring_inline_asm
cmsis_os.c:543:9:osSignalWait	48	static
cmsis_os.c:597:11:osMutexCreate	16	static
cmsis_os.c:626:10:osMutexWait	24	static,ignoring_inline_asm
cmsis_os.c:666:10:osMutexRelease	24	static,ignoring_inline_asm
cmsis_os.c:690:10:osMutexDelete	16	static
cmsis_os.c:712:15:osSemaphoreCreate	32	static
cmsis_os.c:779:9:osSemaphoreWait	24	static,ignoring_inline_asm
cmsis_os.c:819:10:osSemaphoreRelease	24	static,ignoring_inline_asm
cmsis_os.c:846:10:osSemaphoreDelete	16	static
cmsis_os.c:883:10:osPoolCreate	32	static
cmsis_os.c:936:7:osPoolAlloc	48	static,ignoring_inline_asm
cmsis_os.c:977:7:osPoolCAlloc	24	static
cmsis_os.c:996:10:osPoolFree	24	static
cmsis_os.c:1040:14:osMessageCreate	32	static
cmsis_os.c:1067:10:osMessagePut	32	static,ignoring_inline_asm
cmsis_os.c:1099:9:osMessageGet	56	static,ignoring_inline_asm
cmsis_os.c:1168:11:osMailCreate	40	static
cmsis_os.c:1214:7:osMailAlloc	24	static
cmsis_os.c:1236:7:osMailCAlloc	24	static
cmsis_os.c:1257:10:osMailPut	24	static,ignoring_inline_asm
cmsis_os.c:1290:9:osMailGet	56	static,ignoring_inline_asm
cmsis_os.c:1346:10:osMailFree	16	static
cmsis_os.c:1362:6:osSystickHandler	8	static
cmsis_os.c:1432:10:osThreadSuspend	16	static
cmsis_os.c:1448:10:osThreadResume	16	static,ignoring_inline_asm
cmsis_os.c:1472:10:osThreadSuspendAll	8	static
cmsis_os.c:1483:10:osThreadResumeAll	8	static
cmsis_os.c:1500:10:osDelayUntil	16	static
cmsis_os.c:1520:10:osAbortDelay	16	static
cmsis_os.c:1541:10:osThreadList	16	static
cmsis_os.c:1555:9:osMessagePeek	48	static
cmsis_os.c:1596:10:osMessageWaiting	16	static
cmsis_os.c:1612:10:osMessageAvailableSpace	16	static
cmsis_os.c:1622:10:osMessageDelete	16	static
cmsis_os.c:1638:11:osRecursiveMutexCreate	16	static
cmsis_os.c:1664:10:osRecursiveMutexRelease	16	static
cmsis_os.c:1685:10:osRecursiveMutexWait	16	static
cmsis_os.c:1724:10:osSemaphoreGetCount	16	static
