BMI088.h:43:9:BMI088_ReadAccRegister	40	static
BMI088.h:62:9:BMI088_ReadGyrRegister	40	static
BMI088.h:81:9:BMI088_WriteAccRegister	24	static
BMI088.h:94:9:BMI088_WriteGyrRegister	24	static
BMI088.h:107:9:BMI088_Init	32	static
BMI088.h:219:9:BMI088_ReadAccelerometer	48	static
BMI088.h:243:9:BMI088_ReadGyroscope	48	static
main.c:23:6:HAL_GPIO_EXTI_Callback	16	static
main.c:37:6:LED_RGB_Init	8	static
main.c:46:6:LED_RGB_SetIntensity	16	static
main.c:54:5:main	216	static
main.c:97:6:SystemClock_Config	88	static
main.c:140:13:MX_SPI1_Init	8	static
main.c:178:13:MX_SPI3_Init	8	static
main.c:216:13:MX_TIM3_Init	64	static
main.c:279:13:MX_TIM4_Init	64	static
main.c:338:13:MX_GPIO_Init	48	static
main.c:391:6:Error_Handler	4	static
