Archive member included to satisfy reference by file (symbol)

c:/st/stm32cubeide_1.4.0/stm32cubeide/plugins/com.st.stm32cube.ide.mcu.externaltools.gnu-tools-for-stm32.7-2018-q2-update.win32_1.5.0.202011040924/tools/bin/../lib/gcc/arm-none-eabi/7.3.1/../../../../arm-none-eabi/lib/thumb/v7e-m/fpv4-sp/hard\libc_nano.a(lib_a-errno.o)
                              Core/Src/syscalls.o (__errno)
c:/st/stm32cubeide_1.4.0/stm32cubeide/plugins/com.st.stm32cube.ide.mcu.externaltools.gnu-tools-for-stm32.7-2018-q2-update.win32_1.5.0.202011040924/tools/bin/../lib/gcc/arm-none-eabi/7.3.1/../../../../arm-none-eabi/lib/thumb/v7e-m/fpv4-sp/hard\libc_nano.a(lib_a-exit.o)
                              c:/st/stm32cubeide_1.4.0/stm32cubeide/plugins/com.st.stm32cube.ide.mcu.externaltools.gnu-tools-for-stm32.7-2018-q2-update.win32_1.5.0.202011040924/tools/bin/../lib/gcc/arm-none-eabi/7.3.1/../../../../arm-none-eabi/lib/thumb/v7e-m/fpv4-sp/hard/crt0.o (exit)
c:/st/stm32cubeide_1.4.0/stm32cubeide/plugins/com.st.stm32cube.ide.mcu.externaltools.gnu-tools-for-stm32.7-2018-q2-update.win32_1.5.0.202011040924/tools/bin/../lib/gcc/arm-none-eabi/7.3.1/../../../../arm-none-eabi/lib/thumb/v7e-m/fpv4-sp/hard\libc_nano.a(lib_a-impure.o)
                              c:/st/stm32cubeide_1.4.0/stm32cubeide/plugins/com.st.stm32cube.ide.mcu.externaltools.gnu-tools-for-stm32.7-2018-q2-update.win32_1.5.0.202011040924/tools/bin/../lib/gcc/arm-none-eabi/7.3.1/../../../../arm-none-eabi/lib/thumb/v7e-m/fpv4-sp/hard\libc_nano.a(lib_a-exit.o) (_global_impure_ptr)
c:/st/stm32cubeide_1.4.0/stm32cubeide/plugins/com.st.stm32cube.ide.mcu.externaltools.gnu-tools-for-stm32.7-2018-q2-update.win32_1.5.0.202011040924/tools/bin/../lib/gcc/arm-none-eabi/7.3.1/../../../../arm-none-eabi/lib/thumb/v7e-m/fpv4-sp/hard\libc_nano.a(lib_a-init.o)
                              c:/st/stm32cubeide_1.4.0/stm32cubeide/plugins/com.st.stm32cube.ide.mcu.externaltools.gnu-tools-for-stm32.7-2018-q2-update.win32_1.5.0.202011040924/tools/bin/../lib/gcc/arm-none-eabi/7.3.1/../../../../arm-none-eabi/lib/thumb/v7e-m/fpv4-sp/hard/crt0.o (__libc_init_array)
c:/st/stm32cubeide_1.4.0/stm32cubeide/plugins/com.st.stm32cube.ide.mcu.externaltools.gnu-tools-for-stm32.7-2018-q2-update.win32_1.5.0.202011040924/tools/bin/../lib/gcc/arm-none-eabi/7.3.1/../../../../arm-none-eabi/lib/thumb/v7e-m/fpv4-sp/hard\libc_nano.a(lib_a-malloc.o)
                              Middlewares/ST/STM32_USB_Device_Library/Class/CDC/Src/usbd_cdc.o (malloc)
c:/st/stm32cubeide_1.4.0/stm32cubeide/plugins/com.st.stm32cube.ide.mcu.externaltools.gnu-tools-for-stm32.7-2018-q2-update.win32_1.5.0.202011040924/tools/bin/../lib/gcc/arm-none-eabi/7.3.1/../../../../arm-none-eabi/lib/thumb/v7e-m/fpv4-sp/hard\libc_nano.a(lib_a-memset.o)
                              c:/st/stm32cubeide_1.4.0/stm32cubeide/plugins/com.st.stm32cube.ide.mcu.externaltools.gnu-tools-for-stm32.7-2018-q2-update.win32_1.5.0.202011040924/tools/bin/../lib/gcc/arm-none-eabi/7.3.1/../../../../arm-none-eabi/lib/thumb/v7e-m/fpv4-sp/hard/crt0.o (memset)
c:/st/stm32cubeide_1.4.0/stm32cubeide/plugins/com.st.stm32cube.ide.mcu.externaltools.gnu-tools-for-stm32.7-2018-q2-update.win32_1.5.0.202011040924/tools/bin/../lib/gcc/arm-none-eabi/7.3.1/../../../../arm-none-eabi/lib/thumb/v7e-m/fpv4-sp/hard\libc_nano.a(lib_a-nano-freer.o)
                              c:/st/stm32cubeide_1.4.0/stm32cubeide/plugins/com.st.stm32cube.ide.mcu.externaltools.gnu-tools-for-stm32.7-2018-q2-update.win32_1.5.0.202011040924/tools/bin/../lib/gcc/arm-none-eabi/7.3.1/../../../../arm-none-eabi/lib/thumb/v7e-m/fpv4-sp/hard\libc_nano.a(lib_a-malloc.o) (_free_r)
c:/st/stm32cubeide_1.4.0/stm32cubeide/plugins/com.st.stm32cube.ide.mcu.externaltools.gnu-tools-for-stm32.7-2018-q2-update.win32_1.5.0.202011040924/tools/bin/../lib/gcc/arm-none-eabi/7.3.1/../../../../arm-none-eabi/lib/thumb/v7e-m/fpv4-sp/hard\libc_nano.a(lib_a-nano-mallocr.o)
                              c:/st/stm32cubeide_1.4.0/stm32cubeide/plugins/com.st.stm32cube.ide.mcu.externaltools.gnu-tools-for-stm32.7-2018-q2-update.win32_1.5.0.202011040924/tools/bin/../lib/gcc/arm-none-eabi/7.3.1/../../../../arm-none-eabi/lib/thumb/v7e-m/fpv4-sp/hard\libc_nano.a(lib_a-malloc.o) (_malloc_r)
c:/st/stm32cubeide_1.4.0/stm32cubeide/plugins/com.st.stm32cube.ide.mcu.externaltools.gnu-tools-for-stm32.7-2018-q2-update.win32_1.5.0.202011040924/tools/bin/../lib/gcc/arm-none-eabi/7.3.1/../../../../arm-none-eabi/lib/thumb/v7e-m/fpv4-sp/hard\libc_nano.a(lib_a-nano-vfprintf_float.o)
                              (_printf_float)
c:/st/stm32cubeide_1.4.0/stm32cubeide/plugins/com.st.stm32cube.ide.mcu.externaltools.gnu-tools-for-stm32.7-2018-q2-update.win32_1.5.0.202011040924/tools/bin/../lib/gcc/arm-none-eabi/7.3.1/../../../../arm-none-eabi/lib/thumb/v7e-m/fpv4-sp/hard\libc_nano.a(lib_a-nano-vfprintf_i.o)
[...]
Memory Configuration

Name             Origin             Length             Attributes
CCMRAM           0x0000000010000000 0x0000000000010000 xrw
RAM              0x0000000020000000 0x0000000000020000 xrw
FLASH            0x0000000008000000 0x0000000000100000 xr
*default*        0x0000000000000000 0xffffffffffffffff

Linker script and memory map

LOAD c:/st/stm32cubeide_1.4.0/stm32cubeide/plugins/com.st.stm32cube.ide.mcu.externaltools.gnu-tools-for-stm32.7-2018-q2-update.win32_1.5.0.202011040924/tools/bin/../lib/gcc/arm-none-eabi/7.3.1/thumb/v7e-m/fpv4-sp/hard/crti.o
LOAD c:/st/stm32cubeide_1.4.0/stm32cubeide/plugins/com.st.stm32cube.ide.mcu.externaltools.gnu-tools-for-stm32.7-2018-q2-update.win32_1.5.0.202011040924/tools/bin/../lib/gcc/arm-none-eabi/7.3.1/thumb/v7e-m/fpv4-sp/hard/crtbegin.o
LOAD c:/st/stm32cubeide_1.4.0/stm32cubeide/plugins/com.st.stm32cube.ide.mcu.externaltools.gnu-tools-for-stm32.7-2018-q2-update.win32_1.5.0.202011040924/tools/bin/../lib/gcc/arm-none-eabi/7.3.1/../../../../arm-none-eabi/lib/thumb/v7e-m/fpv4-sp/hard/crt0.o
LOAD Core/Src/Drivers/BMI088.o
LOAD Core/Src/Drivers/SPL06.o
LOAD Core/Src/EKF.o
LOAD Core/Src/FIRFilter.o
LOAD Core/Src/RCFilter.o
LOAD Core/Src/main.o
LOAD Core/Src/stm32f4xx_hal_msp.o
LOAD Core/Src/stm32f4xx_it.o
LOAD Core/Src/syscalls.o
LOAD Core/Src/sysmem.o
LOAD Core/Src/system_stm32f4xx.o
LOAD Core/Startup/startup_stm32f405rgtx.o
LOAD Drivers/STM32F4xx_HAL_Driver/Src/stm32f4xx_hal.o
LOAD Drivers/STM32F4xx_HAL_Driver/Src/stm32f4xx_hal_cortex.o
LOAD Drivers/STM32F4xx_HAL_Driver/Src/stm32f4xx_hal_dma.o
LOAD Drivers/STM32F4xx_HAL_Driver/Src/stm32f4xx_hal_dma_ex.o
LOAD Drivers/STM32F4xx_HAL_Driver/Src/stm32f4xx_hal_exti.o
LOAD Drivers/STM32F4xx_HAL_Driver/Src/stm32f4xx_hal_flash.o
LOAD Drivers/STM32F4xx_HAL_Driver/Src/stm32f4xx_hal_flash_ex.o
LOAD Drivers/STM32F4xx_HAL_Driver/Src/stm32f4xx_hal_flash_ramfunc.o
LOAD Drivers/STM32F4xx_HAL_Driver/Src/stm32f4xx_hal_gpio.o
LOAD Drivers/STM32F4xx_HAL_Driver/Src/stm32f4xx_hal_pcd.o
LOAD Drivers/STM32F4xx_HAL_Driver/Src/stm32f4xx_hal_pcd_ex.o
LOAD Drivers/STM32F4xx_HAL_Driver/Src/stm32f4xx_hal_pwr.o
LOAD Drivers/STM32F4xx_HAL_Driver/Src/stm32f4xx_hal_pwr_ex.o
LOAD Drivers/STM32F4xx_HAL_Driver/Src/stm32f4xx_hal_rcc.o
LOAD Drivers/STM32F4xx_HAL_Driver/Src/stm32f4xx_hal_rcc_ex.o
LOAD Drivers/STM32F4xx_HAL_Driver/Src/stm32f4xx_hal_spi.o
LOAD Drivers/STM32F4xx_HAL_Driver/Src/stm32f4xx_hal_tim.o
LOAD Drivers/STM32F4xx_HAL_Driver/Src/stm32f4xx_hal_tim_ex.o
LOAD Drivers/STM32F4xx_HAL_Driver/Src/stm32f4xx_ll_usb.o
LOAD Middlewares/ST/STM32_USB_Device_Library/Class/CDC/Src/usbd_cdc.o
LOAD Middlewares/ST/STM32_USB_Device_Library/Core/Src/usbd_core.o
LOAD Middlewares/ST/STM32_USB_Device_Library/Core/Src/usbd_ctlreq.o
LOAD Middlewares/ST/STM32_USB_Device_Library/Core/Src/usbd_ioreq.o
LOAD USB_DEVICE/App/usb_device.o
LOAD USB_DEVICE/App/usbd_cdc_if.o
LOAD USB_DEVICE/App/usbd_desc.o
LOAD USB_DEVICE/Target/usbd_conf.o
START GROUP
LOAD c:/st/stm32cubeide_1.4.0/stm32cubeide/plugins/com.st.stm32cube.ide.mcu.externaltools.gnu-tools-for-stm32.7-2018-q2-update.win32_1.5.0.202011040924/tools/bin/../lib/gcc/arm-none-eabi/7.3.1/../../../../arm-none-eabi/lib/thumb/v7e-m/fpv4-sp/hard\libc_nano.a
LOAD c:/st/stm32cubeide_1.4.0/stm32cubeide/plugins/com.st.stm32cube.ide.mcu.externaltools.gnu-tools-for-stm32.7-2018-q2-update.win32_1.5.0.202011040924/tools/bin/../lib/gcc/arm-none-eabi/7.3.1/../../../../arm-none-eabi/lib/thumb/v7e-m/fpv4-sp/hard\libm.a
END GROUP
START GROUP
LOAD c:/st/stm32cubeide_1.4.0/stm32cubeide/plugins/com.st.stm32cube.ide.mcu.externaltools.gnu-tools-for-stm32.7-2018-q2-update.win32_1.5.0.202011040924/tools/bin/../lib/gcc/arm-none-eabi/7.3.1/thumb/v7e-m/fpv4-sp/hard\libgcc.a
LOAD c:/st/stm32cubeide_1.4.0/stm32cubeide/plugins/com.st.stm32cube.ide.mcu.externaltools.gnu-tools-for-stm32.7-2018-q2-update.win32_1.5.0.202011040924/tools/bin/../lib/gcc/arm-none-eabi/7.3.1/../../../../arm-none-eabi/lib/thumb/v7e-m/fpv4-sp/hard\libc_nano.a
END GROUP
START GROUP
LOAD c:/st/stm32cubeide_1.4.0/stm32cubeide/plugins/com.st.stm32cube.ide.mcu.externaltools.gnu-tools-for-stm32.7-2018-q2-update.win32_1.5.0.202011040924/tools/bin/../lib/gcc/arm-none-eabi/7.3.1/thumb/v7e-m/fpv4-sp/hard\libgcc.a
LOAD c:/st/stm32cubeide_1.4.0/stm32cubeide/plugins/com.st.stm32cube.ide.mcu.externaltools.gnu-tools-for-stm32.7-2018-q2-update.win32_1.5.0.202011040924/tools/bin/../lib/gcc/arm-none-eabi/7.3.1/../../../../arm-none-eabi/lib/thumb/v7e-m/fpv4-sp/hard\libc_nano.a
END GROUP
LOAD c:/st/stm32cubeide_1.4.0/stm32cubeide/plugins/com.st.stm32cube.ide.mcu.externaltools.gnu-tools-for-stm32.7-2018-q2-update.win32_1.5.0.202011040924/tools/bin/../lib/gcc/arm-none-eabi/7.3.1/thumb/v7e-m/fpv4-sp/hard/crtend.o
LOAD c:/st/stm32cubeide_1.4.0/stm32cubeide/plugins/com.st.stm32cube.ide.mcu.externaltools.gnu-tools-for-stm32.7-2018-q2-update.win32_1.5.0.202011040924/tools/bin/../lib/gcc/arm-none-eabi/7.3.1/thumb/v7e-m/fpv4-sp/hard/crtn.o
                0x0000000020020000                _estack = (ORIGIN (RAM) + LENGTH (RAM))
                0x0000000000000200                _Min_Heap_Size = 0x200
                0x0000000000000400                _Min_Stack_Size = 0x400

.isr_vector     0x0000000008000000      0x188
                0x0000000008000000                . = ALIGN (0x4)
 *(.isr_vector)
 .isr_vector    0x0000000008000000      0x188 Core/Startup/startup_stm32f405rgtx.o
                0x0000000008000000                g_pfnVectors
                0x0000000008000188                . = ALIGN (0x4)

.text           0x0000000008000190     0xc650
                0x0000000008000190                . = ALIGN (0x4)
 *(.text)
 .text          0x0000000008000190       0x40 c:/st/stm32cubeide_1.4.0/stm32cubeide/plugins/com.st.stm32cube.ide.mcu.externaltools.gnu-tools-for-stm32.7-2018-q2-update.win32_1.5.0.202011040924/tools/bin/../lib/gcc/arm-none-eabi/7.3.1/thumb/v7e-m/fpv4-sp/hard/crtbegin.o
 .text          0x00000000080001d0       0x10 c:/st/stm32cubeide_1.4.0/stm32cubeide/plugins/com.st.stm32cube.ide.mcu.externaltools.gnu-tools-for-stm32.7-2018-q2-update.win32_1.5.0.202011040924/tools/bin/../lib/gcc/arm-none-eabi/7.3.1/../../../../arm-none-eabi/lib/thumb/v7e-m/fpv4-sp/hard\libc_nano.a(lib_a-strlen.o)
                0x00000000080001d0                strlen
 .text          0x00000000080001e0       0xa0 c:/st/stm32cubeide_1.4.0/stm32cubeide/plugins/com.st.stm32cube.ide.mcu.externaltools.gnu-tools-for-stm32.7-2018-q2-update.win32_1.5.0.202011040924/tools/bin/../lib/gcc/arm-none-eabi/7.3.1/../../../../arm-none-eabi/lib/thumb/v7e-m/fpv4-sp/hard\libc_nano.a(lib_a-memchr.o)
                0x00000000080001e0                memchr
 .text          0x0000000008000280      0x378 c:/st/stm32cubeide_1.4.0/stm32cubeide/plugins/com.st.stm32cube.ide.mcu.externaltools.gnu-tools-for-stm32.7-2018-q2-update.win32_1.5.0.202011040924/tools/bin/../lib/gcc/arm-none-eabi/7.3.1/thumb/v7e-m/fpv4-sp/hard\libgcc.a(_arm_addsubdf3.o)
                0x0000000008000280                __aeabi_drsub
                0x0000000008000288                __aeabi_dsub
                0x0000000008000288                __subdf3
                0x000000000800028c                __aeabi_dadd
                0x000000000800028c                __adddf3
                0x0000000008000504                __floatunsidf
                0x0000000008000504                __aeabi_ui2d
                0x0000000008000524                __floatsidf
                0x0000000008000524                __aeabi_i2d
                0x0000000008000548                __aeabi_f2d
                0x0000000008000548                __extendsfdf2
                0x000000000800058c                __floatundidf
                0x000000000800058c                __aeabi_ul2d
                0x000000000800059c                __floatdidf
                0x000000000800059c                __aeabi_l2d
 .text          0x00000000080005f8      0x424 c:/st/stm32cubeide_1.4.0/stm32cubeide/plugins/com.st.stm32cube.ide.mcu.externaltools.gnu-tools-for-stm32.7-2018-q2-update.win32_1.5.0.202011040924/tools/bin/../lib/gcc/arm-none-eabi/7.3.1/thumb/v7e-m/fpv4-sp/hard\libgcc.a(_arm_muldivdf3.o)
                0x00000000080005f8                __aeabi_dmul
                0x00000000080005f8                __muldf3
                0x000000000800084c                __divdf3
                0x000000000800084c                __aeabi_ddiv
 .text          0x0000000008000a1c      0x110 c:/st/stm32cubeide_1.4.0/stm32cubeide/plugins/com.st.stm32cube.ide.mcu.externaltools.gnu-tools-for-stm32.7-2018-q2-update.win32_1.5.0.202011040924/tools/bin/../lib/gcc/arm-none-eabi/7.3.1/thumb/v7e-m/fpv4-sp/hard\libgcc.a(_arm_cmpdf2.o)
                0x0000000008000a1c                __gtdf2
                0x0000000008000a1c                __gedf2
                0x0000000008000a24                __ltdf2
                0x0000000008000a24                __ledf2
                0x0000000008000a2c                __nedf2
                0x0000000008000a2c                __eqdf2
                0x0000000008000a2c                __cmpdf2
                0x0000000008000aa8                __aeabi_cdrcmple
                0x0000000008000ab8                __aeabi_cdcmpeq
                0x0000000008000ab8                __aeabi_cdcmple
                0x0000000008000ac8                __aeabi_dcmpeq
                0x0000000008000adc                __aeabi_dcmplt
                0x0000000008000af0                __aeabi_dcmple
                0x0000000008000b04                __aeabi_dcmpge
                0x0000000008000b18                __aeabi_dcmpgt
 .text          0x0000000008000b2c       0x2c c:/st/stm32cubeide_1.4.0/stm32cubeide/plugins/com.st.stm32cube.ide.mcu.externaltools.gnu-tools-for-stm32.7-2018-q2-update.win32_1.5.0.202011040924/tools/bin/../lib/gcc/arm-none-eabi/7.3.1/thumb/v7e-m/fpv4-sp/hard\libgcc.a(_arm_unorddf2.o)
                0x0000000008000b2c                __unorddf2
                0x0000000008000b2c                __aeabi_dcmpun
 .text          0x0000000008000b58       0x50 c:/st/stm32cubeide_1.4.0/stm32cubeide/plugins/com.st.stm32cube.ide.mcu.externaltools.gnu-tools-for-stm32.7-2018-q2-update.win32_1.5.0.202011040924/tools/bin/../lib/gcc/arm-none-eabi/7.3.1/thumb/v7e-m/fpv4-sp/hard\libgcc.a(_arm_fixdfsi.o)
                0x0000000008000b58                __aeabi_d2iz
                0x0000000008000b58                __fixdfsi
 .text          0x0000000008000ba8       0x30 c:/st/stm32cubeide_1.4.0/stm32cubeide/plugins/com.st.stm32cube.ide.mcu.externaltools.gnu-tools-for-stm32.7-2018-q2-update.win32_1.5.0.202011040924/tools/bin/../lib/gcc/arm-none-eabi/7.3.1/thumb/v7e-m/fpv4-sp/hard\libgcc.a(_aeabi_uldivmod.o)
                0x0000000008000ba8                __aeabi_uldivmod
 .text          0x0000000008000bd8      0x2cc c:/st/stm32cubeide_1.4.0/stm32cubeide/plugins/com.st.stm32cube.ide.mcu.externaltools.gnu-tools-for-stm32.7-2018-q2-update.win32_1.5.0.202011040924/tools/bin/../lib/gcc/arm-none-eabi/7.3.1/thumb/v7e-m/fpv4-sp/hard\libgcc.a(_udivmoddi4.o)
                0x0000000008000bd8                __udivmoddi4
 .text          0x0000000008000ea4        0x4 c:/st/stm32cubeide_1.4.0/stm32cubeide/plugins/com.st.stm32cube.ide.mcu.externaltools.gnu-tools-for-stm32.7-2018-q2-update.win32_1.5.0.202011040924/tools/bin/../lib/gcc/arm-none-eabi/7.3.1/thumb/v7e-m/fpv4-sp/hard\libgcc.a(_dvmd_tls.o)
                0x0000000008000ea4                __aeabi_idiv0
                0x0000000008000ea4                __aeabi_ldiv0
 *(.text*)
 .text.BMI088_Init
                0x0000000008000ea8      0x230 Core/Src/Drivers/BMI088.o
                0x0000000008000ea8                BMI088_Init
 .text.BMI088_ReadAccRegister
                0x00000000080010d8       0x7c Core/Src/Drivers/BMI088.o
                0x00000000080010d8                BMI088_ReadAccRegister
 .text.BMI088_ReadGyrRegister
                0x0000000008001154       0x78 Core/Src/Drivers/BMI088.o
                0x0000000008001154                BMI088_ReadGyrRegister
 .text.BMI088_WriteAccRegister
                0x00000000080011cc       0x74 Core/Src/Drivers/BMI088.o
                0x00000000080011cc                BMI088_WriteAccRegister
 .text.BMI088_WriteGyrRegister
                0x0000000008001240       0x74 Core/Src/Drivers/BMI088.o
                0x0000000008001240                BMI088_WriteGyrRegister
 .text.BMI088_ReadAccelerometerDMA
                0x00000000080012b4       0x58 Core/Src/Drivers/BMI088.o
                0x00000000080012b4                BMI088_ReadAccelerometerDMA
 .text.BMI088_ReadAccelerometerDMA_Complete
                0x000000000800130c       0xc8 Core/Src/Drivers/BMI088.o
                0x000000000800130c                BMI088_ReadAccelerometerDMA_Complete
 .text.BMI088_ReadGyroscopeDMA
                0x00000000080013d4       0x58 Core/Src/Drivers/BMI088.o
                0x00000000080013d4                BMI088_ReadGyroscopeDMA
 .text.BMI088_ReadGyroscopeDMA_Complete
                0x000000000800142c       0xc8 Core/Src/Drivers/BMI088.o
                0x000000000800142c                BMI088_ReadGyroscopeDMA_Complete
 .text.SPL06_Init
                0x00000000080014f4      0x398 Core/Src/Drivers/SPL06.o
                0x00000000080014f4                SPL06_Init
 .text.SPL06_ReadDMA
                0x000000000800188c       0x4a Core/Src/Drivers/SPL06.o
                0x000000000800188c                SPL06_ReadDMA
 *fill*         0x00000000080018d6        0x2 
 .text.SPL06_ReadDMA_Complete
                0x00000000080018d8      0x190 Core/Src/Drivers/SPL06.o
                0x00000000080018d8                SPL06_ReadDMA_Complete
 .text.FIRFilter_Init
                0x0000000008001a68       0x44 Core/Src/FIRFilter.o
                0x0000000008001a68                FIRFilter_Init
 .text.FIRFilter_Update
                0x0000000008001aac       0xb8 Core/Src/FIRFilter.o
                0x0000000008001aac                FIRFilter_Update
 .text.RCFilter_Init
                0x0000000008001b64       0x7c Core/Src/RCFilter.o
                0x0000000008001b64                RCFilter_Init
 .text.HAL_SPI_TxRxCpltCallback
                0x0000000008001be0       0x74 Core/Src/main.o
                0x0000000008001be0                HAL_SPI_TxRxCpltCallback
 .text.HAL_GPIO_EXTI_Callback
                0x0000000008001c54       0x30 Core/Src/main.o
                0x0000000008001c54                HAL_GPIO_EXTI_Callback
 .text.LED_RGB_Init
                0x0000000008001c84       0x28 Core/Src/main.o
                0x0000000008001c84                LED_RGB_Init
 .text.LED_RGB_SetIntensity
                0x0000000008001cac       0x4c Core/Src/main.o
                0x0000000008001cac                LED_RGB_SetIntensity
 .text.main     0x0000000008001cf8      0x260 Core/Src/main.o
                0x0000000008001cf8                main
 .text.SystemClock_Config
                0x0000000008001f58       0xd4 Core/Src/main.o
                0x0000000008001f58                SystemClock_Config
 .text.MX_SPI1_Init
                0x000000000800202c       0x6c Core/Src/main.o
 .text.MX_SPI3_Init
                0x0000000008002098       0x6c Core/Src/main.o
 .text.MX_TIM3_Init
                0x0000000008002104      0x104 Core/Src/main.o
 .text.MX_TIM4_Init
                0x0000000008002208       0xec Core/Src/main.o
 .text.MX_DMA_Init
                0x00000000080022f4       0x8c Core/Src/main.o
 .text.MX_GPIO_Init
                0x0000000008002380      0x128 Core/Src/main.o
 .text.Error_Handler
                0x00000000080024a8        0xe Core/Src/main.o
                0x00000000080024a8                Error_Handler
 *fill*         0x00000000080024b6        0x2 
 .text.HAL_MspInit
                0x00000000080024b8       0x50 Core/Src/stm32f4xx_hal_msp.o
                0x00000000080024b8                HAL_MspInit
 .text.HAL_SPI_MspInit
                0x0000000008002508      0x2a4 Core/Src/stm32f4xx_hal_msp.o
                0x0000000008002508                HAL_SPI_MspInit
 .text.HAL_TIM_Base_MspInit
                0x00000000080027ac       0x70 Core/Src/stm32f4xx_hal_msp.o
                0x00000000080027ac                HAL_TIM_Base_MspInit
 .text.HAL_TIM_MspPostInit
                0x000000000800281c       0xc0 Core/Src/stm32f4xx_hal_msp.o
                0x000000000800281c                HAL_TIM_MspPostInit
 .text.NMI_Handler
                0x00000000080028dc        0xe Core/Src/stm32f4xx_it.o
                0x00000000080028dc                NMI_Handler
 .text.HardFault_Handler
                0x00000000080028ea        0x6 Core/Src/stm32f4xx_it.o
                0x00000000080028ea                HardFault_Handler
 .text.MemManage_Handler
                0x00000000080028f0        0x6 Core/Src/stm32f4xx_it.o
                0x00000000080028f0                MemManage_Handler
 .text.BusFault_Handler
                0x00000000080028f6        0x6 Core/Src/stm32f4xx_it.o
                0x00000000080028f6                BusFault_Handler
 .text.UsageFault_Handler
                0x00000000080028fc        0x6 Core/Src/stm32f4xx_it.o
                0x00000000080028fc                UsageFault_Handler
 .text.SVC_Handler
                0x0000000008002902        0xe Core/Src/stm32f4xx_it.o
                0x0000000008002902                SVC_Handler
 .text.DebugMon_Handler
                0x0000000008002910        0xe Core/Src/stm32f4xx_it.o
                0x0000000008002910                DebugMon_Handler
 .text.PendSV_Handler
                0x000000000800291e        0xe Core/Src/stm32f4xx_it.o
                0x000000000800291e                PendSV_Handler
 .text.SysTick_Handler
                0x000000000800292c        0xc Core/Src/stm32f4xx_it.o
                0x000000000800292c                SysTick_Handler
 .text.EXTI2_IRQHandler
                0x0000000008002938        0xe Core/Src/stm32f4xx_it.o
                0x0000000008002938                EXTI2_IRQHandler
 .text.EXTI3_IRQHandler
                0x0000000008002946        0xe Core/Src/stm32f4xx_it.o
                0x0000000008002946                EXTI3_IRQHandler
 .text.DMA1_Stream0_IRQHandler
                0x0000000008002954       0x14 Core/Src/stm32f4xx_it.o
                0x0000000008002954                DMA1_Stream0_IRQHandler
 .text.DMA1_Stream5_IRQHandler
                0x0000000008002968       0x14 Core/Src/stm32f4xx_it.o
                0x0000000008002968                DMA1_Stream5_IRQHandler
 .text.SPI1_IRQHandler
                0x000000000800297c       0x14 Core/Src/stm32f4xx_it.o
                0x000000000800297c                SPI1_IRQHandler
 .text.DMA2_Stream0_IRQHandler
                0x0000000008002990       0x14 Core/Src/stm32f4xx_it.o
                0x0000000008002990                DMA2_Stream0_IRQHandler
 .text.DMA2_Stream3_IRQHandler
                0x00000000080029a4       0x14 Core/Src/stm32f4xx_it.o
                0x00000000080029a4                DMA2_Stream3_IRQHandler
 .text.OTG_FS_IRQHandler
                0x00000000080029b8       0x14 Core/Src/stm32f4xx_it.o
                0x00000000080029b8                OTG_FS_IRQHandler
 .text._sbrk    0x00000000080029cc       0x58 Core/Src/sysmem.o
                0x00000000080029cc                _sbrk
 .text.SystemInit
                0x0000000008002a24       0x2c Core/Src/system_stm32f4xx.o
                0x0000000008002a24                SystemInit
 .text.Reset_Handler
                0x0000000008002a50       0x50 Core/Startup/startup_stm32f405rgtx.o
                0x0000000008002a50                Reset_Handler
 .text.Default_Handler
                0x0000000008002aa0        0x2 Core/Startup/startup_stm32f405rgtx.o
                0x0000000008002aa0                RTC_Alarm_IRQHandler
                0x0000000008002aa0                HASH_RNG_IRQHandler
                0x0000000008002aa0                TIM8_CC_IRQHandler
                0x0000000008002aa0                TIM1_CC_IRQHandler
                0x0000000008002aa0                DMA2_Stream5_IRQHandler
                0x0000000008002aa0                PVD_IRQHandler
                0x0000000008002aa0                SDIO_IRQHandler
                0x0000000008002aa0                TAMP_STAMP_IRQHandler
                0x0000000008002aa0                CAN2_RX1_IRQHandler
                0x0000000008002aa0                TIM8_TRG_COM_TIM14_IRQHandler
                0x0000000008002aa0                TIM1_UP_TIM10_IRQHandler
                0x0000000008002aa0                TIM8_UP_TIM13_IRQHandler
                0x0000000008002aa0                I2C3_ER_IRQHandler
                0x0000000008002aa0                EXTI0_IRQHandler
                0x0000000008002aa0                I2C2_EV_IRQHandler
                0x0000000008002aa0                DMA1_Stream2_IRQHandler
                0x0000000008002aa0                CAN1_RX0_IRQHandler
                0x0000000008002aa0                FPU_IRQHandler
                0x0000000008002aa0                OTG_HS_WKUP_IRQHandler
                0x0000000008002aa0                CAN2_SCE_IRQHandler
                0x0000000008002aa0                DMA2_Stream2_IRQHandler
                0x0000000008002aa0                TIM6_DAC_IRQHandler
                0x0000000008002aa0                TIM1_BRK_TIM9_IRQHandler
                0x0000000008002aa0                CAN2_RX0_IRQHandler
                0x0000000008002aa0                USART6_IRQHandler
                0x0000000008002aa0                USART3_IRQHandler
                0x0000000008002aa0                CAN1_RX1_IRQHandler
                0x0000000008002aa0                UART5_IRQHandler
                0x0000000008002aa0                TIM4_IRQHandler
                0x0000000008002aa0                I2C1_EV_IRQHandler
                0x0000000008002aa0                DMA1_Stream6_IRQHandler
                0x0000000008002aa0                DMA1_Stream1_IRQHandler
                0x0000000008002aa0                UART4_IRQHandler
                0x0000000008002aa0                TIM3_IRQHandler
                0x0000000008002aa0                RCC_IRQHandler
                0x0000000008002aa0                TIM8_BRK_TIM12_IRQHandler
                0x0000000008002aa0                Default_Handler
                0x0000000008002aa0                EXTI15_10_IRQHandler
                0x0000000008002aa0                ADC_IRQHandler
                0x0000000008002aa0                DMA1_Stream7_IRQHandler
                0x0000000008002aa0                TIM7_IRQHandler
                0x0000000008002aa0                CAN2_TX_IRQHandler
                0x0000000008002aa0                TIM5_IRQHandler
                0x0000000008002aa0                DMA2_Stream7_IRQHandler
                0x0000000008002aa0                I2C3_EV_IRQHandler
                0x0000000008002aa0                EXTI9_5_IRQHandler
                0x0000000008002aa0                RTC_WKUP_IRQHandler
                0x0000000008002aa0                SPI2_IRQHandler
                0x0000000008002aa0                OTG_HS_EP1_IN_IRQHandler
                0x0000000008002aa0                CAN1_TX_IRQHandler
                0x0000000008002aa0                EXTI4_IRQHandler
                0x0000000008002aa0                FSMC_IRQHandler
                0x0000000008002aa0                OTG_HS_EP1_OUT_IRQHandler
                0x0000000008002aa0                WWDG_IRQHandler
                0x0000000008002aa0                TIM2_IRQHandler
                0x0000000008002aa0                OTG_FS_WKUP_IRQHandler
                0x0000000008002aa0                TIM1_TRG_COM_TIM11_IRQHandler
                0x0000000008002aa0                OTG_HS_IRQHandler
                0x0000000008002aa0                EXTI1_IRQHandler
                0x0000000008002aa0                USART2_IRQHandler
                0x0000000008002aa0                I2C2_ER_IRQHandler
                0x0000000008002aa0                DMA2_Stream1_IRQHandler
                0x0000000008002aa0                CAN1_SCE_IRQHandler
                0x0000000008002aa0                FLASH_IRQHandler
                0x0000000008002aa0                DMA2_Stream4_IRQHandler
                0x0000000008002aa0                USART1_IRQHandler
                0x0000000008002aa0                SPI3_IRQHandler
                0x0000000008002aa0                DMA1_Stream4_IRQHandler
                0x0000000008002aa0                I2C1_ER_IRQHandler
                0x0000000008002aa0                DMA2_Stream6_IRQHandler
                0x0000000008002aa0                DMA1_Stream3_IRQHandler
 *fill*         0x0000000008002aa2        0x2 
 .text.HAL_Init
                0x0000000008002aa4       0x44 Drivers/STM32F4xx_HAL_Driver/Src/stm32f4xx_hal.o
                0x0000000008002aa4                HAL_Init
 .text.HAL_InitTick
                0x0000000008002ae8       0x60 Drivers/STM32F4xx_HAL_Driver/Src/stm32f4xx_hal.o
                0x0000000008002ae8                HAL_InitTick
 .text.HAL_IncTick
                0x0000000008002b48       0x28 Drivers/STM32F4xx_HAL_Driver/Src/stm32f4xx_hal.o
                0x0000000008002b48                HAL_IncTick
 .text.HAL_GetTick
                0x0000000008002b70       0x18 Drivers/STM32F4xx_HAL_Driver/Src/stm32f4xx_hal.o
                0x0000000008002b70                HAL_GetTick
 .text.HAL_Delay
                0x0000000008002b88       0x44 Drivers/STM32F4xx_HAL_Driver/Src/stm32f4xx_hal.o
                0x0000000008002b88                HAL_Delay
 .text.__NVIC_SetPriorityGrouping
                0x0000000008002bcc       0x48 Drivers/STM32F4xx_HAL_Driver/Src/stm32f4xx_hal_cortex.o
 .text.__NVIC_GetPriorityGrouping
                0x0000000008002c14       0x1c Drivers/STM32F4xx_HAL_Driver/Src/stm32f4xx_hal_cortex.o
 .text.__NVIC_EnableIRQ
                0x0000000008002c30       0x3c Drivers/STM32F4xx_HAL_Driver/Src/stm32f4xx_hal_cortex.o
 .text.__NVIC_SetPriority
                0x0000000008002c6c       0x54 Drivers/STM32F4xx_HAL_Driver/Src/stm32f4xx_hal_cortex.o
 .text.NVIC_EncodePriority
                0x0000000008002cc0       0x66 Drivers/STM32F4xx_HAL_Driver/Src/stm32f4xx_hal_cortex.o
 *fill*         0x0000000008002d26        0x2 
 .text.SysTick_Config
                0x0000000008002d28       0x44 Drivers/STM32F4xx_HAL_Driver/Src/stm32f4xx_hal_cortex.o
 .text.HAL_NVIC_SetPriorityGrouping
                0x0000000008002d6c       0x16 Drivers/STM32F4xx_HAL_Driver/Src/stm32f4xx_hal_cortex.o
                0x0000000008002d6c                HAL_NVIC_SetPriorityGrouping
 .text.HAL_NVIC_SetPriority
                0x0000000008002d82       0x38 Drivers/STM32F4xx_HAL_Driver/Src/stm32f4xx_hal_cortex.o
                0x0000000008002d82                HAL_NVIC_SetPriority
 .text.HAL_NVIC_EnableIRQ
                0x0000000008002dba       0x1c Drivers/STM32F4xx_HAL_Driver/Src/stm32f4xx_hal_cortex.o
                0x0000000008002dba                HAL_NVIC_EnableIRQ
 .text.HAL_SYSTICK_Config
                0x0000000008002dd6       0x18 Drivers/STM32F4xx_HAL_Driver/Src/stm32f4xx_hal_cortex.o
                0x0000000008002dd6                HAL_SYSTICK_Config
 *fill*         0x0000000008002dee        0x2 
 .text.HAL_DMA_Init
                0x0000000008002df0      0x15c Drivers/STM32F4xx_HAL_Driver/Src/stm32f4xx_hal_dma.o
                0x0000000008002df0                HAL_DMA_Init
 .text.HAL_DMA_Start_IT
                0x0000000008002f4c       0xb0 Drivers/STM32F4xx_HAL_Driver/Src/stm32f4xx_hal_dma.o
                0x0000000008002f4c                HAL_DMA_Start_IT
 .text.HAL_DMA_Abort_IT
                0x0000000008002ffc       0x44 Drivers/STM32F4xx_HAL_Driver/Src/stm32f4xx_hal_dma.o
                0x0000000008002ffc                HAL_DMA_Abort_IT
 .text.HAL_DMA_IRQHandler
                0x0000000008003040      0x314 Drivers/STM32F4xx_HAL_Driver/Src/stm32f4xx_hal_dma.o
                0x0000000008003040                HAL_DMA_IRQHandler
 .text.DMA_SetConfig
                0x0000000008003354       0x5c Drivers/STM32F4xx_HAL_Driver/Src/stm32f4xx_hal_dma.o
 .text.DMA_CalcBaseAndBitshift
                0x00000000080033b0       0x6c Drivers/STM32F4xx_HAL_Driver/Src/stm32f4xx_hal_dma.o
 .text.DMA_CheckFifoParam
                0x000000000800341c       0xf4 Drivers/STM32F4xx_HAL_Driver/Src/stm32f4xx_hal_dma.o
 .text.HAL_GPIO_Init
                0x0000000008003510      0x334 Drivers/STM32F4xx_HAL_Driver/Src/stm32f4xx_hal_gpio.o
                0x0000000008003510                HAL_GPIO_Init
 .text.HAL_GPIO_WritePin
                0x0000000008003844       0x32 Drivers/STM32F4xx_HAL_Driver/Src/stm32f4xx_hal_gpio.o
                0x0000000008003844                HAL_GPIO_WritePin
 *fill*         0x0000000008003876        0x2 
 .text.HAL_GPIO_EXTI_IRQHandler
                0x0000000008003878       0x30 Drivers/STM32F4xx_HAL_Driver/Src/stm32f4xx_hal_gpio.o
                0x0000000008003878                HAL_GPIO_EXTI_IRQHandler
 .text.HAL_PCD_Init
                0x00000000080038a8      0x23a Drivers/STM32F4xx_HAL_Driver/Src/stm32f4xx_hal_pcd.o
                0x00000000080038a8                HAL_PCD_Init
 .text.HAL_PCD_Start
                0x0000000008003ae2       0x66 Drivers/STM32F4xx_HAL_Driver/Src/stm32f4xx_hal_pcd.o
                0x0000000008003ae2                HAL_PCD_Start
 .text.HAL_PCD_IRQHandler
                0x0000000008003b48      0x764 Drivers/STM32F4xx_HAL_Driver/Src/stm32f4xx_hal_pcd.o
                0x0000000008003b48                HAL_PCD_IRQHandler
 .text.HAL_PCD_SetAddress
                0x00000000080042ac       0x4a Drivers/STM32F4xx_HAL_Driver/Src/stm32f4xx_hal_pcd.o
                0x00000000080042ac                HAL_PCD_SetAddress
 .text.HAL_PCD_EP_Open
                0x00000000080042f6       0xd0 Drivers/STM32F4xx_HAL_Driver/Src/stm32f4xx_hal_pcd.o
                0x00000000080042f6                HAL_PCD_EP_Open
 .text.HAL_PCD_EP_Close
                0x00000000080043c6       0x94 Drivers/STM32F4xx_HAL_Driver/Src/stm32f4xx_hal_pcd.o
                0x00000000080043c6                HAL_PCD_EP_Close
 .text.HAL_PCD_EP_Receive
                0x000000000800445a       0x96 Drivers/STM32F4xx_HAL_Driver/Src/stm32f4xx_hal_pcd.o
                0x000000000800445a                HAL_PCD_EP_Receive
 .text.HAL_PCD_EP_GetRxCount
                0x00000000080044f0       0x30 Drivers/STM32F4xx_HAL_Driver/Src/stm32f4xx_hal_pcd.o
                0x00000000080044f0                HAL_PCD_EP_GetRxCount
 .text.HAL_PCD_EP_Transmit
                0x0000000008004520       0x94 Drivers/STM32F4xx_HAL_Driver/Src/stm32f4xx_hal_pcd.o
                0x0000000008004520                HAL_PCD_EP_Transmit
 .text.HAL_PCD_EP_SetStall
                0x00000000080045b4       0xc8 Drivers/STM32F4xx_HAL_Driver/Src/stm32f4xx_hal_pcd.o
                0x00000000080045b4                HAL_PCD_EP_SetStall
 .text.HAL_PCD_EP_ClrStall
                0x000000000800467c       0xac Drivers/STM32F4xx_HAL_Driver/Src/stm32f4xx_hal_pcd.o
                0x000000000800467c                HAL_PCD_EP_ClrStall
 .text.PCD_WriteEmptyTxFifo
                0x0000000008004728      0x11a Drivers/STM32F4xx_HAL_Driver/Src/stm32f4xx_hal_pcd.o
 *fill*         0x0000000008004842        0x2 
 .text.PCD_EP_OutXfrComplete_int
                0x0000000008004844      0x218 Drivers/STM32F4xx_HAL_Driver/Src/stm32f4xx_hal_pcd.o
 .text.PCD_EP_OutSetupPacket_int
                0x0000000008004a5c       0x8c Drivers/STM32F4xx_HAL_Driver/Src/stm32f4xx_hal_pcd.o
 .text.HAL_PCDEx_SetTxFiFo
                0x0000000008004ae8       0x8e Drivers/STM32F4xx_HAL_Driver/Src/stm32f4xx_hal_pcd_ex.o
                0x0000000008004ae8                HAL_PCDEx_SetTxFiFo
 .text.HAL_PCDEx_SetRxFiFo
                0x0000000008004b76       0x22 Drivers/STM32F4xx_HAL_Driver/Src/stm32f4xx_hal_pcd_ex.o
                0x0000000008004b76                HAL_PCDEx_SetRxFiFo
 .text.HAL_PCDEx_LPM_Callback
                0x0000000008004b98       0x18 Drivers/STM32F4xx_HAL_Driver/Src/stm32f4xx_hal_pcd_ex.o
                0x0000000008004b98                HAL_PCDEx_LPM_Callback
 .text.HAL_RCC_OscConfig
                0x0000000008004bb0      0x4e0 Drivers/STM32F4xx_HAL_Driver/Src/stm32f4xx_hal_rcc.o
                0x0000000008004bb0                HAL_RCC_OscConfig
 .text.HAL_RCC_ClockConfig
                0x0000000008005090      0x1cc Drivers/STM32F4xx_HAL_Driver/Src/stm32f4xx_hal_rcc.o
                0x0000000008005090                HAL_RCC_ClockConfig
 .text.HAL_RCC_GetSysClockFreq
                0x000000000800525c      0x1ac Drivers/STM32F4xx_HAL_Driver/Src/stm32f4xx_hal_rcc.o
                0x000000000800525c                HAL_RCC_GetSysClockFreq
 .text.HAL_RCC_GetHCLKFreq
                0x0000000008005408       0x18 Drivers/STM32F4xx_HAL_Driver/Src/stm32f4xx_hal_rcc.o
                0x0000000008005408                HAL_RCC_GetHCLKFreq
 .text.HAL_SPI_Init
                0x0000000008005420       0xc8 Drivers/STM32F4xx_HAL_Driver/Src/stm32f4xx_hal_spi.o
                0x0000000008005420                HAL_SPI_Init
 .text.HAL_SPI_Transmit
                0x00000000080054e8      0x268 Drivers/STM32F4xx_HAL_Driver/Src/stm32f4xx_hal_spi.o
                0x00000000080054e8                HAL_SPI_Transmit
 .text.HAL_SPI_TransmitReceive
                0x0000000008005750      0x344 Drivers/STM32F4xx_HAL_Driver/Src/stm32f4xx_hal_spi.o
                0x0000000008005750                HAL_SPI_TransmitReceive
 .text.HAL_SPI_TransmitReceive_DMA
                0x0000000008005a94      0x204 Drivers/STM32F4xx_HAL_Driver/Src/stm32f4xx_hal_spi.o
                0x0000000008005a94                HAL_SPI_TransmitReceive_DMA
 .text.HAL_SPI_IRQHandler
                0x0000000008005c98      0x200 Drivers/STM32F4xx_HAL_Driver/Src/stm32f4xx_hal_spi.o
                0x0000000008005c98                HAL_SPI_IRQHandler
 .text.HAL_SPI_RxCpltCallback
                0x0000000008005e98       0x14 Drivers/STM32F4xx_HAL_Driver/Src/stm32f4xx_hal_spi.o
                0x0000000008005e98                HAL_SPI_RxCpltCallback
 .text.HAL_SPI_RxHalfCpltCallback
                0x0000000008005eac       0x14 Drivers/STM32F4xx_HAL_Driver/Src/stm32f4xx_hal_spi.o
                0x0000000008005eac                HAL_SPI_RxHalfCpltCallback
 .text.HAL_SPI_TxRxHalfCpltCallback
                0x0000000008005ec0       0x14 Drivers/STM32F4xx_HAL_Driver/Src/stm32f4xx_hal_spi.o
                0x0000000008005ec0                HAL_SPI_TxRxHalfCpltCallback
 .text.HAL_SPI_ErrorCallback
                0x0000000008005ed4       0x14 Drivers/STM32F4xx_HAL_Driver/Src/stm32f4xx_hal_spi.o
                0x0000000008005ed4                HAL_SPI_ErrorCallback
 .text.HAL_SPI_GetState
                0x0000000008005ee8       0x1c Drivers/STM32F4xx_HAL_Driver/Src/stm32f4xx_hal_spi.o
                0x0000000008005ee8                HAL_SPI_GetState
 .text.SPI_DMAReceiveCplt
                0x0000000008005f04       0xa8 Drivers/STM32F4xx_HAL_Driver/Src/stm32f4xx_hal_spi.o
 .text.SPI_DMATransmitReceiveCplt
                0x0000000008005fac       0x90 Drivers/STM32F4xx_HAL_Driver/Src/stm32f4xx_hal_spi.o
 .text.SPI_DMAHalfReceiveCplt
                0x000000000800603c       0x1c Drivers/STM32F4xx_HAL_Driver/Src/stm32f4xx_hal_spi.o
 .text.SPI_DMAHalfTransmitReceiveCplt
                0x0000000008006058       0x1c Drivers/STM32F4xx_HAL_Driver/Src/stm32f4xx_hal_spi.o
 .text.SPI_DMAError
                0x0000000008006074       0x40 Drivers/STM32F4xx_HAL_Driver/Src/stm32f4xx_hal_spi.o
 .text.SPI_DMAAbortOnError
                0x00000000080060b4       0x28 Drivers/STM32F4xx_HAL_Driver/Src/stm32f4xx_hal_spi.o
 .text.SPI_WaitFlagStateUntilTimeout
                0x00000000080060dc       0xd4 Drivers/STM32F4xx_HAL_Driver/Src/stm32f4xx_hal_spi.o
 .text.SPI_EndRxTransaction
                0x00000000080061b0       0xca Drivers/STM32F4xx_HAL_Driver/Src/stm32f4xx_hal_spi.o
 *fill*         0x000000000800627a        0x2 
 .text.SPI_EndRxTxTransaction
                0x000000000800627c       0x84 Drivers/STM32F4xx_HAL_Driver/Src/stm32f4xx_hal_spi.o
 .text.HAL_TIM_Base_Init
                0x0000000008006300       0x56 Drivers/STM32F4xx_HAL_Driver/Src/stm32f4xx_hal_tim.o
                0x0000000008006300                HAL_TIM_Base_Init
 .text.HAL_TIM_PWM_Init
                0x0000000008006356       0x56 Drivers/STM32F4xx_HAL_Driver/Src/stm32f4xx_hal_tim.o
                0x0000000008006356                HAL_TIM_PWM_Init
 .text.HAL_TIM_PWM_MspInit
                0x00000000080063ac       0x14 Drivers/STM32F4xx_HAL_Driver/Src/stm32f4xx_hal_tim.o
                0x00000000080063ac                HAL_TIM_PWM_MspInit
 .text.HAL_TIM_PWM_Start
                0x00000000080063c0       0x7c Drivers/STM32F4xx_HAL_Driver/Src/stm32f4xx_hal_tim.o
                0x00000000080063c0                HAL_TIM_PWM_Start
 .text.HAL_TIM_PWM_ConfigChannel
                0x000000000800643c      0x18c Drivers/STM32F4xx_HAL_Driver/Src/stm32f4xx_hal_tim.o
                0x000000000800643c                HAL_TIM_PWM_ConfigChannel
 .text.HAL_TIM_ConfigClockSource
                0x00000000080065c8      0x16e Drivers/STM32F4xx_HAL_Driver/Src/stm32f4xx_hal_tim.o
                0x00000000080065c8                HAL_TIM_ConfigClockSource
 *fill*         0x0000000008006736        0x2 
 .text.TIM_Base_SetConfig
                0x0000000008006738      0x140 Drivers/STM32F4xx_HAL_Driver/Src/stm32f4xx_hal_tim.o
                0x0000000008006738                TIM_Base_SetConfig
 .text.TIM_OC1_SetConfig
                0x0000000008006878       0xe0 Drivers/STM32F4xx_HAL_Driver/Src/stm32f4xx_hal_tim.o
 .text.TIM_OC2_SetConfig
                0x0000000008006958       0xec Drivers/STM32F4xx_HAL_Driver/Src/stm32f4xx_hal_tim.o
                0x0000000008006958                TIM_OC2_SetConfig
 .text.TIM_OC3_SetConfig
                0x0000000008006a44       0xe8 Drivers/STM32F4xx_HAL_Driver/Src/stm32f4xx_hal_tim.o
 .text.TIM_OC4_SetConfig
                0x0000000008006b2c       0xac Drivers/STM32F4xx_HAL_Driver/Src/stm32f4xx_hal_tim.o
 .text.TIM_TI1_ConfigInputStage
                0x0000000008006bd8       0x5e Drivers/STM32F4xx_HAL_Driver/Src/stm32f4xx_hal_tim.o
 .text.TIM_TI2_ConfigInputStage
                0x0000000008006c36       0x60 Drivers/STM32F4xx_HAL_Driver/Src/stm32f4xx_hal_tim.o
 .text.TIM_ITRx_SetConfig
                0x0000000008006c96       0x36 Drivers/STM32F4xx_HAL_Driver/Src/stm32f4xx_hal_tim.o
 .text.TIM_ETR_SetConfig
                0x0000000008006ccc       0x40 Drivers/STM32F4xx_HAL_Driver/Src/stm32f4xx_hal_tim.o
                0x0000000008006ccc                TIM_ETR_SetConfig
 .text.TIM_CCxChannelCmd
                0x0000000008006d0c       0x4a Drivers/STM32F4xx_HAL_Driver/Src/stm32f4xx_hal_tim.o
                0x0000000008006d0c                TIM_CCxChannelCmd
 *fill*         0x0000000008006d56        0x2 
 .text.HAL_TIMEx_MasterConfigSynchronization
                0x0000000008006d58       0xf8 Drivers/STM32F4xx_HAL_Driver/Src/stm32f4xx_hal_tim_ex.o
                0x0000000008006d58                HAL_TIMEx_MasterConfigSynchronization
 .text.USB_CoreInit
                0x0000000008006e50       0xc2 Drivers/STM32F4xx_HAL_Driver/Src/stm32f4xx_ll_usb.o
                0x0000000008006e50                USB_CoreInit
 *fill*         0x0000000008006f12        0x2 
 .text.USB_SetTurnaroundTime
                0x0000000008006f14      0x144 Drivers/STM32F4xx_HAL_Driver/Src/stm32f4xx_ll_usb.o
                0x0000000008006f14                USB_SetTurnaroundTime
 .text.USB_EnableGlobalInt
                0x0000000008007058       0x22 Drivers/STM32F4xx_HAL_Driver/Src/stm32f4xx_ll_usb.o
                0x0000000008007058                USB_EnableGlobalInt
 .text.USB_DisableGlobalInt
                0x000000000800707a       0x22 Drivers/STM32F4xx_HAL_Driver/Src/stm32f4xx_ll_usb.o
                0x000000000800707a                USB_DisableGlobalInt
 .text.USB_SetCurrentMode
                0x000000000800709c       0x54 Drivers/STM32F4xx_HAL_Driver/Src/stm32f4xx_ll_usb.o
                0x000000000800709c                USB_SetCurrentMode
 .text.USB_DevInit
                0x00000000080070f0      0x2c8 Drivers/STM32F4xx_HAL_Driver/Src/stm32f4xx_ll_usb.o
                0x00000000080070f0                USB_DevInit
 .text.USB_FlushTxFifo
                0x00000000080073b8       0x4c Drivers/STM32F4xx_HAL_Driver/Src/stm32f4xx_ll_usb.o
                0x00000000080073b8                USB_FlushTxFifo
 .text.USB_FlushRxFifo
                0x0000000008007404       0x44 Drivers/STM32F4xx_HAL_Driver/Src/stm32f4xx_ll_usb.o
                0x0000000008007404                USB_FlushRxFifo
 .text.USB_SetDevSpeed
                0x0000000008007448       0x32 Drivers/STM32F4xx_HAL_Driver/Src/stm32f4xx_ll_usb.o
                0x0000000008007448                USB_SetDevSpeed
 .text.USB_GetDevSpeed
                0x000000000800747a       0x4a Drivers/STM32F4xx_HAL_Driver/Src/stm32f4xx_ll_usb.o
                0x000000000800747a                USB_GetDevSpeed
 .text.USB_ActivateEndpoint
                0x00000000080074c4      0x10e Drivers/STM32F4xx_HAL_Driver/Src/stm32f4xx_ll_usb.o
                0x00000000080074c4                USB_ActivateEndpoint
 *fill*         0x00000000080075d2        0x2 
 .text.USB_DeactivateEndpoint
                0x00000000080075d4      0x1b8 Drivers/STM32F4xx_HAL_Driver/Src/stm32f4xx_ll_usb.o
                0x00000000080075d4                USB_DeactivateEndpoint
 .text.USB_EPStartXfer
                0x000000000800778c      0x488 Drivers/STM32F4xx_HAL_Driver/Src/stm32f4xx_ll_usb.o
                0x000000000800778c                USB_EPStartXfer
 .text.USB_EP0StartXfer
                0x0000000008007c14      0x2a6 Drivers/STM32F4xx_HAL_Driver/Src/stm32f4xx_ll_usb.o
                0x0000000008007c14                USB_EP0StartXfer
 .text.USB_WritePacket
                0x0000000008007eba       0x6a Drivers/STM32F4xx_HAL_Driver/Src/stm32f4xx_ll_usb.o
                0x0000000008007eba                USB_WritePacket
 .text.USB_ReadPacket
                0x0000000008007f24       0x52 Drivers/STM32F4xx_HAL_Driver/Src/stm32f4xx_ll_usb.o
                0x0000000008007f24                USB_ReadPacket
 .text.USB_EPSetStall
                0x0000000008007f76       0xdc Drivers/STM32F4xx_HAL_Driver/Src/stm32f4xx_ll_usb.o
                0x0000000008007f76                USB_EPSetStall
 .text.USB_EPClearStall
                0x0000000008008052       0xcc Drivers/STM32F4xx_HAL_Driver/Src/stm32f4xx_ll_usb.o
                0x0000000008008052                USB_EPClearStall
 .text.USB_SetDevAddress
                0x000000000800811e       0x4c Drivers/STM32F4xx_HAL_Driver/Src/stm32f4xx_ll_usb.o
                0x000000000800811e                USB_SetDevAddress
 .text.USB_DevConnect
                0x000000000800816a       0x42 Drivers/STM32F4xx_HAL_Driver/Src/stm32f4xx_ll_usb.o
                0x000000000800816a                USB_DevConnect
 .text.USB_DevDisconnect
                0x00000000080081ac       0x42 Drivers/STM32F4xx_HAL_Driver/Src/stm32f4xx_ll_usb.o
                0x00000000080081ac                USB_DevDisconnect
 .text.USB_ReadInterrupts
                0x00000000080081ee       0x26 Drivers/STM32F4xx_HAL_Driver/Src/stm32f4xx_ll_usb.o
                0x00000000080081ee                USB_ReadInterrupts
 .text.USB_ReadDevAllOutEpInterrupt
                0x0000000008008214       0x34 Drivers/STM32F4xx_HAL_Driver/Src/stm32f4xx_ll_usb.o
                0x0000000008008214                USB_ReadDevAllOutEpInterrupt
 .text.USB_ReadDevAllInEpInterrupt
                0x0000000008008248       0x34 Drivers/STM32F4xx_HAL_Driver/Src/stm32f4xx_ll_usb.o
                0x0000000008008248                USB_ReadDevAllInEpInterrupt
 .text.USB_ReadDevOutEPInterrupt
                0x000000000800827c       0x3c Drivers/STM32F4xx_HAL_Driver/Src/stm32f4xx_ll_usb.o
                0x000000000800827c                USB_ReadDevOutEPInterrupt
 .text.USB_ReadDevInEPInterrupt
                0x00000000080082b8       0x5c Drivers/STM32F4xx_HAL_Driver/Src/stm32f4xx_ll_usb.o
                0x00000000080082b8                USB_ReadDevInEPInterrupt
 .text.USB_GetMode
                0x0000000008008314       0x1c Drivers/STM32F4xx_HAL_Driver/Src/stm32f4xx_ll_usb.o
                0x0000000008008314                USB_GetMode
 .text.USB_ActivateSetup
                0x0000000008008330       0x46 Drivers/STM32F4xx_HAL_Driver/Src/stm32f4xx_ll_usb.o
                0x0000000008008330                USB_ActivateSetup
 *fill*         0x0000000008008376        0x2 
 .text.USB_EP0_OutStart
                0x0000000008008378       0xbc Drivers/STM32F4xx_HAL_Driver/Src/stm32f4xx_ll_usb.o
                0x0000000008008378                USB_EP0_OutStart
 .text.USB_CoreReset
                0x0000000008008434       0x68 Drivers/STM32F4xx_HAL_Driver/Src/stm32f4xx_ll_usb.o
 .text.USBD_CDC_Init
                0x000000000800849c      0x100 Middlewares/ST/STM32_USB_Device_Library/Class/CDC/Src/usbd_cdc.o
 .text.USBD_CDC_DeInit
                0x000000000800859c       0x78 Middlewares/ST/STM32_USB_Device_Library/Class/CDC/Src/usbd_cdc.o
 .text.USBD_CDC_Setup
                0x0000000008008614      0x178 Middlewares/ST/STM32_USB_Device_Library/Class/CDC/Src/usbd_cdc.o
 .text.USBD_CDC_DataIn
                0x000000000800878c       0xbe Middlewares/ST/STM32_USB_Device_Library/Class/CDC/Src/usbd_cdc.o
 .text.USBD_CDC_DataOut
                0x000000000800884a       0x56 Middlewares/ST/STM32_USB_Device_Library/Class/CDC/Src/usbd_cdc.o
 .text.USBD_CDC_EP0_RxReady
                0x00000000080088a0       0x50 Middlewares/ST/STM32_USB_Device_Library/Class/CDC/Src/usbd_cdc.o
 .text.USBD_CDC_GetFSCfgDesc
                0x00000000080088f0       0x20 Middlewares/ST/STM32_USB_Device_Library/Class/CDC/Src/usbd_cdc.o
 .text.USBD_CDC_GetHSCfgDesc
                0x0000000008008910       0x20 Middlewares/ST/STM32_USB_Device_Library/Class/CDC/Src/usbd_cdc.o
 .text.USBD_CDC_GetOtherSpeedCfgDesc
                0x0000000008008930       0x20 Middlewares/ST/STM32_USB_Device_Library/Class/CDC/Src/usbd_cdc.o
 .text.USBD_CDC_GetDeviceQualifierDescriptor
                0x0000000008008950       0x20 Middlewares/ST/STM32_USB_Device_Library/Class/CDC/Src/usbd_cdc.o
                0x0000000008008950                USBD_CDC_GetDeviceQualifierDescriptor
 .text.USBD_CDC_RegisterInterface
                0x0000000008008970       0x2a Middlewares/ST/STM32_USB_Device_Library/Class/CDC/Src/usbd_cdc.o
                0x0000000008008970                USBD_CDC_RegisterInterface
 .text.USBD_CDC_SetTxBuffer
                0x000000000800899a       0x32 Middlewares/ST/STM32_USB_Device_Library/Class/CDC/Src/usbd_cdc.o
                0x000000000800899a                USBD_CDC_SetTxBuffer
 .text.USBD_CDC_SetRxBuffer
                0x00000000080089cc       0x28 Middlewares/ST/STM32_USB_Device_Library/Class/CDC/Src/usbd_cdc.o
                0x00000000080089cc                USBD_CDC_SetRxBuffer
 .text.USBD_CDC_TransmitPacket
                0x00000000080089f4       0x60 Middlewares/ST/STM32_USB_Device_Library/Class/CDC/Src/usbd_cdc.o
                0x00000000080089f4                USBD_CDC_TransmitPacket
 .text.USBD_CDC_ReceivePacket
                0x0000000008008a54       0x54 Middlewares/ST/STM32_USB_Device_Library/Class/CDC/Src/usbd_cdc.o
                0x0000000008008a54                USBD_CDC_ReceivePacket
 .text.USBD_Init
                0x0000000008008aa8       0x6c Middlewares/ST/STM32_USB_Device_Library/Core/Src/usbd_core.o
                0x0000000008008aa8                USBD_Init
 .text.USBD_RegisterClass
                0x0000000008008b14       0x42 Middlewares/ST/STM32_USB_Device_Library/Core/Src/usbd_core.o
                0x0000000008008b14                USBD_RegisterClass
 .text.USBD_Start
                0x0000000008008b56       0x18 Middlewares/ST/STM32_USB_Device_Library/Core/Src/usbd_core.o
                0x0000000008008b56                USBD_Start
 .text.USBD_RunTestMode
                0x0000000008008b6e       0x16 Middlewares/ST/STM32_USB_Device_Library/Core/Src/usbd_core.o
                0x0000000008008b6e                USBD_RunTestMode
 .text.USBD_SetClassConfig
                0x0000000008008b84       0x38 Middlewares/ST/STM32_USB_Device_Library/Core/Src/usbd_core.o
                0x0000000008008b84                USBD_SetClassConfig
 .text.USBD_ClrClassConfig
                0x0000000008008bbc       0x30 Middlewares/ST/STM32_USB_Device_Library/Core/Src/usbd_core.o
                0x0000000008008bbc                USBD_ClrClassConfig
 .text.USBD_LL_SetupStage
                0x0000000008008bec       0xa6 Middlewares/ST/STM32_USB_Device_Library/Core/Src/usbd_core.o
                0x0000000008008bec                USBD_LL_SetupStage
 .text.USBD_LL_DataOutStage
                0x0000000008008c92       0xc6 Middlewares/ST/STM32_USB_Device_Library/Core/Src/usbd_core.o
                0x0000000008008c92                USBD_LL_DataOutStage
 .text.USBD_LL_DataInStage
                0x0000000008008d58      0x12c Middlewares/ST/STM32_USB_Device_Library/Core/Src/usbd_core.o
                0x0000000008008d58                USBD_LL_DataInStage
 .text.USBD_LL_Reset
                0x0000000008008e84       0x82 Middlewares/ST/STM32_USB_Device_Library/Core/Src/usbd_core.o
                0x0000000008008e84                USBD_LL_Reset
 .text.USBD_LL_SetSpeed
                0x0000000008008f06       0x20 Middlewares/ST/STM32_USB_Device_Library/Core/Src/usbd_core.o
                0x0000000008008f06                USBD_LL_SetSpeed
 .text.USBD_LL_Suspend
                0x0000000008008f26       0x2a Middlewares/ST/STM32_USB_Device_Library/Core/Src/usbd_core.o
                0x0000000008008f26                USBD_LL_Suspend
 .text.USBD_LL_Resume
                0x0000000008008f50       0x2c Middlewares/ST/STM32_USB_Device_Library/Core/Src/usbd_core.o
                0x0000000008008f50                USBD_LL_Resume
 .text.USBD_LL_SOF
                0x0000000008008f7c       0x34 Middlewares/ST/STM32_USB_Device_Library/Core/Src/usbd_core.o
                0x0000000008008f7c                USBD_LL_SOF
 .text.USBD_LL_IsoINIncomplete
                0x0000000008008fb0       0x1a Middlewares/ST/STM32_USB_Device_Library/Core/Src/usbd_core.o
                0x0000000008008fb0                USBD_LL_IsoINIncomplete
 .text.USBD_LL_IsoOUTIncomplete
                0x0000000008008fca       0x1a Middlewares/ST/STM32_USB_Device_Library/Core/Src/usbd_core.o
                0x0000000008008fca                USBD_LL_IsoOUTIncomplete
 .text.USBD_LL_DevConnected
                0x0000000008008fe4       0x16 Middlewares/ST/STM32_USB_Device_Library/Core/Src/usbd_core.o
                0x0000000008008fe4                USBD_LL_DevConnected
 .text.USBD_LL_DevDisconnected
                0x0000000008008ffa       0x38 Middlewares/ST/STM32_USB_Device_Library/Core/Src/usbd_core.o
                0x0000000008008ffa                USBD_LL_DevDisconnected
 .text.SWAPBYTE
                0x0000000008009032       0x3c Middlewares/ST/STM32_USB_Device_Library/Core/Src/usbd_ctlreq.o
 *fill*         0x000000000800906e        0x2 
 .text.USBD_StdDevReq
                0x0000000008009070       0xdc Middlewares/ST/STM32_USB_Device_Library/Core/Src/usbd_ctlreq.o
                0x0000000008009070                USBD_StdDevReq
 .text.USBD_StdItfReq
                0x000000000800914c       0x8c Middlewares/ST/STM32_USB_Device_Library/Core/Src/usbd_ctlreq.o
                0x000000000800914c                USBD_StdItfReq
 .text.USBD_StdEPReq
                0x00000000080091d8      0x2aa Middlewares/ST/STM32_USB_Device_Library/Core/Src/usbd_ctlreq.o
                0x00000000080091d8                USBD_StdEPReq
 *fill*         0x0000000008009482        0x2 
 .text.USBD_GetDescriptor
                0x0000000008009484      0x2d4 Middlewares/ST/STM32_USB_Device_Library/Core/Src/usbd_ctlreq.o
 .text.USBD_SetAddress
                0x0000000008009758       0x84 Middlewares/ST/STM32_USB_Device_Library/Core/Src/usbd_ctlreq.o
 .text.USBD_SetConfig
                0x00000000080097dc      0x148 Middlewares/ST/STM32_USB_Device_Library/Core/Src/usbd_ctlreq.o
 .text.USBD_GetConfig
                0x0000000008009924       0x68 Middlewares/ST/STM32_USB_Device_Library/Core/Src/usbd_ctlreq.o
 .text.USBD_GetStatus
                0x000000000800998c       0x66 Middlewares/ST/STM32_USB_Device_Library/Core/Src/usbd_ctlreq.o
 .text.USBD_SetFeature
                0x00000000080099f2       0x28 Middlewares/ST/STM32_USB_Device_Library/Core/Src/usbd_ctlreq.o
 .text.USBD_ClrFeature
                0x0000000008009a1a       0x42 Middlewares/ST/STM32_USB_Device_Library/Core/Src/usbd_ctlreq.o
 .text.USBD_ParseSetupRequest
                0x0000000008009a5c       0x74 Middlewares/ST/STM32_USB_Device_Library/Core/Src/usbd_ctlreq.o
                0x0000000008009a5c                USBD_ParseSetupRequest
 .text.USBD_CtlError
                0x0000000008009ad0       0x22 Middlewares/ST/STM32_USB_Device_Library/Core/Src/usbd_ctlreq.o
                0x0000000008009ad0                USBD_CtlError
 .text.USBD_GetString
                0x0000000008009af2       0x8c Middlewares/ST/STM32_USB_Device_Library/Core/Src/usbd_ctlreq.o
                0x0000000008009af2                USBD_GetString
 .text.USBD_GetLen
                0x0000000008009b7e       0x34 Middlewares/ST/STM32_USB_Device_Library/Core/Src/usbd_ctlreq.o
 .text.USBD_CtlSendData
                0x0000000008009bb2       0x36 Middlewares/ST/STM32_USB_Device_Library/Core/Src/usbd_ioreq.o
                0x0000000008009bb2                USBD_CtlSendData
 .text.USBD_CtlContinueSendData
                0x0000000008009be8       0x22 Middlewares/ST/STM32_USB_Device_Library/Core/Src/usbd_ioreq.o
                0x0000000008009be8                USBD_CtlContinueSendData
 .text.USBD_CtlPrepareRx
                0x0000000008009c0a       0x3a Middlewares/ST/STM32_USB_Device_Library/Core/Src/usbd_ioreq.o
                0x0000000008009c0a                USBD_CtlPrepareRx
 .text.USBD_CtlContinueRx
                0x0000000008009c44       0x22 Middlewares/ST/STM32_USB_Device_Library/Core/Src/usbd_ioreq.o
                0x0000000008009c44                USBD_CtlContinueRx
 .text.USBD_CtlSendStatus
                0x0000000008009c66       0x26 Middlewares/ST/STM32_USB_Device_Library/Core/Src/usbd_ioreq.o
                0x0000000008009c66                USBD_CtlSendStatus
 .text.USBD_CtlReceiveStatus
                0x0000000008009c8c       0x26 Middlewares/ST/STM32_USB_Device_Library/Core/Src/usbd_ioreq.o
                0x0000000008009c8c                USBD_CtlReceiveStatus
 *fill*         0x0000000008009cb2        0x2 
 .text.MX_USB_DEVICE_Init
                0x0000000008009cb4       0x60 USB_DEVICE/App/usb_device.o
                0x0000000008009cb4                MX_USB_DEVICE_Init
 .text.CDC_Init_FS
                0x0000000008009d14       0x28 USB_DEVICE/App/usbd_cdc_if.o
 .text.CDC_DeInit_FS
                0x0000000008009d3c       0x10 USB_DEVICE/App/usbd_cdc_if.o
 .text.CDC_Control_FS
                0x0000000008009d4c       0xe4 USB_DEVICE/App/usbd_cdc_if.o
 .text.CDC_Receive_FS
                0x0000000008009e30       0x28 USB_DEVICE/App/usbd_cdc_if.o
 .text.CDC_Transmit_FS
                0x0000000008009e58       0x4c USB_DEVICE/App/usbd_cdc_if.o
                0x0000000008009e58                CDC_Transmit_FS
 .text.CDC_TransmitCplt_FS
                0x0000000008009ea4       0x22 USB_DEVICE/App/usbd_cdc_if.o
 *fill*         0x0000000008009ec6        0x2 
 .text.USBD_FS_DeviceDescriptor
                0x0000000008009ec8       0x24 USB_DEVICE/App/usbd_desc.o
                0x0000000008009ec8                USBD_FS_DeviceDescriptor
 .text.USBD_FS_LangIDStrDescriptor
                0x0000000008009eec       0x24 USB_DEVICE/App/usbd_desc.o
                0x0000000008009eec                USBD_FS_LangIDStrDescriptor
 .text.USBD_FS_ProductStrDescriptor
                0x0000000008009f10       0x3c USB_DEVICE/App/usbd_desc.o
                0x0000000008009f10                USBD_FS_ProductStrDescriptor
 .text.USBD_FS_ManufacturerStrDescriptor
                0x0000000008009f4c       0x28 USB_DEVICE/App/usbd_desc.o
                0x0000000008009f4c                USBD_FS_ManufacturerStrDescriptor
 .text.USBD_FS_SerialStrDescriptor
                0x0000000008009f74       0x24 USB_DEVICE/App/usbd_desc.o
                0x0000000008009f74                USBD_FS_SerialStrDescriptor
 .text.USBD_FS_ConfigStrDescriptor
                0x0000000008009f98       0x3c USB_DEVICE/App/usbd_desc.o
                0x0000000008009f98                USBD_FS_ConfigStrDescriptor
 .text.USBD_FS_InterfaceStrDescriptor
                0x0000000008009fd4       0x3c USB_DEVICE/App/usbd_desc.o
                0x0000000008009fd4                USBD_FS_InterfaceStrDescriptor
 .text.Get_SerialNum
                0x000000000800a010       0x58 USB_DEVICE/App/usbd_desc.o
 .text.IntToUnicode
                0x000000000800a068       0x7c USB_DEVICE/App/usbd_desc.o
 .text.HAL_PCD_MspInit
                0x000000000800a0e4       0xa8 USB_DEVICE/Target/usbd_conf.o
                0x000000000800a0e4                HAL_PCD_MspInit
 .text.HAL_PCD_SetupStageCallback
                0x000000000800a18c       0x24 USB_DEVICE/Target/usbd_conf.o
                0x000000000800a18c                HAL_PCD_SetupStageCallback
 .text.HAL_PCD_DataOutStageCallback
                0x000000000800a1b0       0x36 USB_DEVICE/Target/usbd_conf.o
                0x000000000800a1b0                HAL_PCD_DataOutStageCallback
 .text.HAL_PCD_DataInStageCallback
                0x000000000800a1e6       0x34 USB_DEVICE/Target/usbd_conf.o
                0x000000000800a1e6                HAL_PCD_DataInStageCallback
 .text.HAL_PCD_SOFCallback
                0x000000000800a21a       0x1c USB_DEVICE/Target/usbd_conf.o
                0x000000000800a21a                HAL_PCD_SOFCallback
 .text.HAL_PCD_ResetCallback
                0x000000000800a236       0x50 USB_DEVICE/Target/usbd_conf.o
                0x000000000800a236                HAL_PCD_ResetCallback
 *fill*         0x000000000800a286        0x2 
 .text.HAL_PCD_SuspendCallback
                0x000000000800a288       0x4c USB_DEVICE/Target/usbd_conf.o
                0x000000000800a288                HAL_PCD_SuspendCallback
 .text.HAL_PCD_ResumeCallback
                0x000000000800a2d4       0x1c USB_DEVICE/Target/usbd_conf.o
                0x000000000800a2d4                HAL_PCD_ResumeCallback
 .text.HAL_PCD_ISOOUTIncompleteCallback
                0x000000000800a2f0       0x24 USB_DEVICE/Target/usbd_conf.o
                0x000000000800a2f0                HAL_PCD_ISOOUTIncompleteCallback
 .text.HAL_PCD_ISOINIncompleteCallback
                0x000000000800a314       0x24 USB_DEVICE/Target/usbd_conf.o
                0x000000000800a314                HAL_PCD_ISOINIncompleteCallback
 .text.HAL_PCD_ConnectCallback
                0x000000000800a338       0x1c USB_DEVICE/Target/usbd_conf.o
                0x000000000800a338                HAL_PCD_ConnectCallback
 .text.HAL_PCD_DisconnectCallback
                0x000000000800a354       0x1c USB_DEVICE/Target/usbd_conf.o
                0x000000000800a354                HAL_PCD_DisconnectCallback
 .text.USBD_LL_Init
                0x000000000800a370       0x98 USB_DEVICE/Target/usbd_conf.o
                0x000000000800a370                USBD_LL_Init
 .text.USBD_LL_Start
                0x000000000800a408       0x36 USB_DEVICE/Target/usbd_conf.o
                0x000000000800a408                USBD_LL_Start
 .text.USBD_LL_OpenEP
                0x000000000800a43e       0x4c USB_DEVICE/Target/usbd_conf.o
                0x000000000800a43e                USBD_LL_OpenEP
 .text.USBD_LL_CloseEP
                0x000000000800a48a       0x3e USB_DEVICE/Target/usbd_conf.o
                0x000000000800a48a                USBD_LL_CloseEP
 .text.USBD_LL_StallEP
                0x000000000800a4c8       0x3e USB_DEVICE/Target/usbd_conf.o
                0x000000000800a4c8                USBD_LL_StallEP
 .text.USBD_LL_ClearStallEP
                0x000000000800a506       0x3e USB_DEVICE/Target/usbd_conf.o
                0x000000000800a506                USBD_LL_ClearStallEP
 .text.USBD_LL_IsStallEP
                0x000000000800a544       0x58 USB_DEVICE/Target/usbd_conf.o
                0x000000000800a544                USBD_LL_IsStallEP
 .text.USBD_LL_SetUSBAddress
                0x000000000800a59c       0x3e USB_DEVICE/Target/usbd_conf.o
                0x000000000800a59c                USBD_LL_SetUSBAddress
 .text.USBD_LL_Transmit
                0x000000000800a5da       0x42 USB_DEVICE/Target/usbd_conf.o
                0x000000000800a5da                USBD_LL_Transmit
 .text.USBD_LL_PrepareReceive
                0x000000000800a61c       0x42 USB_DEVICE/Target/usbd_conf.o
                0x000000000800a61c                USBD_LL_PrepareReceive
 .text.USBD_LL_GetRxDataSize
                0x000000000800a65e       0x26 USB_DEVICE/Target/usbd_conf.o
                0x000000000800a65e                USBD_LL_GetRxDataSize
 .text.USBD_Get_USB_Status
                0x000000000800a684       0x58 USB_DEVICE/Target/usbd_conf.o
                0x000000000800a684                USBD_Get_USB_Status
 .text.__errno  0x000000000800a6dc        0xc c:/st/stm32cubeide_1.4.0/stm32cubeide/plugins/com.st.stm32cube.ide.mcu.externaltools.gnu-tools-for-stm32.7-2018-q2-update.win32_1.5.0.202011040924/tools/bin/../lib/gcc/arm-none-eabi/7.3.1/../../../../arm-none-eabi/lib/thumb/v7e-m/fpv4-sp/hard\libc_nano.a(lib_a-errno.o)
                0x000000000800a6dc                __errno
 .text.__libc_init_array
                0x000000000800a6e8       0x48 c:/st/stm32cubeide_1.4.0/stm32cubeide/plugins/com.st.stm32cube.ide.mcu.externaltools.gnu-tools-for-stm32.7-2018-q2-update.win32_1.5.0.202011040924/tools/bin/../lib/gcc/arm-none-eabi/7.3.1/../../../../arm-none-eabi/lib/thumb/v7e-m/fpv4-sp/hard\libc_nano.a(lib_a-init.o)
                0x000000000800a6e8                __libc_init_array
 .text.malloc   0x000000000800a730       0x10 c:/st/stm32cubeide_1.4.0/stm32cubeide/plugins/com.st.stm32cube.ide.mcu.externaltools.gnu-tools-for-stm32.7-2018-q2-update.win32_1.5.0.202011040924/tools/bin/../lib/gcc/arm-none-eabi/7.3.1/../../../../arm-none-eabi/lib/thumb/v7e-m/fpv4-sp/hard\libc_nano.a(lib_a-malloc.o)
                0x000000000800a730                malloc
 .text.free     0x000000000800a740       0x10 c:/st/stm32cubeide_1.4.0/stm32cubeide/plugins/com.st.stm32cube.ide.mcu.externaltools.gnu-tools-for-stm32.7-2018-q2-update.win32_1.5.0.202011040924/tools/bin/../lib/gcc/arm-none-eabi/7.3.1/../../../../arm-none-eabi/lib/thumb/v7e-m/fpv4-sp/hard\libc_nano.a(lib_a-malloc.o)
                0x000000000800a740                free
 .text.memset   0x000000000800a750       0x10 c:/st/stm32cubeide_1.4.0/stm32cubeide/plugins/com.st.stm32cube.ide.mcu.externaltools.gnu-tools-for-stm32.7-2018-q2-update.win32_1.5.0.202011040924/tools/bin/../lib/gcc/arm-none-eabi/7.3.1/../../../../arm-none-eabi/lib/thumb/v7e-m/fpv4-sp/hard\libc_nano.a(lib_a-memset.o)
                0x000000000800a750                memset
 .text._free_r  0x000000000800a760       0x9c c:/st/stm32cubeide_1.4.0/stm32cubeide/plugins/com.st.stm32cube.ide.mcu.externaltools.gnu-tools-for-stm32.7-2018-q2-update.win32_1.5.0.202011040924/tools/bin/../lib/gcc/arm-none-eabi/7.3.1/../../../../arm-none-eabi/lib/thumb/v7e-m/fpv4-sp/hard\libc_nano.a(lib_a-nano-freer.o)
                0x000000000800a760                _free_r
 .text._malloc_r
                0x000000000800a7fc       0xb4 c:/st/stm32cubeide_1.4.0/stm32cubeide/plugins/com.st.stm32cube.ide.mcu.externaltools.gnu-tools-for-stm32.7-2018-q2-update.win32_1.5.0.202011040924/tools/bin/../lib/gcc/arm-none-eabi/7.3.1/../../../../arm-none-eabi/lib/thumb/v7e-m/fpv4-sp/hard\libc_nano.a(lib_a-nano-mallocr.o)
                0x000000000800a7fc                _malloc_r
 .text.__cvt    0x000000000800a8b0       0xc2 c:/st/stm32cubeide_1.4.0/stm32cubeide/plugins/com.st.stm32cube.ide.mcu.externaltools.gnu-tools-for-stm32.7-2018-q2-update.win32_1.5.0.202011040924/tools/bin/../lib/gcc/arm-none-eabi/7.3.1/../../../../arm-none-eabi/lib/thumb/v7e-m/fpv4-sp/hard\libc_nano.a(lib_a-nano-vfprintf_float.o)
                0x000000000800a8b0                __cvt
 .text.__exponent
                0x000000000800a972       0x66 c:/st/stm32cubeide_1.4.0/stm32cubeide/plugins/com.st.stm32cube.ide.mcu.externaltools.gnu-tools-for-stm32.7-2018-q2-update.win32_1.5.0.202011040924/tools/bin/../lib/gcc/arm-none-eabi/7.3.1/../../../../arm-none-eabi/lib/thumb/v7e-m/fpv4-sp/hard\libc_nano.a(lib_a-nano-vfprintf_float.o)
                0x000000000800a972                __exponent
 .text._printf_float
                0x000000000800a9d8      0x480 c:/st/stm32cubeide_1.4.0/stm32cubeide/plugins/com.st.stm32cube.ide.mcu.externaltools.gnu-tools-for-stm32.7-2018-q2-update.win32_1.5.0.202011040924/tools/bin/../lib/gcc/arm-none-eabi/7.3.1/../../../../arm-none-eabi/lib/thumb/v7e-m/fpv4-sp/hard\libc_nano.a(lib_a-nano-vfprintf_float.o)
                0x000000000800a9d8                _printf_float
 .text._printf_common
                0x000000000800ae58       0xea c:/st/stm32cubeide_1.4.0/stm32cubeide/plugins/com.st.stm32cube.ide.mcu.externaltools.gnu-tools-for-stm32.7-2018-q2-update.win32_1.5.0.202011040924/tools/bin/../lib/gcc/arm-none-eabi/7.3.1/../../../../arm-none-eabi/lib/thumb/v7e-m/fpv4-sp/hard\libc_nano.a(lib_a-nano-vfprintf_i.o)
                0x000000000800ae58                _printf_common
 *fill*         0x000000000800af42        0x2 
 .text._printf_i
                0x000000000800af44      0x224 c:/st/stm32cubeide_1.4.0/stm32cubeide/plugins/com.st.stm32cube.ide.mcu.externaltools.gnu-tools-for-stm32.7-2018-q2-update.win32_1.5.0.202011040924/tools/bin/../lib/gcc/arm-none-eabi/7.3.1/../../../../arm-none-eabi/lib/thumb/v7e-m/fpv4-sp/hard\libc_nano.a(lib_a-nano-vfprintf_i.o)
                0x000000000800af44                _printf_i
 .text._sbrk_r  0x000000000800b168       0x20 c:/st/stm32cubeide_1.4.0/stm32cubeide/plugins/com.st.stm32cube.ide.mcu.externaltools.gnu-tools-for-stm32.7-2018-q2-update.win32_1.5.0.202011040924/tools/bin/../lib/gcc/arm-none-eabi/7.3.1/../../../../arm-none-eabi/lib/thumb/v7e-m/fpv4-sp/hard\libc_nano.a(lib_a-sbrkr.o)
                0x000000000800b168                _sbrk_r
 .text.sprintf  0x000000000800b188       0x40 c:/st/stm32cubeide_1.4.0/stm32cubeide/plugins/com.st.stm32cube.ide.mcu.externaltools.gnu-tools-for-stm32.7-2018-q2-update.win32_1.5.0.202011040924/tools/bin/../lib/gcc/arm-none-eabi/7.3.1/../../../../arm-none-eabi/lib/thumb/v7e-m/fpv4-sp/hard\libc_nano.a(lib_a-sprintf.o)
                0x000000000800b188                siprintf
                0x000000000800b188                sprintf
 .text.quorem   0x000000000800b1c8      0x118 c:/st/stm32cubeide_1.4.0/stm32cubeide/plugins/com.st.stm32cube.ide.mcu.externaltools.gnu-tools-for-stm32.7-2018-q2-update.win32_1.5.0.202011040924/tools/bin/../lib/gcc/arm-none-eabi/7.3.1/../../../../arm-none-eabi/lib/thumb/v7e-m/fpv4-sp/hard\libc_nano.a(lib_a-dtoa.o)
 .text._dtoa_r  0x000000000800b2e0      0xb70 c:/st/stm32cubeide_1.4.0/stm32cubeide/plugins/com.st.stm32cube.ide.mcu.externaltools.gnu-tools-for-stm32.7-2018-q2-update.win32_1.5.0.202011040924/tools/bin/../lib/gcc/arm-none-eabi/7.3.1/../../../../arm-none-eabi/lib/thumb/v7e-m/fpv4-sp/hard\libc_nano.a(lib_a-dtoa.o)
                0x000000000800b2e0                _dtoa_r
 .text._localeconv_r
                0x000000000800be50       0x1c c:/st/stm32cubeide_1.4.0/stm32cubeide/plugins/com.st.stm32cube.ide.mcu.externaltools.gnu-tools-for-stm32.7-2018-q2-update.win32_1.5.0.202011040924/tools/bin/../lib/gcc/arm-none-eabi/7.3.1/../../../../arm-none-eabi/lib/thumb/v7e-m/fpv4-sp/hard\libc_nano.a(lib_a-localeconv.o)
                0x000000000800be50                _localeconv_r
 .text.memcpy   0x000000000800be6c       0x16 c:/st/stm32cubeide_1.4.0/stm32cubeide/plugins/com.st.stm32cube.ide.mcu.externaltools.gnu-tools-for-stm32.7-2018-q2-update.win32_1.5.0.202011040924/tools/bin/../lib/gcc/arm-none-eabi/7.3.1/../../../../arm-none-eabi/lib/thumb/v7e-m/fpv4-sp/hard\libc_nano.a(lib_a-memcpy-stub.o)
                0x000000000800be6c                memcpy
 .text.__malloc_lock
                0x000000000800be82        0x2 c:/st/stm32cubeide_1.4.0/stm32cubeide/plugins/com.st.stm32cube.ide.mcu.externaltools.gnu-tools-for-stm32.7-2018-q2-update.win32_1.5.0.202011040924/tools/bin/../lib/gcc/arm-none-eabi/7.3.1/../../../../arm-none-eabi/lib/thumb/v7e-m/fpv4-sp/hard\libc_nano.a(lib_a-mlock.o)
                0x000000000800be82                __malloc_lock
 .text.__malloc_unlock
                0x000000000800be84        0x2 c:/st/stm32cubeide_1.4.0/stm32cubeide/plugins/com.st.stm32cube.ide.mcu.externaltools.gnu-tools-for-stm32.7-2018-q2-update.win32_1.5.0.202011040924/tools/bin/../lib/gcc/arm-none-eabi/7.3.1/../../../../arm-none-eabi/lib/thumb/v7e-m/fpv4-sp/hard\libc_nano.a(lib_a-mlock.o)
                0x000000000800be84                __malloc_unlock
 .text._Balloc  0x000000000800be86       0x68 c:/st/stm32cubeide_1.4.0/stm32cubeide/plugins/com.st.stm32cube.ide.mcu.externaltools.gnu-tools-for-stm32.7-2018-q2-update.win32_1.5.0.202011040924/tools/bin/../lib/gcc/arm-none-eabi/7.3.1/../../../../arm-none-eabi/lib/thumb/v7e-m/fpv4-sp/hard\libc_nano.a(lib_a-mprec.o)
                0x000000000800be86                _Balloc
 .text._Bfree   0x000000000800beee       0x2e c:/st/stm32cubeide_1.4.0/stm32cubeide/plugins/com.st.stm32cube.ide.mcu.externaltools.gnu-tools-for-stm32.7-2018-q2-update.win32_1.5.0.202011040924/tools/bin/../lib/gcc/arm-none-eabi/7.3.1/../../../../arm-none-eabi/lib/thumb/v7e-m/fpv4-sp/hard\libc_nano.a(lib_a-mprec.o)
                0x000000000800beee                _Bfree
 .text.__multadd
                0x000000000800bf1c       0x76 c:/st/stm32cubeide_1.4.0/stm32cubeide/plugins/com.st.stm32cube.ide.mcu.externaltools.gnu-tools-for-stm32.7-2018-q2-update.win32_1.5.0.202011040924/tools/bin/../lib/gcc/arm-none-eabi/7.3.1/../../../../arm-none-eabi/lib/thumb/v7e-m/fpv4-sp/hard\libc_nano.a(lib_a-mprec.o)
                0x000000000800bf1c                __multadd
 .text.__hi0bits
                0x000000000800bf92       0x3e c:/st/stm32cubeide_1.4.0/stm32cubeide/plugins/com.st.stm32cube.ide.mcu.externaltools.gnu-tools-for-stm32.7-2018-q2-update.win32_1.5.0.202011040924/tools/bin/../lib/gcc/arm-none-eabi/7.3.1/../../../../arm-none-eabi/lib/thumb/v7e-m/fpv4-sp/hard\libc_nano.a(lib_a-mprec.o)
                0x000000000800bf92                __hi0bits
 .text.__lo0bits
                0x000000000800bfd0       0x5e c:/st/stm32cubeide_1.4.0/stm32cubeide/plugins/com.st.stm32cube.ide.mcu.externaltools.gnu-tools-for-stm32.7-2018-q2-update.win32_1.5.0.202011040924/tools/bin/../lib/gcc/arm-none-eabi/7.3.1/../../../../arm-none-eabi/lib/thumb/v7e-m/fpv4-sp/hard\libc_nano.a(lib_a-mprec.o)
                0x000000000800bfd0                __lo0bits
 .text.__i2b    0x000000000800c02e       0x12 c:/st/stm32cubeide_1.4.0/stm32cubeide/plugins/com.st.stm32cube.ide.mcu.externaltools.gnu-tools-for-stm32.7-2018-q2-update.win32_1.5.0.202011040924/tools/bin/../lib/gcc/arm-none-eabi/7.3.1/../../../../arm-none-eabi/lib/thumb/v7e-m/fpv4-sp/hard\libc_nano.a(lib_a-mprec.o)
                0x000000000800c02e                __i2b
 .text.__multiply
                0x000000000800c040      0x12c c:/st/stm32cubeide_1.4.0/stm32cubeide/plugins/com.st.stm32cube.ide.mcu.externaltools.gnu-tools-for-stm32.7-2018-q2-update.win32_1.5.0.202011040924/tools/bin/../lib/gcc/arm-none-eabi/7.3.1/../../../../arm-none-eabi/lib/thumb/v7e-m/fpv4-sp/hard\libc_nano.a(lib_a-mprec.o)
                0x000000000800c040                __multiply
 .text.__pow5mult
                0x000000000800c16c       0x9c c:/st/stm32cubeide_1.4.0/stm32cubeide/plugins/com.st.stm32cube.ide.mcu.externaltools.gnu-tools-for-stm32.7-2018-q2-update.win32_1.5.0.202011040924/tools/bin/../lib/gcc/arm-none-eabi/7.3.1/../../../../arm-none-eabi/lib/thumb/v7e-m/fpv4-sp/hard\libc_nano.a(lib_a-mprec.o)
                0x000000000800c16c                __pow5mult
 .text.__lshift
                0x000000000800c208       0xa8 c:/st/stm32cubeide_1.4.0/stm32cubeide/plugins/com.st.stm32cube.ide.mcu.externaltools.gnu-tools-for-stm32.7-2018-q2-update.win32_1.5.0.202011040924/tools/bin/../lib/gcc/arm-none-eabi/7.3.1/../../../../arm-none-eabi/lib/thumb/v7e-m/fpv4-sp/hard\libc_nano.a(lib_a-mprec.o)
                0x000000000800c208                __lshift
 .text.__mcmp   0x000000000800c2b0       0x34 c:/st/stm32cubeide_1.4.0/stm32cubeide/plugins/com.st.stm32cube.ide.mcu.externaltools.gnu-tools-for-stm32.7-2018-q2-update.win32_1.5.0.202011040924/tools/bin/../lib/gcc/arm-none-eabi/7.3.1/../../../../arm-none-eabi/lib/thumb/v7e-m/fpv4-sp/hard\libc_nano.a(lib_a-mprec.o)
                0x000000000800c2b0                __mcmp
 .text.__mdiff  0x000000000800c2e4       0xba c:/st/stm32cubeide_1.4.0/stm32cubeide/plugins/com.st.stm32cube.ide.mcu.externaltools.gnu-tools-for-stm32.7-2018-q2-update.win32_1.5.0.202011040924/tools/bin/../lib/gcc/arm-none-eabi/7.3.1/../../../../arm-none-eabi/lib/thumb/v7e-m/fpv4-sp/hard\libc_nano.a(lib_a-mprec.o)
                0x000000000800c2e4                __mdiff
 .text.__d2b    0x000000000800c39e       0x9e c:/st/stm32cubeide_1.4.0/stm32cubeide/plugins/com.st.stm32cube.ide.mcu.externaltools.gnu-tools-for-stm32.7-2018-q2-update.win32_1.5.0.202011040924/tools/bin/../lib/gcc/arm-none-eabi/7.3.1/../../../../arm-none-eabi/lib/thumb/v7e-m/fpv4-sp/hard\libc_nano.a(lib_a-mprec.o)
                0x000000000800c39e                __d2b
 .text._calloc_r
                0x000000000800c43c       0x1c c:/st/stm32cubeide_1.4.0/stm32cubeide/plugins/com.st.stm32cube.ide.mcu.externaltools.gnu-tools-for-stm32.7-2018-q2-update.win32_1.5.0.202011040924/tools/bin/../lib/gcc/arm-none-eabi/7.3.1/../../../../arm-none-eabi/lib/thumb/v7e-m/fpv4-sp/hard\libc_nano.a(lib_a-nano-callocr.o)
                0x000000000800c43c                _calloc_r
 .text.__ssputs_r
                0x000000000800c458       0xb4 c:/st/stm32cubeide_1.4.0/stm32cubeide/plugins/com.st.stm32cube.ide.mcu.externaltools.gnu-tools-for-stm32.7-2018-q2-update.win32_1.5.0.202011040924/tools/bin/../lib/gcc/arm-none-eabi/7.3.1/../../../../arm-none-eabi/lib/thumb/v7e-m/fpv4-sp/hard\libc_nano.a(lib_a-nano-svfprintf.o)
                0x000000000800c458                __ssputs_r
 .text._svfprintf_r
                0x000000000800c50c      0x1f0 c:/st/stm32cubeide_1.4.0/stm32cubeide/plugins/com.st.stm32cube.ide.mcu.externaltools.gnu-tools-for-stm32.7-2018-q2-update.win32_1.5.0.202011040924/tools/bin/../lib/gcc/arm-none-eabi/7.3.1/../../../../arm-none-eabi/lib/thumb/v7e-m/fpv4-sp/hard\libc_nano.a(lib_a-nano-svfprintf.o)
                0x000000000800c50c                _svfiprintf_r
                0x000000000800c50c                _svfprintf_r
 .text.__ascii_mbtowc
                0x000000000800c6fc       0x24 c:/st/stm32cubeide_1.4.0/stm32cubeide/plugins/com.st.stm32cube.ide.mcu.externaltools.gnu-tools-for-stm32.7-2018-q2-update.win32_1.5.0.202011040924/tools/bin/../lib/gcc/arm-none-eabi/7.3.1/../../../../arm-none-eabi/lib/thumb/v7e-m/fpv4-sp/hard\libc_nano.a(lib_a-mbtowc_r.o)
                0x000000000800c6fc                __ascii_mbtowc
 .text.memmove  0x000000000800c720       0x32 c:/st/stm32cubeide_1.4.0/stm32cubeide/plugins/com.st.stm32cube.ide.mcu.externaltools.gnu-tools-for-stm32.7-2018-q2-update.win32_1.5.0.202011040924/tools/bin/../lib/gcc/arm-none-eabi/7.3.1/../../../../arm-none-eabi/lib/thumb/v7e-m/fpv4-sp/hard\libc_nano.a(lib_a-memmove.o)
                0x000000000800c720                memmove
 .text._realloc_r
                0x000000000800c752       0x4c c:/st/stm32cubeide_1.4.0/stm32cubeide/plugins/com.st.stm32cube.ide.mcu.externaltools.gnu-tools-for-stm32.7-2018-q2-update.win32_1.5.0.202011040924/tools/bin/../lib/gcc/arm-none-eabi/7.3.1/../../../../arm-none-eabi/lib/thumb/v7e-m/fpv4-sp/hard\libc_nano.a(lib_a-nano-reallocr.o)
                0x000000000800c752                _realloc_r
 .text.__ascii_wctomb
                0x000000000800c79e       0x1a c:/st/stm32cubeide_1.4.0/stm32cubeide/plugins/com.st.stm32cube.ide.mcu.externaltools.gnu-tools-for-stm32.7-2018-q2-update.win32_1.5.0.202011040924/tools/bin/../lib/gcc/arm-none-eabi/7.3.1/../../../../arm-none-eabi/lib/thumb/v7e-m/fpv4-sp/hard\libc_nano.a(lib_a-wctomb_r.o)
                0x000000000800c79e                __ascii_wctomb
 .text._malloc_usable_size_r
                0x000000000800c7b8       0x10 c:/st/stm32cubeide_1.4.0/stm32cubeide/plugins/com.st.stm32cube.ide.mcu.externaltools.gnu-tools-for-stm32.7-2018-q2-update.win32_1.5.0.202011040924/tools/bin/../lib/gcc/arm-none-eabi/7.3.1/../../../../arm-none-eabi/lib/thumb/v7e-m/fpv4-sp/hard\libc_nano.a(lib_a-nano-msizer.o)
                0x000000000800c7b8                _malloc_usable_size_r
 *(.glue_7)
 .glue_7        0x000000000800c7c8        0x0 linker stubs
 *(.glue_7t)
 .glue_7t       0x000000000800c7c8        0x0 linker stubs
 *(.eh_frame)
 .eh_frame      0x000000000800c7c8        0x0 c:/st/stm32cubeide_1.4.0/stm32cubeide/plugins/com.st.stm32cube.ide.mcu.externaltools.gnu-tools-for-stm32.7-2018-q2-update.win32_1.5.0.202011040924/tools/bin/../lib/gcc/arm-none-eabi/7.3.1/thumb/v7e-m/fpv4-sp/hard/crtbegin.o
 *(.init)
 .init          0x000000000800c7c8        0x4 c:/st/stm32cubeide_1.4.0/stm32cubeide/plugins/com.st.stm32cube.ide.mcu.externaltools.gnu-tools-for-stm32.7-2018-q2-update.win32_1.5.0.202011040924/tools/bin/../lib/gcc/arm-none-eabi/7.3.1/thumb/v7e-m/fpv4-sp/hard/crti.o
                0x000000000800c7c8                _init
 .init          0x000000000800c7cc        0x8 c:/st/stm32cubeide_1.4.0/stm32cubeide/plugins/com.st.stm32cube.ide.mcu.externaltools.gnu-tools-for-stm32.7-2018-q2-update.win32_1.5.0.202011040924/tools/bin/../lib/gcc/arm-none-eabi/7.3.1/thumb/v7e-m/fpv4-sp/hard/crtn.o
 *(.fini)
 .fini          0x000000000800c7d4        0x4 c:/st/stm32cubeide_1.4.0/stm32cubeide/plugins/com.st.stm32cube.ide.mcu.externaltools.gnu-tools-for-stm32.7-2018-q2-update.win32_1.5.0.202011040924/tools/bin/../lib/gcc/arm-none-eabi/7.3.1/thumb/v7e-m/fpv4-sp/hard/crti.o
                0x000000000800c7d4                _fini
 .fini          0x000000000800c7d8        0x8 c:/st/stm32cubeide_1.4.0/stm32cubeide/plugins/com.st.stm32cube.ide.mcu.externaltools.gnu-tools-for-stm32.7-2018-q2-update.win32_1.5.0.202011040924/tools/bin/../lib/gcc/arm-none-eabi/7.3.1/thumb/v7e-m/fpv4-sp/hard/crtn.o
                0x000000000800c7e0                . = ALIGN (0x4)
                0x000000000800c7e0                _etext = .

.vfp11_veneer   0x000000000800c7e0        0x0
 .vfp11_veneer  0x000000000800c7e0        0x0 linker stubs

.v4_bx          0x000000000800c7e0        0x0
 .v4_bx         0x000000000800c7e0        0x0 linker stubs

.iplt           0x000000000800c7e0        0x0
 .iplt          0x000000000800c7e0        0x0 c:/st/stm32cubeide_1.4.0/stm32cubeide/plugins/com.st.stm32cube.ide.mcu.externaltools.gnu-tools-for-stm32.7-2018-q2-update.win32_1.5.0.202011040924/tools/bin/../lib/gcc/arm-none-eabi/7.3.1/thumb/v7e-m/fpv4-sp/hard/crtbegin.o

.rodata         0x000000000800c7e0      0x2e0
                0x000000000800c7e0                . = ALIGN (0x4)
 *(.rodata)
 .rodata        0x000000000800c7e0       0x20 Core/Src/main.o
 .rodata        0x000000000800c800       0x46 USB_DEVICE/App/usbd_desc.o
 *(.rodata*)
 *fill*         0x000000000800c846        0x2 
 .rodata.AHBPrescTable
                0x000000000800c848       0x10 Core/Src/system_stm32f4xx.o
                0x000000000800c848                AHBPrescTable
 .rodata.flagBitshiftOffset.8382
                0x000000000800c858        0x8 Drivers/STM32F4xx_HAL_Driver/Src/stm32f4xx_hal_dma.o
 .rodata._printf_float.str1.1
                0x000000000800c860       0x12 c:/st/stm32cubeide_1.4.0/stm32cubeide/plugins/com.st.stm32cube.ide.mcu.externaltools.gnu-tools-for-stm32.7-2018-q2-update.win32_1.5.0.202011040924/tools/bin/../lib/gcc/arm-none-eabi/7.3.1/../../../../arm-none-eabi/lib/thumb/v7e-m/fpv4-sp/hard\libc_nano.a(lib_a-nano-vfprintf_float.o)
 .rodata._printf_i.str1.1
                0x000000000800c872       0x22 c:/st/stm32cubeide_1.4.0/stm32cubeide/plugins/com.st.stm32cube.ide.mcu.externaltools.gnu-tools-for-stm32.7-2018-q2-update.win32_1.5.0.202011040924/tools/bin/../lib/gcc/arm-none-eabi/7.3.1/../../../../arm-none-eabi/lib/thumb/v7e-m/fpv4-sp/hard\libc_nano.a(lib_a-nano-vfprintf_i.o)
 .rodata._dtoa_r.str1.1
                0x000000000800c894        0xd c:/st/stm32cubeide_1.4.0/stm32cubeide/plugins/com.st.stm32cube.ide.mcu.externaltools.gnu-tools-for-stm32.7-2018-q2-update.win32_1.5.0.202011040924/tools/bin/../lib/gcc/arm-none-eabi/7.3.1/../../../../arm-none-eabi/lib/thumb/v7e-m/fpv4-sp/hard\libc_nano.a(lib_a-dtoa.o)
                                          0xf (size before relaxing)
 *fill*         0x000000000800c8a1        0x7 
 .rodata.__mprec_bigtens
                0x000000000800c8a8       0x28 c:/st/stm32cubeide_1.4.0/stm32cubeide/plugins/com.st.stm32cube.ide.mcu.externaltools.gnu-tools-for-stm32.7-2018-q2-update.win32_1.5.0.202011040924/tools/bin/../lib/gcc/arm-none-eabi/7.3.1/../../../../arm-none-eabi/lib/thumb/v7e-m/fpv4-sp/hard\libc_nano.a(lib_a-mprec.o)
                0x000000000800c8a8                __mprec_bigtens
 .rodata.__mprec_tens
                0x000000000800c8d0       0xc8 c:/st/stm32cubeide_1.4.0/stm32cubeide/plugins/com.st.stm32cube.ide.mcu.externaltools.gnu-tools-for-stm32.7-2018-q2-update.win32_1.5.0.202011040924/tools/bin/../lib/gcc/arm-none-eabi/7.3.1/../../../../arm-none-eabi/lib/thumb/v7e-m/fpv4-sp/hard\libc_nano.a(lib_a-mprec.o)
                0x000000000800c8d0                __mprec_tens
 .rodata.p05.7359
                0x000000000800c998        0xc c:/st/stm32cubeide_1.4.0/stm32cubeide/plugins/com.st.stm32cube.ide.mcu.externaltools.gnu-tools-for-stm32.7-2018-q2-update.win32_1.5.0.202011040924/tools/bin/../lib/gcc/arm-none-eabi/7.3.1/../../../../arm-none-eabi/lib/thumb/v7e-m/fpv4-sp/hard\libc_nano.a(lib_a-mprec.o)
 .rodata._svfprintf_r.str1.1
                0x000000000800c9a4       0x11 c:/st/stm32cubeide_1.4.0/stm32cubeide/plugins/com.st.stm32cube.ide.mcu.externaltools.gnu-tools-for-stm32.7-2018-q2-update.win32_1.5.0.202011040924/tools/bin/../lib/gcc/arm-none-eabi/7.3.1/../../../../arm-none-eabi/lib/thumb/v7e-m/fpv4-sp/hard\libc_nano.a(lib_a-nano-svfprintf.o)
 .rodata._setlocale_r.str1.1
                0x000000000800c9b5        0x8 c:/st/stm32cubeide_1.4.0/stm32cubeide/plugins/com.st.stm32cube.ide.mcu.externaltools.gnu-tools-for-stm32.7-2018-q2-update.win32_1.5.0.202011040924/tools/bin/../lib/gcc/arm-none-eabi/7.3.1/../../../../arm-none-eabi/lib/thumb/v7e-m/fpv4-sp/hard\libc_nano.a(lib_a-locale.o)
                                          0x9 (size before relaxing)
 .rodata.str1.1
                0x000000000800c9bd        0x2 c:/st/stm32cubeide_1.4.0/stm32cubeide/plugins/com.st.stm32cube.ide.mcu.externaltools.gnu-tools-for-stm32.7-2018-q2-update.win32_1.5.0.202011040924/tools/bin/../lib/gcc/arm-none-eabi/7.3.1/../../../../arm-none-eabi/lib/thumb/v7e-m/fpv4-sp/hard\libc_nano.a(lib_a-locale.o)
 .rodata._ctype_
                0x000000000800c9bf      0x101 c:/st/stm32cubeide_1.4.0/stm32cubeide/plugins/com.st.stm32cube.ide.mcu.externaltools.gnu-tools-for-stm32.7-2018-q2-update.win32_1.5.0.202011040924/tools/bin/../lib/gcc/arm-none-eabi/7.3.1/../../../../arm-none-eabi/lib/thumb/v7e-m/fpv4-sp/hard\libc_nano.a(lib_a-ctype_.o)
                0x000000000800c9bf                _ctype_
                0x000000000800cac0                . = ALIGN (0x4)

.ARM.extab      0x000000000800cac0        0x0
                0x000000000800cac0                . = ALIGN (0x4)
 *(.ARM.extab* .gnu.linkonce.armextab.*)
                0x000000000800cac0                . = ALIGN (0x4)

.ARM            0x000000000800cac0        0x8
                0x000000000800cac0                . = ALIGN (0x4)
                0x000000000800cac0                __exidx_start = .
 *(.ARM.exidx*)
 .ARM.exidx     0x000000000800cac0        0x8 c:/st/stm32cubeide_1.4.0/stm32cubeide/plugins/com.st.stm32cube.ide.mcu.externaltools.gnu-tools-for-stm32.7-2018-q2-update.win32_1.5.0.202011040924/tools/bin/../lib/gcc/arm-none-eabi/7.3.1/thumb/v7e-m/fpv4-sp/hard\libgcc.a(_udivmoddi4.o)
                0x000000000800cac8                __exidx_end = .
                0x000000000800cac8                . = ALIGN (0x4)

.rel.dyn        0x000000000800cac8        0x0
 .rel.iplt      0x000000000800cac8        0x0 c:/st/stm32cubeide_1.4.0/stm32cubeide/plugins/com.st.stm32cube.ide.mcu.externaltools.gnu-tools-for-stm32.7-2018-q2-update.win32_1.5.0.202011040924/tools/bin/../lib/gcc/arm-none-eabi/7.3.1/thumb/v7e-m/fpv4-sp/hard/crtbegin.o

.preinit_array  0x000000000800cac8        0x0
                0x000000000800cac8                . = ALIGN (0x4)
                0x000000000800cac8                PROVIDE (__preinit_array_start = .)
 *(.preinit_array*)
                0x000000000800cac8                PROVIDE (__preinit_array_end = .)
                0x000000000800cac8                . = ALIGN (0x4)

.init_array     0x000000000800cac8        0x4
                0x000000000800cac8                . = ALIGN (0x4)
                0x000000000800cac8                PROVIDE (__init_array_start = .)
 *(SORT_BY_NAME(.init_array.*))
 *(.init_array*)
 .init_array    0x000000000800cac8        0x4 c:/st/stm32cubeide_1.4.0/stm32cubeide/plugins/com.st.stm32cube.ide.mcu.externaltools.gnu-tools-for-stm32.7-2018-q2-update.win32_1.5.0.202011040924/tools/bin/../lib/gcc/arm-none-eabi/7.3.1/thumb/v7e-m/fpv4-sp/hard/crtbegin.o
                0x000000000800cacc                PROVIDE (__init_array_end = .)
                0x000000000800cacc                . = ALIGN (0x4)

.fini_array     0x000000000800cacc        0x4
                0x000000000800cacc                . = ALIGN (0x4)
                [!provide]                        PROVIDE (__fini_array_start = .)
 *(SORT_BY_NAME(.fini_array.*))
 *(.fini_array*)
 .fini_array    0x000000000800cacc        0x4 c:/st/stm32cubeide_1.4.0/stm32cubeide/plugins/com.st.stm32cube.ide.mcu.externaltools.gnu-tools-for-stm32.7-2018-q2-update.win32_1.5.0.202011040924/tools/bin/../lib/gcc/arm-none-eabi/7.3.1/thumb/v7e-m/fpv4-sp/hard/crtbegin.o
                [!provide]                        PROVIDE (__fini_array_end = .)
                0x000000000800cad0                . = ALIGN (0x4)
                0x000000000800cad0                _sidata = LOADADDR (.data)

.data           0x0000000020000000      0x380 load address 0x000000000800cad0
                0x0000000020000000                . = ALIGN (0x4)
                0x0000000020000000                _sdata = .
 *(.data)
 *(.data*)
 .data.FIR_IMPULSE_RESPONSE
                0x0000000020000000       0x28 Core/Src/FIRFilter.o
 .data.SystemCoreClock
                0x0000000020000028        0x4 Core/Src/system_stm32f4xx.o
                0x0000000020000028                SystemCoreClock
 .data.uwTickPrio
                0x000000002000002c        0x4 Drivers/STM32F4xx_HAL_Driver/Src/stm32f4xx_hal.o
                0x000000002000002c                uwTickPrio
 .data.uwTickFreq
                0x0000000020000030        0x1 Drivers/STM32F4xx_HAL_Driver/Src/stm32f4xx_hal.o
                0x0000000020000030                uwTickFreq
 *fill*         0x0000000020000031        0x3 
 .data.USBD_CDC_DeviceQualifierDesc
                0x0000000020000034        0xa Middlewares/ST/STM32_USB_Device_Library/Class/CDC/Src/usbd_cdc.o
 *fill*         0x000000002000003e        0x2 
 .data.USBD_CDC
                0x0000000020000040       0x38 Middlewares/ST/STM32_USB_Device_Library/Class/CDC/Src/usbd_cdc.o
                0x0000000020000040                USBD_CDC
 .data.USBD_CDC_CfgHSDesc
                0x0000000020000078       0x43 Middlewares/ST/STM32_USB_Device_Library/Class/CDC/Src/usbd_cdc.o
 *fill*         0x00000000200000bb        0x1 
 .data.USBD_CDC_CfgFSDesc
                0x00000000200000bc       0x43 Middlewares/ST/STM32_USB_Device_Library/Class/CDC/Src/usbd_cdc.o
 *fill*         0x00000000200000ff        0x1 
 .data.USBD_CDC_OtherSpeedCfgDesc
                0x0000000020000100       0x43 Middlewares/ST/STM32_USB_Device_Library/Class/CDC/Src/usbd_cdc.o
 *fill*         0x0000000020000143        0x1 
 .data.lineCoding
                0x0000000020000144        0x7 USB_DEVICE/App/usbd_cdc_if.o
 *fill*         0x000000002000014b        0x1 
 .data.USBD_Interface_fops_FS
                0x000000002000014c       0x14 USB_DEVICE/App/usbd_cdc_if.o
                0x000000002000014c                USBD_Interface_fops_FS
 .data.FS_Desc  0x0000000020000160       0x1c USB_DEVICE/App/usbd_desc.o
                0x0000000020000160                FS_Desc
 .data.USBD_FS_DeviceDesc
                0x000000002000017c       0x12 USB_DEVICE/App/usbd_desc.o
                0x000000002000017c                USBD_FS_DeviceDesc
 *fill*         0x000000002000018e        0x2 
 .data.USBD_LangIDDesc
                0x0000000020000190        0x4 USB_DEVICE/App/usbd_desc.o
                0x0000000020000190                USBD_LangIDDesc
 .data.USBD_StringSerial
                0x0000000020000194       0x1a USB_DEVICE/App/usbd_desc.o
                0x0000000020000194                USBD_StringSerial
 *fill*         0x00000000200001ae        0x2 
 .data._impure_ptr
                0x00000000200001b0        0x4 c:/st/stm32cubeide_1.4.0/stm32cubeide/plugins/com.st.stm32cube.ide.mcu.externaltools.gnu-tools-for-stm32.7-2018-q2-update.win32_1.5.0.202011040924/tools/bin/../lib/gcc/arm-none-eabi/7.3.1/../../../../arm-none-eabi/lib/thumb/v7e-m/fpv4-sp/hard\libc_nano.a(lib_a-impure.o)
                0x00000000200001b0                _impure_ptr
 .data.impure_data
                0x00000000200001b4       0x60 c:/st/stm32cubeide_1.4.0/stm32cubeide/plugins/com.st.stm32cube.ide.mcu.externaltools.gnu-tools-for-stm32.7-2018-q2-update.win32_1.5.0.202011040924/tools/bin/../lib/gcc/arm-none-eabi/7.3.1/../../../../arm-none-eabi/lib/thumb/v7e-m/fpv4-sp/hard\libc_nano.a(lib_a-impure.o)
 .data.__global_locale
                0x0000000020000214      0x16c c:/st/stm32cubeide_1.4.0/stm32cubeide/plugins/com.st.stm32cube.ide.mcu.externaltools.gnu-tools-for-stm32.7-2018-q2-update.win32_1.5.0.202011040924/tools/bin/../lib/gcc/arm-none-eabi/7.3.1/../../../../arm-none-eabi/lib/thumb/v7e-m/fpv4-sp/hard\libc_nano.a(lib_a-locale.o)
                0x0000000020000214                __global_locale
                0x0000000020000380                . = ALIGN (0x4)
                0x0000000020000380                _edata = .

.igot.plt       0x0000000020000380        0x0 load address 0x000000000800ce50
 .igot.plt      0x0000000020000380        0x0 c:/st/stm32cubeide_1.4.0/stm32cubeide/plugins/com.st.stm32cube.ide.mcu.externaltools.gnu-tools-for-stm32.7-2018-q2-update.win32_1.5.0.202011040924/tools/bin/../lib/gcc/arm-none-eabi/7.3.1/thumb/v7e-m/fpv4-sp/hard/crtbegin.o
                0x0000000020000380                . = ALIGN (0x4)

.bss            0x0000000020000380     0x1cd8 load address 0x000000000800ce50
                0x0000000020000380                _sbss = .
                0x0000000020000380                __bss_start__ = _sbss
 *(.bss)
 .bss           0x0000000020000380       0x1c c:/st/stm32cubeide_1.4.0/stm32cubeide/plugins/com.st.stm32cube.ide.mcu.externaltools.gnu-tools-for-stm32.7-2018-q2-update.win32_1.5.0.202011040924/tools/bin/../lib/gcc/arm-none-eabi/7.3.1/thumb/v7e-m/fpv4-sp/hard/crtbegin.o
 *(.bss*)
 .bss.heap_end.6424
                0x000000002000039c        0x4 Core/Src/sysmem.o
 .bss.cfgidx.10279
                0x00000000200003a0        0x1 Middlewares/ST/STM32_USB_Device_Library/Core/Src/usbd_ctlreq.o
 *fill*         0x00000000200003a1        0x3 
 .bss.__malloc_free_list
                0x00000000200003a4        0x4 c:/st/stm32cubeide_1.4.0/stm32cubeide/plugins/com.st.stm32cube.ide.mcu.externaltools.gnu-tools-for-stm32.7-2018-q2-update.win32_1.5.0.202011040924/tools/bin/../lib/gcc/arm-none-eabi/7.3.1/../../../../arm-none-eabi/lib/thumb/v7e-m/fpv4-sp/hard\libc_nano.a(lib_a-nano-mallocr.o)
                0x00000000200003a4                __malloc_free_list
 .bss.__malloc_sbrk_start
                0x00000000200003a8        0x4 c:/st/stm32cubeide_1.4.0/stm32cubeide/plugins/com.st.stm32cube.ide.mcu.externaltools.gnu-tools-for-stm32.7-2018-q2-update.win32_1.5.0.202011040924/tools/bin/../lib/gcc/arm-none-eabi/7.3.1/../../../../arm-none-eabi/lib/thumb/v7e-m/fpv4-sp/hard\libc_nano.a(lib_a-nano-mallocr.o)
                0x00000000200003a8                __malloc_sbrk_start
 *(COMMON)
 COMMON         0x00000000200003ac      0x3cc Core/Src/main.o
                0x00000000200003ac                htim4
                0x00000000200003ec                imu
                0x000000002000043c                barFilterMovingAverage
                0x000000002000046c                htim3
                0x00000000200004ac                hspi3
                0x0000000020000504                hdma_spi3_tx
                0x0000000020000564                lpfGyr
                0x0000000020000594                pitchEstimate_rad
                0x0000000020000598                lpfAcc
                0x00000000200005c8                hspi1
                0x0000000020000620                hdma_spi1_rx
                0x0000000020000680                rollEstimate_rad
                0x0000000020000684                bar
                0x00000000200006b8                hdma_spi1_tx
                0x0000000020000718                hdma_spi3_rx
 COMMON         0x0000000020000778        0x4 Drivers/STM32F4xx_HAL_Driver/Src/stm32f4xx_hal.o
                0x0000000020000778                uwTick
 COMMON         0x000000002000077c      0x2d0 USB_DEVICE/App/usb_device.o
                0x000000002000077c                hUsbDeviceFS
 COMMON         0x0000000020000a4c     0x1000 USB_DEVICE/App/usbd_cdc_if.o
                0x0000000020000a4c                UserRxBufferFS
                0x000000002000124c                UserTxBufferFS
 COMMON         0x0000000020001a4c      0x200 USB_DEVICE/App/usbd_desc.o
                0x0000000020001a4c                USBD_StrDesc
 COMMON         0x0000000020001c4c      0x408 USB_DEVICE/Target/usbd_conf.o
                0x0000000020001c4c                hpcd_USB_OTG_FS