Archive member included to satisfy reference by file (symbol)

c:/st/stm32cubeide_1.1.0/stm32cubeide/plugins/com.st.stm32cube.ide.mcu.externaltools.gnu-tools-for-stm32.7-2018-q2-update.win32_1.0.0.201904181610/tools/bin/../lib/gcc/arm-none-eabi/7.3.1/../../../../arm-none-eabi/lib/thumb/v7e-m/fpv4-sp/hard\libc_nano.a(lib_a-errno.o)
                              Core/Src/syscalls.o (__errno)
c:/st/stm32cubeide_1.1.0/stm32cubeide/plugins/com.st.stm32cube.ide.mcu.externaltools.gnu-tools-for-stm32.7-2018-q2-update.win32_1.0.0.201904181610/tools/bin/../lib/gcc/arm-none-eabi/7.3.1/../../../../arm-none-eabi/lib/thumb/v7e-m/fpv4-sp/hard\libc_nano.a(lib_a-exit.o)
                              c:/st/stm32cubeide_1.1.0/stm32cubeide/plugins/com.st.stm32cube.ide.mcu.externaltools.gnu-tools-for-stm32.7-2018-q2-update.win32_1.0.0.201904181610/tools/bin/../lib/gcc/arm-none-eabi/7.3.1/../../../../arm-none-eabi/lib/thumb/v7e-m/fpv4-sp/hard/crt0.o (exit)
c:/st/stm32cubeide_1.1.0/stm32cubeide/plugins/com.st.stm32cube.ide.mcu.externaltools.gnu-tools-for-stm32.7-2018-q2-update.win32_1.0.0.201904181610/tools/bin/../lib/gcc/arm-none-eabi/7.3.1/../../../../arm-none-eabi/lib/thumb/v7e-m/fpv4-sp/hard\libc_nano.a(lib_a-impure.o)
                              c:/st/stm32cubeide_1.1.0/stm32cubeide/plugins/com.st.stm32cube.ide.mcu.externaltools.gnu-tools-for-stm32.7-2018-q2-update.win32_1.0.0.201904181610/tools/bin/../lib/gcc/arm-none-eabi/7.3.1/../../../../arm-none-eabi/lib/thumb/v7e-m/fpv4-sp/hard\libc_nano.a(lib_a-exit.o) (_global_impure_ptr)
c:/st/stm32cubeide_1.1.0/stm32cubeide/plugins/com.st.stm32cube.ide.mcu.externaltools.gnu-tools-for-stm32.7-2018-q2-update.win32_1.0.0.201904181610/tools/bin/../lib/gcc/arm-none-eabi/7.3.1/../../../../arm-none-eabi/lib/thumb/v7e-m/fpv4-sp/hard\libc_nano.a(lib_a-init.o)
                              c:/st/stm32cubeide_1.1.0/stm32cubeide/plugins/com.st.stm32cube.ide.mcu.externaltools.gnu-tools-for-stm32.7-2018-q2-update.win32_1.0.0.201904181610/tools/bin/../lib/gcc/arm-none-eabi/7.3.1/../../../../arm-none-eabi/lib/thumb/v7e-m/fpv4-sp/hard/crt0.o (__libc_init_array)
c:/st/stm32cubeide_1.1.0/stm32cubeide/plugins/com.st.stm32cube.ide.mcu.externaltools.gnu-tools-for-stm32.7-2018-q2-update.win32_1.0.0.201904181610/tools/bin/../lib/gcc/arm-none-eabi/7.3.1/../../../../arm-none-eabi/lib/thumb/v7e-m/fpv4-sp/hard\libc_nano.a(lib_a-malloc.o)
                              Middlewares/ST/STM32_USB_Device_Library/Class/CDC/Src/usbd_cdc.o (malloc)
c:/st/stm32cubeide_1.1.0/stm32cubeide/plugins/com.st.stm32cube.ide.mcu.externaltools.gnu-tools-for-stm32.7-2018-q2-update.win32_1.0.0.201904181610/tools/bin/../lib/gcc/arm-none-eabi/7.3.1/../../../../arm-none-eabi/lib/thumb/v7e-m/fpv4-sp/hard\libc_nano.a(lib_a-memset.o)
                              c:/st/stm32cubeide_1.1.0/stm32cubeide/plugins/com.st.stm32cube.ide.mcu.externaltools.gnu-tools-for-stm32.7-2018-q2-update.win32_1.0.0.201904181610/tools/bin/../lib/gcc/arm-none-eabi/7.3.1/../../../../arm-none-eabi/lib/thumb/v7e-m/fpv4-sp/hard/crt0.o (memset)
c:/st/stm32cubeide_1.1.0/stm32cubeide/plugins/com.st.stm32cube.ide.mcu.externaltools.gnu-tools-for-stm32.7-2018-q2-update.win32_1.0.0.201904181610/tools/bin/../lib/gcc/arm-none-eabi/7.3.1/../../../../arm-none-eabi/lib/thumb/v7e-m/fpv4-sp/hard\libc_nano.a(lib_a-nano-freer.o)
                              c:/st/stm32cubeide_1.1.0/stm32cubeide/plugins/com.st.stm32cube.ide.mcu.externaltools.gnu-tools-for-stm32.7-2018-q2-update.win32_1.0.0.201904181610/tools/bin/../lib/gcc/arm-none-eabi/7.3.1/../../../../arm-none-eabi/lib/thumb/v7e-m/fpv4-sp/hard\libc_nano.a(lib_a-malloc.o) (_free_r)
c:/st/stm32cubeide_1.1.0/stm32cubeide/plugins/com.st.stm32cube.ide.mcu.externaltools.gnu-tools-for-stm32.7-2018-q2-update.win32_1.0.0.201904181610/tools/bin/../lib/gcc/arm-none-eabi/7.3.1/../../../../arm-none-eabi/lib/thumb/v7e-m/fpv4-sp/hard\libc_nano.a(lib_a-nano-mallocr.o)
                              c:/st/stm32cubeide_1.1.0/stm32cubeide/plugins/com.st.stm32cube.ide.mcu.externaltools.gnu-tools-for-stm32.7-2018-q2-update.win32_1.0.0.201904181610/tools/bin/../lib/gcc/arm-none-eabi/7.3.1/../../../../arm-none-eabi/lib/thumb/v7e-m/fpv4-sp/hard\libc_nano.a(lib_a-malloc.o) (_malloc_r)
c:/st/stm32cubeide_1.1.0/stm32cubeide/plugins/com.st.stm32cube.ide.mcu.externaltools.gnu-tools-for-stm32.7-2018-q2-update.win32_1.0.0.201904181610/tools/bin/../lib/gcc/arm-none-eabi/7.3.1/../../../../arm-none-eabi/lib/thumb/v7e-m/fpv4-sp/hard\libc_nano.a(lib_a-nano-vfprintf_float.o)
                              (_printf_float)
c:/st/stm32cubeide_1.1.0/stm32cubeide/plugins/com.st.stm32cube.ide.mcu.externaltools.gnu-tools-for-stm32.7-2018-q2-update.win32_1.0.0.201904181610/tools/bin/../lib/gcc/arm-none-eabi/7.3.1/../../../../arm-none-eabi/lib/thumb/v7e-m/fpv4-sp/hard\libc_nano.a(lib_a-nano-vfprintf_i.o)
[...]
Memory Configuration

Name             Origin             Length             Attributes
CCMRAM           0x0000000010000000 0x0000000000010000 xrw
RAM              0x0000000020000000 0x0000000000020000 xrw
FLASH            0x0000000008000000 0x0000000000100000 xr
*default*        0x0000000000000000 0xffffffffffffffff

Linker script and memory map

LOAD c:/st/stm32cubeide_1.1.0/stm32cubeide/plugins/com.st.stm32cube.ide.mcu.externaltools.gnu-tools-for-stm32.7-2018-q2-update.win32_1.0.0.201904181610/tools/bin/../lib/gcc/arm-none-eabi/7.3.1/thumb/v7e-m/fpv4-sp/hard/crti.o
LOAD c:/st/stm32cubeide_1.1.0/stm32cubeide/plugins/com.st.stm32cube.ide.mcu.externaltools.gnu-tools-for-stm32.7-2018-q2-update.win32_1.0.0.201904181610/tools/bin/../lib/gcc/arm-none-eabi/7.3.1/thumb/v7e-m/fpv4-sp/hard/crtbegin.o
LOAD c:/st/stm32cubeide_1.1.0/stm32cubeide/plugins/com.st.stm32cube.ide.mcu.externaltools.gnu-tools-for-stm32.7-2018-q2-update.win32_1.0.0.201904181610/tools/bin/../lib/gcc/arm-none-eabi/7.3.1/../../../../arm-none-eabi/lib/thumb/v7e-m/fpv4-sp/hard/crt0.o
LOAD Core/Src/main.o
LOAD Core/Src/stm32f4xx_hal_msp.o
LOAD Core/Src/stm32f4xx_it.o
LOAD Core/Src/syscalls.o
LOAD Core/Src/sysmem.o
LOAD Core/Src/system_stm32f4xx.o
LOAD Core/Startup/startup_stm32f405rgtx.o
LOAD Drivers/STM32F4xx_HAL_Driver/Src/stm32f4xx_hal.o
LOAD Drivers/STM32F4xx_HAL_Driver/Src/stm32f4xx_hal_cortex.o
LOAD Drivers/STM32F4xx_HAL_Driver/Src/stm32f4xx_hal_dma.o
LOAD Drivers/STM32F4xx_HAL_Driver/Src/stm32f4xx_hal_dma_ex.o
LOAD Drivers/STM32F4xx_HAL_Driver/Src/stm32f4xx_hal_exti.o
LOAD Drivers/STM32F4xx_HAL_Driver/Src/stm32f4xx_hal_flash.o
LOAD Drivers/STM32F4xx_HAL_Driver/Src/stm32f4xx_hal_flash_ex.o
LOAD Drivers/STM32F4xx_HAL_Driver/Src/stm32f4xx_hal_flash_ramfunc.o
LOAD Drivers/STM32F4xx_HAL_Driver/Src/stm32f4xx_hal_gpio.o
LOAD Drivers/STM32F4xx_HAL_Driver/Src/stm32f4xx_hal_pcd.o
LOAD Drivers/STM32F4xx_HAL_Driver/Src/stm32f4xx_hal_pcd_ex.o
LOAD Drivers/STM32F4xx_HAL_Driver/Src/stm32f4xx_hal_pwr.o
LOAD Drivers/STM32F4xx_HAL_Driver/Src/stm32f4xx_hal_pwr_ex.o
LOAD Drivers/STM32F4xx_HAL_Driver/Src/stm32f4xx_hal_rcc.o
LOAD Drivers/STM32F4xx_HAL_Driver/Src/stm32f4xx_hal_rcc_ex.o
LOAD Drivers/STM32F4xx_HAL_Driver/Src/stm32f4xx_hal_spi.o
LOAD Drivers/STM32F4xx_HAL_Driver/Src/stm32f4xx_hal_tim.o
LOAD Drivers/STM32F4xx_HAL_Driver/Src/stm32f4xx_hal_tim_ex.o
LOAD Drivers/STM32F4xx_HAL_Driver/Src/stm32f4xx_ll_usb.o
LOAD Middlewares/ST/STM32_USB_Device_Library/Class/CDC/Src/usbd_cdc.o
LOAD Middlewares/ST/STM32_USB_Device_Library/Core/Src/usbd_core.o
LOAD Middlewares/ST/STM32_USB_Device_Library/Core/Src/usbd_ctlreq.o
LOAD Middlewares/ST/STM32_USB_Device_Library/Core/Src/usbd_ioreq.o
LOAD USB_DEVICE/App/usb_device.o
LOAD USB_DEVICE/App/usbd_cdc_if.o
LOAD USB_DEVICE/App/usbd_desc.o
LOAD USB_DEVICE/Target/usbd_conf.o
START GROUP
LOAD c:/st/stm32cubeide_1.1.0/stm32cubeide/plugins/com.st.stm32cube.ide.mcu.externaltools.gnu-tools-for-stm32.7-2018-q2-update.win32_1.0.0.201904181610/tools/bin/../lib/gcc/arm-none-eabi/7.3.1/../../../../arm-none-eabi/lib/thumb/v7e-m/fpv4-sp/hard\libc_nano.a
LOAD c:/st/stm32cubeide_1.1.0/stm32cubeide/plugins/com.st.stm32cube.ide.mcu.externaltools.gnu-tools-for-stm32.7-2018-q2-update.win32_1.0.0.201904181610/tools/bin/../lib/gcc/arm-none-eabi/7.3.1/../../../../arm-none-eabi/lib/thumb/v7e-m/fpv4-sp/hard\libm.a
END GROUP
START GROUP
LOAD c:/st/stm32cubeide_1.1.0/stm32cubeide/plugins/com.st.stm32cube.ide.mcu.externaltools.gnu-tools-for-stm32.7-2018-q2-update.win32_1.0.0.201904181610/tools/bin/../lib/gcc/arm-none-eabi/7.3.1/thumb/v7e-m/fpv4-sp/hard\libgcc.a
LOAD c:/st/stm32cubeide_1.1.0/stm32cubeide/plugins/com.st.stm32cube.ide.mcu.externaltools.gnu-tools-for-stm32.7-2018-q2-update.win32_1.0.0.201904181610/tools/bin/../lib/gcc/arm-none-eabi/7.3.1/../../../../arm-none-eabi/lib/thumb/v7e-m/fpv4-sp/hard\libc_nano.a
END GROUP
START GROUP
LOAD c:/st/stm32cubeide_1.1.0/stm32cubeide/plugins/com.st.stm32cube.ide.mcu.externaltools.gnu-tools-for-stm32.7-2018-q2-update.win32_1.0.0.201904181610/tools/bin/../lib/gcc/arm-none-eabi/7.3.1/thumb/v7e-m/fpv4-sp/hard\libgcc.a
LOAD c:/st/stm32cubeide_1.1.0/stm32cubeide/plugins/com.st.stm32cube.ide.mcu.externaltools.gnu-tools-for-stm32.7-2018-q2-update.win32_1.0.0.201904181610/tools/bin/../lib/gcc/arm-none-eabi/7.3.1/../../../../arm-none-eabi/lib/thumb/v7e-m/fpv4-sp/hard\libc_nano.a
END GROUP
LOAD c:/st/stm32cubeide_1.1.0/stm32cubeide/plugins/com.st.stm32cube.ide.mcu.externaltools.gnu-tools-for-stm32.7-2018-q2-update.win32_1.0.0.201904181610/tools/bin/../lib/gcc/arm-none-eabi/7.3.1/thumb/v7e-m/fpv4-sp/hard/crtend.o
LOAD c:/st/stm32cubeide_1.1.0/stm32cubeide/plugins/com.st.stm32cube.ide.mcu.externaltools.gnu-tools-for-stm32.7-2018-q2-update.win32_1.0.0.201904181610/tools/bin/../lib/gcc/arm-none-eabi/7.3.1/thumb/v7e-m/fpv4-sp/hard/crtn.o
                0x0000000020020000                _estack = (ORIGIN (RAM) + LENGTH (RAM))
                0x0000000000000200                _Min_Heap_Size = 0x200
                0x0000000000000400                _Min_Stack_Size = 0x400

.isr_vector     0x0000000008000000      0x188
                0x0000000008000000                . = ALIGN (0x4)
 *(.isr_vector)
 .isr_vector    0x0000000008000000      0x188 Core/Startup/startup_stm32f405rgtx.o
                0x0000000008000000                g_pfnVectors
                0x0000000008000188                . = ALIGN (0x4)

.text           0x0000000008000188     0xa840
                0x0000000008000188                . = ALIGN (0x4)
 *(.text)
 .text          0x0000000008000188       0x40 c:/st/stm32cubeide_1.1.0/stm32cubeide/plugins/com.st.stm32cube.ide.mcu.externaltools.gnu-tools-for-stm32.7-2018-q2-update.win32_1.0.0.201904181610/tools/bin/../lib/gcc/arm-none-eabi/7.3.1/thumb/v7e-m/fpv4-sp/hard/crtbegin.o
 .text          0x00000000080001c8       0x10 c:/st/stm32cubeide_1.1.0/stm32cubeide/plugins/com.st.stm32cube.ide.mcu.externaltools.gnu-tools-for-stm32.7-2018-q2-update.win32_1.0.0.201904181610/tools/bin/../lib/gcc/arm-none-eabi/7.3.1/../../../../arm-none-eabi/lib/thumb/v7e-m/fpv4-sp/hard\libc_nano.a(lib_a-strlen.o)
                0x00000000080001c8                strlen
 .text          0x00000000080001d8      0x378 c:/st/stm32cubeide_1.1.0/stm32cubeide/plugins/com.st.stm32cube.ide.mcu.externaltools.gnu-tools-for-stm32.7-2018-q2-update.win32_1.0.0.201904181610/tools/bin/../lib/gcc/arm-none-eabi/7.3.1/thumb/v7e-m/fpv4-sp/hard\libgcc.a(_arm_addsubdf3.o)
                0x00000000080001d8                __aeabi_drsub
                0x00000000080001e0                __aeabi_dsub
                0x00000000080001e0                __subdf3
                0x00000000080001e4                __aeabi_dadd
                0x00000000080001e4                __adddf3
                0x000000000800045c                __floatunsidf
                0x000000000800045c                __aeabi_ui2d
                0x000000000800047c                __floatsidf
                0x000000000800047c                __aeabi_i2d
                0x00000000080004a0                __aeabi_f2d
                0x00000000080004a0                __extendsfdf2
                0x00000000080004e4                __floatundidf
                0x00000000080004e4                __aeabi_ul2d
                0x00000000080004f4                __floatdidf
                0x00000000080004f4                __aeabi_l2d
 .text          0x0000000008000550      0x424 c:/st/stm32cubeide_1.1.0/stm32cubeide/plugins/com.st.stm32cube.ide.mcu.externaltools.gnu-tools-for-stm32.7-2018-q2-update.win32_1.0.0.201904181610/tools/bin/../lib/gcc/arm-none-eabi/7.3.1/thumb/v7e-m/fpv4-sp/hard\libgcc.a(_arm_muldivdf3.o)
                0x0000000008000550                __aeabi_dmul
                0x0000000008000550                __muldf3
                0x00000000080007a4                __divdf3
                0x00000000080007a4                __aeabi_ddiv
 .text          0x0000000008000974      0x110 c:/st/stm32cubeide_1.1.0/stm32cubeide/plugins/com.st.stm32cube.ide.mcu.externaltools.gnu-tools-for-stm32.7-2018-q2-update.win32_1.0.0.201904181610/tools/bin/../lib/gcc/arm-none-eabi/7.3.1/thumb/v7e-m/fpv4-sp/hard\libgcc.a(_arm_cmpdf2.o)
                0x0000000008000974                __gtdf2
                0x0000000008000974                __gedf2
                0x000000000800097c                __ltdf2
                0x000000000800097c                __ledf2
                0x0000000008000984                __nedf2
                0x0000000008000984                __eqdf2
                0x0000000008000984                __cmpdf2
                0x0000000008000a00                __aeabi_cdrcmple
                0x0000000008000a10                __aeabi_cdcmpeq
                0x0000000008000a10                __aeabi_cdcmple
                0x0000000008000a20                __aeabi_dcmpeq
                0x0000000008000a34                __aeabi_dcmplt
                0x0000000008000a48                __aeabi_dcmple
                0x0000000008000a5c                __aeabi_dcmpge
                0x0000000008000a70                __aeabi_dcmpgt
 .text          0x0000000008000a84       0x2c c:/st/stm32cubeide_1.1.0/stm32cubeide/plugins/com.st.stm32cube.ide.mcu.externaltools.gnu-tools-for-stm32.7-2018-q2-update.win32_1.0.0.201904181610/tools/bin/../lib/gcc/arm-none-eabi/7.3.1/thumb/v7e-m/fpv4-sp/hard\libgcc.a(_arm_unorddf2.o)
                0x0000000008000a84                __unorddf2
                0x0000000008000a84                __aeabi_dcmpun
 .text          0x0000000008000ab0       0x50 c:/st/stm32cubeide_1.1.0/stm32cubeide/plugins/com.st.stm32cube.ide.mcu.externaltools.gnu-tools-for-stm32.7-2018-q2-update.win32_1.0.0.201904181610/tools/bin/../lib/gcc/arm-none-eabi/7.3.1/thumb/v7e-m/fpv4-sp/hard\libgcc.a(_arm_fixdfsi.o)
                0x0000000008000ab0                __aeabi_d2iz
                0x0000000008000ab0                __fixdfsi
 .text          0x0000000008000b00       0x30 c:/st/stm32cubeide_1.1.0/stm32cubeide/plugins/com.st.stm32cube.ide.mcu.externaltools.gnu-tools-for-stm32.7-2018-q2-update.win32_1.0.0.201904181610/tools/bin/../lib/gcc/arm-none-eabi/7.3.1/thumb/v7e-m/fpv4-sp/hard\libgcc.a(_aeabi_uldivmod.o)
                0x0000000008000b00                __aeabi_uldivmod
 .text          0x0000000008000b30      0x2cc c:/st/stm32cubeide_1.1.0/stm32cubeide/plugins/com.st.stm32cube.ide.mcu.externaltools.gnu-tools-for-stm32.7-2018-q2-update.win32_1.0.0.201904181610/tools/bin/../lib/gcc/arm-none-eabi/7.3.1/thumb/v7e-m/fpv4-sp/hard\libgcc.a(_udivmoddi4.o)
                0x0000000008000b30                __udivmoddi4
 .text          0x0000000008000dfc        0x4 c:/st/stm32cubeide_1.1.0/stm32cubeide/plugins/com.st.stm32cube.ide.mcu.externaltools.gnu-tools-for-stm32.7-2018-q2-update.win32_1.0.0.201904181610/tools/bin/../lib/gcc/arm-none-eabi/7.3.1/thumb/v7e-m/fpv4-sp/hard\libgcc.a(_dvmd_tls.o)
                0x0000000008000dfc                __aeabi_idiv0
                0x0000000008000dfc                __aeabi_ldiv0
 *(.text*)
 .text.BMI088_ReadAccRegister
                0x0000000008000e00       0x7c Core/Src/main.o
                0x0000000008000e00                BMI088_ReadAccRegister
 .text.BMI088_ReadGyrRegister
                0x0000000008000e7c       0x78 Core/Src/main.o
                0x0000000008000e7c                BMI088_ReadGyrRegister
 .text.BMI088_WriteAccRegister
                0x0000000008000ef4       0x74 Core/Src/main.o
                0x0000000008000ef4                BMI088_WriteAccRegister
 .text.BMI088_WriteGyrRegister
                0x0000000008000f68       0x74 Core/Src/main.o
                0x0000000008000f68                BMI088_WriteGyrRegister
 .text.BMI088_Init
                0x0000000008000fdc      0x218 Core/Src/main.o
                0x0000000008000fdc                BMI088_Init
 .text.BMI088_ReadAccelerometer
                0x00000000080011f4       0xe4 Core/Src/main.o
                0x00000000080011f4                BMI088_ReadAccelerometer
 .text.BMI088_ReadGyroscope
                0x00000000080012d8       0xf2 Core/Src/main.o
                0x00000000080012d8                BMI088_ReadGyroscope
 *fill*         0x00000000080013ca        0x2 
 .text.LED_SetIntensity
                0x00000000080013cc       0x40 Core/Src/main.o
                0x00000000080013cc                LED_SetIntensity
 .text.LED_Initialise
                0x000000000800140c       0x34 Core/Src/main.o
                0x000000000800140c                LED_Initialise
 .text.HAL_GPIO_EXTI_Callback
                0x0000000008001440       0x30 Core/Src/main.o
                0x0000000008001440                HAL_GPIO_EXTI_Callback
 .text.main     0x0000000008001470       0x98 Core/Src/main.o
                0x0000000008001470                main
 .text.SystemClock_Config
                0x0000000008001508       0xd4 Core/Src/main.o
                0x0000000008001508                SystemClock_Config
 .text.MX_SPI1_Init
                0x00000000080015dc       0x6c Core/Src/main.o
 .text.MX_SPI3_Init
                0x0000000008001648       0x6c Core/Src/main.o
 .text.MX_TIM3_Init
                0x00000000080016b4      0x104 Core/Src/main.o
 .text.MX_TIM4_Init
                0x00000000080017b8       0xec Core/Src/main.o
 .text.MX_GPIO_Init
                0x00000000080018a4      0x128 Core/Src/main.o
 .text.Error_Handler
                0x00000000080019cc        0xe Core/Src/main.o
                0x00000000080019cc                Error_Handler
 *fill*         0x00000000080019da        0x2 
 .text.HAL_MspInit
                0x00000000080019dc       0x50 Core/Src/stm32f4xx_hal_msp.o
                0x00000000080019dc                HAL_MspInit
 .text.HAL_SPI_MspInit
                0x0000000008001a2c      0x10c Core/Src/stm32f4xx_hal_msp.o
                0x0000000008001a2c                HAL_SPI_MspInit
 .text.HAL_TIM_Base_MspInit
                0x0000000008001b38       0x70 Core/Src/stm32f4xx_hal_msp.o
                0x0000000008001b38                HAL_TIM_Base_MspInit
 .text.HAL_TIM_MspPostInit
                0x0000000008001ba8       0xc0 Core/Src/stm32f4xx_hal_msp.o
                0x0000000008001ba8                HAL_TIM_MspPostInit
 .text.NMI_Handler
                0x0000000008001c68        0xe Core/Src/stm32f4xx_it.o
                0x0000000008001c68                NMI_Handler
 .text.HardFault_Handler
                0x0000000008001c76        0x6 Core/Src/stm32f4xx_it.o
                0x0000000008001c76                HardFault_Handler
 .text.MemManage_Handler
                0x0000000008001c7c        0x6 Core/Src/stm32f4xx_it.o
                0x0000000008001c7c                MemManage_Handler
 .text.BusFault_Handler
                0x0000000008001c82        0x6 Core/Src/stm32f4xx_it.o
                0x0000000008001c82                BusFault_Handler
 .text.UsageFault_Handler
                0x0000000008001c88        0x6 Core/Src/stm32f4xx_it.o
                0x0000000008001c88                UsageFault_Handler
 .text.SVC_Handler
                0x0000000008001c8e        0xe Core/Src/stm32f4xx_it.o
                0x0000000008001c8e                SVC_Handler
 .text.DebugMon_Handler
                0x0000000008001c9c        0xe Core/Src/stm32f4xx_it.o
                0x0000000008001c9c                DebugMon_Handler
 .text.PendSV_Handler
                0x0000000008001caa        0xe Core/Src/stm32f4xx_it.o
                0x0000000008001caa                PendSV_Handler
 .text.SysTick_Handler
                0x0000000008001cb8        0xc Core/Src/stm32f4xx_it.o
                0x0000000008001cb8                SysTick_Handler
 .text.EXTI2_IRQHandler
                0x0000000008001cc4        0xe Core/Src/stm32f4xx_it.o
                0x0000000008001cc4                EXTI2_IRQHandler
 .text.EXTI3_IRQHandler
                0x0000000008001cd2        0xe Core/Src/stm32f4xx_it.o
                0x0000000008001cd2                EXTI3_IRQHandler
 .text.SPI1_IRQHandler
                0x0000000008001ce0       0x14 Core/Src/stm32f4xx_it.o
                0x0000000008001ce0                SPI1_IRQHandler
 .text.OTG_FS_IRQHandler
                0x0000000008001cf4       0x14 Core/Src/stm32f4xx_it.o
                0x0000000008001cf4                OTG_FS_IRQHandler
 .text._sbrk    0x0000000008001d08       0x58 Core/Src/sysmem.o
                0x0000000008001d08                _sbrk
 .text.SystemInit
                0x0000000008001d60       0x2c Core/Src/system_stm32f4xx.o
                0x0000000008001d60                SystemInit
 .text.Reset_Handler
                0x0000000008001d8c       0x50 Core/Startup/startup_stm32f405rgtx.o
                0x0000000008001d8c                Reset_Handler
 .text.Default_Handler
                0x0000000008001ddc        0x2 Core/Startup/startup_stm32f405rgtx.o
                0x0000000008001ddc                RTC_Alarm_IRQHandler
                0x0000000008001ddc                HASH_RNG_IRQHandler
                0x0000000008001ddc                TIM8_CC_IRQHandler
                0x0000000008001ddc                TIM1_CC_IRQHandler
                0x0000000008001ddc                DMA2_Stream5_IRQHandler
                0x0000000008001ddc                DMA1_Stream5_IRQHandler
                0x0000000008001ddc                PVD_IRQHandler
                0x0000000008001ddc                SDIO_IRQHandler
                0x0000000008001ddc                TAMP_STAMP_IRQHandler
                0x0000000008001ddc                CAN2_RX1_IRQHandler
                0x0000000008001ddc                TIM8_TRG_COM_TIM14_IRQHandler
                0x0000000008001ddc                TIM1_UP_TIM10_IRQHandler
                0x0000000008001ddc                TIM8_UP_TIM13_IRQHandler
                0x0000000008001ddc                I2C3_ER_IRQHandler
                0x0000000008001ddc                EXTI0_IRQHandler
                0x0000000008001ddc                I2C2_EV_IRQHandler
                0x0000000008001ddc                DMA1_Stream2_IRQHandler
                0x0000000008001ddc                CAN1_RX0_IRQHandler
                0x0000000008001ddc                FPU_IRQHandler
                0x0000000008001ddc                OTG_HS_WKUP_IRQHandler
                0x0000000008001ddc                CAN2_SCE_IRQHandler
                0x0000000008001ddc                DMA2_Stream2_IRQHandler
                0x0000000008001ddc                TIM6_DAC_IRQHandler
                0x0000000008001ddc                TIM1_BRK_TIM9_IRQHandler
                0x0000000008001ddc                CAN2_RX0_IRQHandler
                0x0000000008001ddc                DMA2_Stream3_IRQHandler
                0x0000000008001ddc                USART6_IRQHandler
                0x0000000008001ddc                USART3_IRQHandler
                0x0000000008001ddc                CAN1_RX1_IRQHandler
                0x0000000008001ddc                UART5_IRQHandler
                0x0000000008001ddc                DMA2_Stream0_IRQHandler
                0x0000000008001ddc                TIM4_IRQHandler
                0x0000000008001ddc                I2C1_EV_IRQHandler
                0x0000000008001ddc                DMA1_Stream6_IRQHandler
                0x0000000008001ddc                DMA1_Stream1_IRQHandler
                0x0000000008001ddc                UART4_IRQHandler
                0x0000000008001ddc                TIM3_IRQHandler
                0x0000000008001ddc                RCC_IRQHandler
                0x0000000008001ddc                TIM8_BRK_TIM12_IRQHandler
                0x0000000008001ddc                Default_Handler
                0x0000000008001ddc                EXTI15_10_IRQHandler
                0x0000000008001ddc                ADC_IRQHandler
                0x0000000008001ddc                DMA1_Stream7_IRQHandler
                0x0000000008001ddc                TIM7_IRQHandler
                0x0000000008001ddc                CAN2_TX_IRQHandler
                0x0000000008001ddc                TIM5_IRQHandler
                0x0000000008001ddc                DMA2_Stream7_IRQHandler
                0x0000000008001ddc                I2C3_EV_IRQHandler
                0x0000000008001ddc                EXTI9_5_IRQHandler
                0x0000000008001ddc                RTC_WKUP_IRQHandler
                0x0000000008001ddc                SPI2_IRQHandler
                0x0000000008001ddc                OTG_HS_EP1_IN_IRQHandler
                0x0000000008001ddc                DMA1_Stream0_IRQHandler
                0x0000000008001ddc                CAN1_TX_IRQHandler
                0x0000000008001ddc                EXTI4_IRQHandler
                0x0000000008001ddc                FSMC_IRQHandler
                0x0000000008001ddc                OTG_HS_EP1_OUT_IRQHandler
                0x0000000008001ddc                WWDG_IRQHandler
                0x0000000008001ddc                TIM2_IRQHandler
                0x0000000008001ddc                OTG_FS_WKUP_IRQHandler
                0x0000000008001ddc                TIM1_TRG_COM_TIM11_IRQHandler
                0x0000000008001ddc                OTG_HS_IRQHandler
                0x0000000008001ddc                EXTI1_IRQHandler
                0x0000000008001ddc                USART2_IRQHandler
                0x0000000008001ddc                I2C2_ER_IRQHandler
                0x0000000008001ddc                DMA2_Stream1_IRQHandler
                0x0000000008001ddc                CAN1_SCE_IRQHandler
                0x0000000008001ddc                FLASH_IRQHandler
                0x0000000008001ddc                DMA2_Stream4_IRQHandler
                0x0000000008001ddc                USART1_IRQHandler
                0x0000000008001ddc                SPI3_IRQHandler
                0x0000000008001ddc                DMA1_Stream4_IRQHandler
                0x0000000008001ddc                I2C1_ER_IRQHandler
                0x0000000008001ddc                DMA2_Stream6_IRQHandler
                0x0000000008001ddc                DMA1_Stream3_IRQHandler
 *fill*         0x0000000008001dde        0x2 
 .text.HAL_Init
                0x0000000008001de0       0x44 Drivers/STM32F4xx_HAL_Driver/Src/stm32f4xx_hal.o
                0x0000000008001de0                HAL_Init
 .text.HAL_InitTick
                0x0000000008001e24       0x60 Drivers/STM32F4xx_HAL_Driver/Src/stm32f4xx_hal.o
                0x0000000008001e24                HAL_InitTick
 .text.HAL_IncTick
                0x0000000008001e84       0x28 Drivers/STM32F4xx_HAL_Driver/Src/stm32f4xx_hal.o
                0x0000000008001e84                HAL_IncTick
 .text.HAL_GetTick
                0x0000000008001eac       0x18 Drivers/STM32F4xx_HAL_Driver/Src/stm32f4xx_hal.o
                0x0000000008001eac                HAL_GetTick
 .text.HAL_Delay
                0x0000000008001ec4       0x44 Drivers/STM32F4xx_HAL_Driver/Src/stm32f4xx_hal.o
                0x0000000008001ec4                HAL_Delay
 .text.__NVIC_SetPriorityGrouping
                0x0000000008001f08       0x48 Drivers/STM32F4xx_HAL_Driver/Src/stm32f4xx_hal_cortex.o
 .text.__NVIC_GetPriorityGrouping
                0x0000000008001f50       0x1c Drivers/STM32F4xx_HAL_Driver/Src/stm32f4xx_hal_cortex.o
 .text.__NVIC_EnableIRQ
                0x0000000008001f6c       0x3c Drivers/STM32F4xx_HAL_Driver/Src/stm32f4xx_hal_cortex.o
 .text.__NVIC_SetPriority
                0x0000000008001fa8       0x54 Drivers/STM32F4xx_HAL_Driver/Src/stm32f4xx_hal_cortex.o
 .text.NVIC_EncodePriority
                0x0000000008001ffc       0x66 Drivers/STM32F4xx_HAL_Driver/Src/stm32f4xx_hal_cortex.o
 *fill*         0x0000000008002062        0x2 
 .text.SysTick_Config
                0x0000000008002064       0x44 Drivers/STM32F4xx_HAL_Driver/Src/stm32f4xx_hal_cortex.o
 .text.HAL_NVIC_SetPriorityGrouping
                0x00000000080020a8       0x16 Drivers/STM32F4xx_HAL_Driver/Src/stm32f4xx_hal_cortex.o
                0x00000000080020a8                HAL_NVIC_SetPriorityGrouping
 .text.HAL_NVIC_SetPriority
                0x00000000080020be       0x38 Drivers/STM32F4xx_HAL_Driver/Src/stm32f4xx_hal_cortex.o
                0x00000000080020be                HAL_NVIC_SetPriority
 .text.HAL_NVIC_EnableIRQ
                0x00000000080020f6       0x1c Drivers/STM32F4xx_HAL_Driver/Src/stm32f4xx_hal_cortex.o
                0x00000000080020f6                HAL_NVIC_EnableIRQ
 .text.HAL_SYSTICK_Config
                0x0000000008002112       0x18 Drivers/STM32F4xx_HAL_Driver/Src/stm32f4xx_hal_cortex.o
                0x0000000008002112                HAL_SYSTICK_Config
 .text.HAL_DMA_Abort_IT
                0x000000000800212a       0x44 Drivers/STM32F4xx_HAL_Driver/Src/stm32f4xx_hal_dma.o
                0x000000000800212a                HAL_DMA_Abort_IT
 *fill*         0x000000000800216e        0x2 
 .text.HAL_GPIO_Init
                0x0000000008002170      0x334 Drivers/STM32F4xx_HAL_Driver/Src/stm32f4xx_hal_gpio.o
                0x0000000008002170                HAL_GPIO_Init
 .text.HAL_GPIO_WritePin
                0x00000000080024a4       0x32 Drivers/STM32F4xx_HAL_Driver/Src/stm32f4xx_hal_gpio.o
                0x00000000080024a4                HAL_GPIO_WritePin
 *fill*         0x00000000080024d6        0x2 
 .text.HAL_GPIO_EXTI_IRQHandler
                0x00000000080024d8       0x30 Drivers/STM32F4xx_HAL_Driver/Src/stm32f4xx_hal_gpio.o
                0x00000000080024d8                HAL_GPIO_EXTI_IRQHandler
 .text.HAL_PCD_Init
                0x0000000008002508      0x23a Drivers/STM32F4xx_HAL_Driver/Src/stm32f4xx_hal_pcd.o
                0x0000000008002508                HAL_PCD_Init
 .text.HAL_PCD_Start
                0x0000000008002742       0x66 Drivers/STM32F4xx_HAL_Driver/Src/stm32f4xx_hal_pcd.o
                0x0000000008002742                HAL_PCD_Start
 .text.HAL_PCD_IRQHandler
                0x00000000080027a8      0x764 Drivers/STM32F4xx_HAL_Driver/Src/stm32f4xx_hal_pcd.o
                0x00000000080027a8                HAL_PCD_IRQHandler
 .text.HAL_PCD_SetAddress
                0x0000000008002f0c       0x4a Drivers/STM32F4xx_HAL_Driver/Src/stm32f4xx_hal_pcd.o
                0x0000000008002f0c                HAL_PCD_SetAddress
 .text.HAL_PCD_EP_Open
                0x0000000008002f56       0xd0 Drivers/STM32F4xx_HAL_Driver/Src/stm32f4xx_hal_pcd.o
                0x0000000008002f56                HAL_PCD_EP_Open
 .text.HAL_PCD_EP_Close
                0x0000000008003026       0x94 Drivers/STM32F4xx_HAL_Driver/Src/stm32f4xx_hal_pcd.o
                0x0000000008003026                HAL_PCD_EP_Close
 .text.HAL_PCD_EP_Receive
                0x00000000080030ba       0x96 Drivers/STM32F4xx_HAL_Driver/Src/stm32f4xx_hal_pcd.o
                0x00000000080030ba                HAL_PCD_EP_Receive
 .text.HAL_PCD_EP_GetRxCount
                0x0000000008003150       0x30 Drivers/STM32F4xx_HAL_Driver/Src/stm32f4xx_hal_pcd.o
                0x0000000008003150                HAL_PCD_EP_GetRxCount
 .text.HAL_PCD_EP_Transmit
                0x0000000008003180       0x94 Drivers/STM32F4xx_HAL_Driver/Src/stm32f4xx_hal_pcd.o
                0x0000000008003180                HAL_PCD_EP_Transmit
 .text.HAL_PCD_EP_SetStall
                0x0000000008003214       0xc8 Drivers/STM32F4xx_HAL_Driver/Src/stm32f4xx_hal_pcd.o
                0x0000000008003214                HAL_PCD_EP_SetStall
 .text.HAL_PCD_EP_ClrStall
                0x00000000080032dc       0xac Drivers/STM32F4xx_HAL_Driver/Src/stm32f4xx_hal_pcd.o
                0x00000000080032dc                HAL_PCD_EP_ClrStall
 .text.PCD_WriteEmptyTxFifo
                0x0000000008003388      0x11a Drivers/STM32F4xx_HAL_Driver/Src/stm32f4xx_hal_pcd.o
 *fill*         0x00000000080034a2        0x2 
 .text.PCD_EP_OutXfrComplete_int
                0x00000000080034a4      0x218 Drivers/STM32F4xx_HAL_Driver/Src/stm32f4xx_hal_pcd.o
 .text.PCD_EP_OutSetupPacket_int
                0x00000000080036bc       0x8c Drivers/STM32F4xx_HAL_Driver/Src/stm32f4xx_hal_pcd.o
 .text.HAL_PCDEx_SetTxFiFo
                0x0000000008003748       0x8e Drivers/STM32F4xx_HAL_Driver/Src/stm32f4xx_hal_pcd_ex.o
                0x0000000008003748                HAL_PCDEx_SetTxFiFo
 .text.HAL_PCDEx_SetRxFiFo
                0x00000000080037d6       0x22 Drivers/STM32F4xx_HAL_Driver/Src/stm32f4xx_hal_pcd_ex.o
                0x00000000080037d6                HAL_PCDEx_SetRxFiFo
 .text.HAL_PCDEx_LPM_Callback
                0x00000000080037f8       0x18 Drivers/STM32F4xx_HAL_Driver/Src/stm32f4xx_hal_pcd_ex.o
                0x00000000080037f8                HAL_PCDEx_LPM_Callback
 .text.HAL_RCC_OscConfig
                0x0000000008003810      0x4e0 Drivers/STM32F4xx_HAL_Driver/Src/stm32f4xx_hal_rcc.o
                0x0000000008003810                HAL_RCC_OscConfig
 .text.HAL_RCC_ClockConfig
                0x0000000008003cf0      0x1cc Drivers/STM32F4xx_HAL_Driver/Src/stm32f4xx_hal_rcc.o
                0x0000000008003cf0                HAL_RCC_ClockConfig
 .text.HAL_RCC_GetSysClockFreq
                0x0000000008003ebc      0x1ac Drivers/STM32F4xx_HAL_Driver/Src/stm32f4xx_hal_rcc.o
                0x0000000008003ebc                HAL_RCC_GetSysClockFreq
 .text.HAL_RCC_GetHCLKFreq
                0x0000000008004068       0x18 Drivers/STM32F4xx_HAL_Driver/Src/stm32f4xx_hal_rcc.o
                0x0000000008004068                HAL_RCC_GetHCLKFreq
 .text.HAL_SPI_Init
                0x0000000008004080       0xc8 Drivers/STM32F4xx_HAL_Driver/Src/stm32f4xx_hal_spi.o
                0x0000000008004080                HAL_SPI_Init
 .text.HAL_SPI_Transmit
                0x0000000008004148      0x268 Drivers/STM32F4xx_HAL_Driver/Src/stm32f4xx_hal_spi.o
                0x0000000008004148                HAL_SPI_Transmit
 .text.HAL_SPI_TransmitReceive
                0x00000000080043b0      0x344 Drivers/STM32F4xx_HAL_Driver/Src/stm32f4xx_hal_spi.o
                0x00000000080043b0                HAL_SPI_TransmitReceive
 .text.HAL_SPI_IRQHandler
                0x00000000080046f4      0x200 Drivers/STM32F4xx_HAL_Driver/Src/stm32f4xx_hal_spi.o
                0x00000000080046f4                HAL_SPI_IRQHandler
 .text.HAL_SPI_ErrorCallback
                0x00000000080048f4       0x14 Drivers/STM32F4xx_HAL_Driver/Src/stm32f4xx_hal_spi.o
                0x00000000080048f4                HAL_SPI_ErrorCallback
 .text.HAL_SPI_GetState
                0x0000000008004908       0x1c Drivers/STM32F4xx_HAL_Driver/Src/stm32f4xx_hal_spi.o
                0x0000000008004908                HAL_SPI_GetState
 .text.SPI_DMAAbortOnError
                0x0000000008004924       0x28 Drivers/STM32F4xx_HAL_Driver/Src/stm32f4xx_hal_spi.o
 .text.SPI_WaitFlagStateUntilTimeout
                0x000000000800494c       0xd4 Drivers/STM32F4xx_HAL_Driver/Src/stm32f4xx_hal_spi.o
 .text.SPI_EndRxTxTransaction
                0x0000000008004a20       0x84 Drivers/STM32F4xx_HAL_Driver/Src/stm32f4xx_hal_spi.o
 .text.HAL_TIM_Base_Init
                0x0000000008004aa4       0x56 Drivers/STM32F4xx_HAL_Driver/Src/stm32f4xx_hal_tim.o
                0x0000000008004aa4                HAL_TIM_Base_Init
 .text.HAL_TIM_PWM_Init
                0x0000000008004afa       0x56 Drivers/STM32F4xx_HAL_Driver/Src/stm32f4xx_hal_tim.o
                0x0000000008004afa                HAL_TIM_PWM_Init
 .text.HAL_TIM_PWM_MspInit
                0x0000000008004b50       0x14 Drivers/STM32F4xx_HAL_Driver/Src/stm32f4xx_hal_tim.o
                0x0000000008004b50                HAL_TIM_PWM_MspInit
 .text.HAL_TIM_PWM_Start
                0x0000000008004b64       0x7c Drivers/STM32F4xx_HAL_Driver/Src/stm32f4xx_hal_tim.o
                0x0000000008004b64                HAL_TIM_PWM_Start
 .text.HAL_TIM_PWM_ConfigChannel
                0x0000000008004be0      0x18c Drivers/STM32F4xx_HAL_Driver/Src/stm32f4xx_hal_tim.o
                0x0000000008004be0                HAL_TIM_PWM_ConfigChannel
 .text.HAL_TIM_ConfigClockSource
                0x0000000008004d6c      0x16e Drivers/STM32F4xx_HAL_Driver/Src/stm32f4xx_hal_tim.o
                0x0000000008004d6c                HAL_TIM_ConfigClockSource
 *fill*         0x0000000008004eda        0x2 
 .text.TIM_Base_SetConfig
                0x0000000008004edc      0x140 Drivers/STM32F4xx_HAL_Driver/Src/stm32f4xx_hal_tim.o
                0x0000000008004edc                TIM_Base_SetConfig
 .text.TIM_OC1_SetConfig
                0x000000000800501c       0xe0 Drivers/STM32F4xx_HAL_Driver/Src/stm32f4xx_hal_tim.o
 .text.TIM_OC2_SetConfig
                0x00000000080050fc       0xec Drivers/STM32F4xx_HAL_Driver/Src/stm32f4xx_hal_tim.o
                0x00000000080050fc                TIM_OC2_SetConfig
 .text.TIM_OC3_SetConfig
                0x00000000080051e8       0xe8 Drivers/STM32F4xx_HAL_Driver/Src/stm32f4xx_hal_tim.o
 .text.TIM_OC4_SetConfig
                0x00000000080052d0       0xac Drivers/STM32F4xx_HAL_Driver/Src/stm32f4xx_hal_tim.o
 .text.TIM_TI1_ConfigInputStage
                0x000000000800537c       0x5e Drivers/STM32F4xx_HAL_Driver/Src/stm32f4xx_hal_tim.o
 .text.TIM_TI2_ConfigInputStage
                0x00000000080053da       0x60 Drivers/STM32F4xx_HAL_Driver/Src/stm32f4xx_hal_tim.o
 .text.TIM_ITRx_SetConfig
                0x000000000800543a       0x36 Drivers/STM32F4xx_HAL_Driver/Src/stm32f4xx_hal_tim.o
 .text.TIM_ETR_SetConfig
                0x0000000008005470       0x40 Drivers/STM32F4xx_HAL_Driver/Src/stm32f4xx_hal_tim.o
                0x0000000008005470                TIM_ETR_SetConfig
 .text.TIM_CCxChannelCmd
                0x00000000080054b0       0x4a Drivers/STM32F4xx_HAL_Driver/Src/stm32f4xx_hal_tim.o
                0x00000000080054b0                TIM_CCxChannelCmd
 *fill*         0x00000000080054fa        0x2 
 .text.HAL_TIMEx_MasterConfigSynchronization
                0x00000000080054fc       0xf8 Drivers/STM32F4xx_HAL_Driver/Src/stm32f4xx_hal_tim_ex.o
                0x00000000080054fc                HAL_TIMEx_MasterConfigSynchronization
 .text.USB_CoreInit
                0x00000000080055f4       0xc2 Drivers/STM32F4xx_HAL_Driver/Src/stm32f4xx_ll_usb.o
                0x00000000080055f4                USB_CoreInit
 *fill*         0x00000000080056b6        0x2 
 .text.USB_SetTurnaroundTime
                0x00000000080056b8      0x144 Drivers/STM32F4xx_HAL_Driver/Src/stm32f4xx_ll_usb.o
                0x00000000080056b8                USB_SetTurnaroundTime
 .text.USB_EnableGlobalInt
                0x00000000080057fc       0x22 Drivers/STM32F4xx_HAL_Driver/Src/stm32f4xx_ll_usb.o
                0x00000000080057fc                USB_EnableGlobalInt
 .text.USB_DisableGlobalInt
                0x000000000800581e       0x22 Drivers/STM32F4xx_HAL_Driver/Src/stm32f4xx_ll_usb.o
                0x000000000800581e                USB_DisableGlobalInt
 .text.USB_SetCurrentMode
                0x0000000008005840       0x54 Drivers/STM32F4xx_HAL_Driver/Src/stm32f4xx_ll_usb.o
                0x0000000008005840                USB_SetCurrentMode
 .text.USB_DevInit
                0x0000000008005894      0x2c8 Drivers/STM32F4xx_HAL_Driver/Src/stm32f4xx_ll_usb.o
                0x0000000008005894                USB_DevInit
 .text.USB_FlushTxFifo
                0x0000000008005b5c       0x4c Drivers/STM32F4xx_HAL_Driver/Src/stm32f4xx_ll_usb.o
                0x0000000008005b5c                USB_FlushTxFifo
 .text.USB_FlushRxFifo
                0x0000000008005ba8       0x44 Drivers/STM32F4xx_HAL_Driver/Src/stm32f4xx_ll_usb.o
                0x0000000008005ba8                USB_FlushRxFifo
 .text.USB_SetDevSpeed
                0x0000000008005bec       0x32 Drivers/STM32F4xx_HAL_Driver/Src/stm32f4xx_ll_usb.o
                0x0000000008005bec                USB_SetDevSpeed
 .text.USB_GetDevSpeed
                0x0000000008005c1e       0x4a Drivers/STM32F4xx_HAL_Driver/Src/stm32f4xx_ll_usb.o
                0x0000000008005c1e                USB_GetDevSpeed
 .text.USB_ActivateEndpoint
                0x0000000008005c68      0x10e Drivers/STM32F4xx_HAL_Driver/Src/stm32f4xx_ll_usb.o
                0x0000000008005c68                USB_ActivateEndpoint
 *fill*         0x0000000008005d76        0x2 
 .text.USB_DeactivateEndpoint
                0x0000000008005d78      0x1b8 Drivers/STM32F4xx_HAL_Driver/Src/stm32f4xx_ll_usb.o
                0x0000000008005d78                USB_DeactivateEndpoint
 .text.USB_EPStartXfer
                0x0000000008005f30      0x488 Drivers/STM32F4xx_HAL_Driver/Src/stm32f4xx_ll_usb.o
                0x0000000008005f30                USB_EPStartXfer
 .text.USB_EP0StartXfer
                0x00000000080063b8      0x2a6 Drivers/STM32F4xx_HAL_Driver/Src/stm32f4xx_ll_usb.o
                0x00000000080063b8                USB_EP0StartXfer
 .text.USB_WritePacket
                0x000000000800665e       0x6a Drivers/STM32F4xx_HAL_Driver/Src/stm32f4xx_ll_usb.o
                0x000000000800665e                USB_WritePacket
 .text.USB_ReadPacket
                0x00000000080066c8       0x52 Drivers/STM32F4xx_HAL_Driver/Src/stm32f4xx_ll_usb.o
                0x00000000080066c8                USB_ReadPacket
 .text.USB_EPSetStall
                0x000000000800671a       0xdc Drivers/STM32F4xx_HAL_Driver/Src/stm32f4xx_ll_usb.o
                0x000000000800671a                USB_EPSetStall
 .text.USB_EPClearStall
                0x00000000080067f6       0xcc Drivers/STM32F4xx_HAL_Driver/Src/stm32f4xx_ll_usb.o
                0x00000000080067f6                USB_EPClearStall
 .text.USB_SetDevAddress
                0x00000000080068c2       0x4c Drivers/STM32F4xx_HAL_Driver/Src/stm32f4xx_ll_usb.o
                0x00000000080068c2                USB_SetDevAddress
 .text.USB_DevConnect
                0x000000000800690e       0x42 Drivers/STM32F4xx_HAL_Driver/Src/stm32f4xx_ll_usb.o
                0x000000000800690e                USB_DevConnect
 .text.USB_DevDisconnect
                0x0000000008006950       0x42 Drivers/STM32F4xx_HAL_Driver/Src/stm32f4xx_ll_usb.o
                0x0000000008006950                USB_DevDisconnect
 .text.USB_ReadInterrupts
                0x0000000008006992       0x26 Drivers/STM32F4xx_HAL_Driver/Src/stm32f4xx_ll_usb.o
                0x0000000008006992                USB_ReadInterrupts
 .text.USB_ReadDevAllOutEpInterrupt
                0x00000000080069b8       0x34 Drivers/STM32F4xx_HAL_Driver/Src/stm32f4xx_ll_usb.o
                0x00000000080069b8                USB_ReadDevAllOutEpInterrupt
 .text.USB_ReadDevAllInEpInterrupt
                0x00000000080069ec       0x34 Drivers/STM32F4xx_HAL_Driver/Src/stm32f4xx_ll_usb.o
                0x00000000080069ec                USB_ReadDevAllInEpInterrupt
 .text.USB_ReadDevOutEPInterrupt
                0x0000000008006a20       0x3c Drivers/STM32F4xx_HAL_Driver/Src/stm32f4xx_ll_usb.o
                0x0000000008006a20                USB_ReadDevOutEPInterrupt
 .text.USB_ReadDevInEPInterrupt
                0x0000000008006a5c       0x5c Drivers/STM32F4xx_HAL_Driver/Src/stm32f4xx_ll_usb.o
                0x0000000008006a5c                USB_ReadDevInEPInterrupt
 .text.USB_GetMode
                0x0000000008006ab8       0x1c Drivers/STM32F4xx_HAL_Driver/Src/stm32f4xx_ll_usb.o
                0x0000000008006ab8                USB_GetMode
 .text.USB_ActivateSetup
                0x0000000008006ad4       0x46 Drivers/STM32F4xx_HAL_Driver/Src/stm32f4xx_ll_usb.o
                0x0000000008006ad4                USB_ActivateSetup
 *fill*         0x0000000008006b1a        0x2 
 .text.USB_EP0_OutStart
                0x0000000008006b1c       0xbc Drivers/STM32F4xx_HAL_Driver/Src/stm32f4xx_ll_usb.o
                0x0000000008006b1c                USB_EP0_OutStart
 .text.USB_CoreReset
                0x0000000008006bd8       0x68 Drivers/STM32F4xx_HAL_Driver/Src/stm32f4xx_ll_usb.o
 .text.USBD_CDC_Init
                0x0000000008006c40      0x100 Middlewares/ST/STM32_USB_Device_Library/Class/CDC/Src/usbd_cdc.o
 .text.USBD_CDC_DeInit
                0x0000000008006d40       0x78 Middlewares/ST/STM32_USB_Device_Library/Class/CDC/Src/usbd_cdc.o
 .text.USBD_CDC_Setup
                0x0000000008006db8      0x178 Middlewares/ST/STM32_USB_Device_Library/Class/CDC/Src/usbd_cdc.o
 .text.USBD_CDC_DataIn
                0x0000000008006f30       0xbe Middlewares/ST/STM32_USB_Device_Library/Class/CDC/Src/usbd_cdc.o
 .text.USBD_CDC_DataOut
                0x0000000008006fee       0x56 Middlewares/ST/STM32_USB_Device_Library/Class/CDC/Src/usbd_cdc.o
 .text.USBD_CDC_EP0_RxReady
                0x0000000008007044       0x50 Middlewares/ST/STM32_USB_Device_Library/Class/CDC/Src/usbd_cdc.o
 .text.USBD_CDC_GetFSCfgDesc
                0x0000000008007094       0x20 Middlewares/ST/STM32_USB_Device_Library/Class/CDC/Src/usbd_cdc.o
 .text.USBD_CDC_GetHSCfgDesc
                0x00000000080070b4       0x20 Middlewares/ST/STM32_USB_Device_Library/Class/CDC/Src/usbd_cdc.o
 .text.USBD_CDC_GetOtherSpeedCfgDesc
                0x00000000080070d4       0x20 Middlewares/ST/STM32_USB_Device_Library/Class/CDC/Src/usbd_cdc.o
 .text.USBD_CDC_GetDeviceQualifierDescriptor
                0x00000000080070f4       0x20 Middlewares/ST/STM32_USB_Device_Library/Class/CDC/Src/usbd_cdc.o
                0x00000000080070f4                USBD_CDC_GetDeviceQualifierDescriptor
 .text.USBD_CDC_RegisterInterface
                0x0000000008007114       0x2a Middlewares/ST/STM32_USB_Device_Library/Class/CDC/Src/usbd_cdc.o
                0x0000000008007114                USBD_CDC_RegisterInterface
 .text.USBD_CDC_SetTxBuffer
                0x000000000800713e       0x32 Middlewares/ST/STM32_USB_Device_Library/Class/CDC/Src/usbd_cdc.o
                0x000000000800713e                USBD_CDC_SetTxBuffer
 .text.USBD_CDC_SetRxBuffer
                0x0000000008007170       0x28 Middlewares/ST/STM32_USB_Device_Library/Class/CDC/Src/usbd_cdc.o
                0x0000000008007170                USBD_CDC_SetRxBuffer
 .text.USBD_CDC_TransmitPacket
                0x0000000008007198       0x60 Middlewares/ST/STM32_USB_Device_Library/Class/CDC/Src/usbd_cdc.o
                0x0000000008007198                USBD_CDC_TransmitPacket
 .text.USBD_CDC_ReceivePacket
                0x00000000080071f8       0x54 Middlewares/ST/STM32_USB_Device_Library/Class/CDC/Src/usbd_cdc.o
                0x00000000080071f8                USBD_CDC_ReceivePacket
 .text.USBD_Init
                0x000000000800724c       0x6c Middlewares/ST/STM32_USB_Device_Library/Core/Src/usbd_core.o
                0x000000000800724c                USBD_Init
 .text.USBD_RegisterClass
                0x00000000080072b8       0x42 Middlewares/ST/STM32_USB_Device_Library/Core/Src/usbd_core.o
                0x00000000080072b8                USBD_RegisterClass
 .text.USBD_Start
                0x00000000080072fa       0x18 Middlewares/ST/STM32_USB_Device_Library/Core/Src/usbd_core.o
                0x00000000080072fa                USBD_Start
 .text.USBD_RunTestMode
                0x0000000008007312       0x16 Middlewares/ST/STM32_USB_Device_Library/Core/Src/usbd_core.o
                0x0000000008007312                USBD_RunTestMode
 .text.USBD_SetClassConfig
                0x0000000008007328       0x38 Middlewares/ST/STM32_USB_Device_Library/Core/Src/usbd_core.o
                0x0000000008007328                USBD_SetClassConfig
 .text.USBD_ClrClassConfig
                0x0000000008007360       0x30 Middlewares/ST/STM32_USB_Device_Library/Core/Src/usbd_core.o
                0x0000000008007360                USBD_ClrClassConfig
 .text.USBD_LL_SetupStage
                0x0000000008007390       0xa6 Middlewares/ST/STM32_USB_Device_Library/Core/Src/usbd_core.o
                0x0000000008007390                USBD_LL_SetupStage
 .text.USBD_LL_DataOutStage
                0x0000000008007436       0xc6 Middlewares/ST/STM32_USB_Device_Library/Core/Src/usbd_core.o
                0x0000000008007436                USBD_LL_DataOutStage
 .text.USBD_LL_DataInStage
                0x00000000080074fc      0x12c Middlewares/ST/STM32_USB_Device_Library/Core/Src/usbd_core.o
                0x00000000080074fc                USBD_LL_DataInStage
 .text.USBD_LL_Reset
                0x0000000008007628       0x82 Middlewares/ST/STM32_USB_Device_Library/Core/Src/usbd_core.o
                0x0000000008007628                USBD_LL_Reset
 .text.USBD_LL_SetSpeed
                0x00000000080076aa       0x20 Middlewares/ST/STM32_USB_Device_Library/Core/Src/usbd_core.o
                0x00000000080076aa                USBD_LL_SetSpeed
 .text.USBD_LL_Suspend
                0x00000000080076ca       0x2a Middlewares/ST/STM32_USB_Device_Library/Core/Src/usbd_core.o
                0x00000000080076ca                USBD_LL_Suspend
 .text.USBD_LL_Resume
                0x00000000080076f4       0x2c Middlewares/ST/STM32_USB_Device_Library/Core/Src/usbd_core.o
                0x00000000080076f4                USBD_LL_Resume
 .text.USBD_LL_SOF
                0x0000000008007720       0x34 Middlewares/ST/STM32_USB_Device_Library/Core/Src/usbd_core.o
                0x0000000008007720                USBD_LL_SOF
 .text.USBD_LL_IsoINIncomplete
                0x0000000008007754       0x1a Middlewares/ST/STM32_USB_Device_Library/Core/Src/usbd_core.o
                0x0000000008007754                USBD_LL_IsoINIncomplete
 .text.USBD_LL_IsoOUTIncomplete
                0x000000000800776e       0x1a Middlewares/ST/STM32_USB_Device_Library/Core/Src/usbd_core.o
                0x000000000800776e                USBD_LL_IsoOUTIncomplete
 .text.USBD_LL_DevConnected
                0x0000000008007788       0x16 Middlewares/ST/STM32_USB_Device_Library/Core/Src/usbd_core.o
                0x0000000008007788                USBD_LL_DevConnected
 .text.USBD_LL_DevDisconnected
                0x000000000800779e       0x38 Middlewares/ST/STM32_USB_Device_Library/Core/Src/usbd_core.o
                0x000000000800779e                USBD_LL_DevDisconnected
 .text.SWAPBYTE
                0x00000000080077d6       0x3c Middlewares/ST/STM32_USB_Device_Library/Core/Src/usbd_ctlreq.o
 *fill*         0x0000000008007812        0x2 
 .text.USBD_StdDevReq
                0x0000000008007814       0xdc Middlewares/ST/STM32_USB_Device_Library/Core/Src/usbd_ctlreq.o
                0x0000000008007814                USBD_StdDevReq
 .text.USBD_StdItfReq
                0x00000000080078f0       0x8c Middlewares/ST/STM32_USB_Device_Library/Core/Src/usbd_ctlreq.o
                0x00000000080078f0                USBD_StdItfReq
 .text.USBD_StdEPReq
                0x000000000800797c      0x2aa Middlewares/ST/STM32_USB_Device_Library/Core/Src/usbd_ctlreq.o
                0x000000000800797c                USBD_StdEPReq
 *fill*         0x0000000008007c26        0x2 
 .text.USBD_GetDescriptor
                0x0000000008007c28      0x2d4 Middlewares/ST/STM32_USB_Device_Library/Core/Src/usbd_ctlreq.o
 .text.USBD_SetAddress
                0x0000000008007efc       0x84 Middlewares/ST/STM32_USB_Device_Library/Core/Src/usbd_ctlreq.o
 .text.USBD_SetConfig
                0x0000000008007f80      0x148 Middlewares/ST/STM32_USB_Device_Library/Core/Src/usbd_ctlreq.o
 .text.USBD_GetConfig
                0x00000000080080c8       0x68 Middlewares/ST/STM32_USB_Device_Library/Core/Src/usbd_ctlreq.o
 .text.USBD_GetStatus
                0x0000000008008130       0x66 Middlewares/ST/STM32_USB_Device_Library/Core/Src/usbd_ctlreq.o
 .text.USBD_SetFeature
                0x0000000008008196       0x28 Middlewares/ST/STM32_USB_Device_Library/Core/Src/usbd_ctlreq.o
 .text.USBD_ClrFeature
                0x00000000080081be       0x42 Middlewares/ST/STM32_USB_Device_Library/Core/Src/usbd_ctlreq.o
 .text.USBD_ParseSetupRequest
                0x0000000008008200       0x74 Middlewares/ST/STM32_USB_Device_Library/Core/Src/usbd_ctlreq.o
                0x0000000008008200                USBD_ParseSetupRequest
 .text.USBD_CtlError
                0x0000000008008274       0x22 Middlewares/ST/STM32_USB_Device_Library/Core/Src/usbd_ctlreq.o
                0x0000000008008274                USBD_CtlError
 .text.USBD_GetString
                0x0000000008008296       0x8c Middlewares/ST/STM32_USB_Device_Library/Core/Src/usbd_ctlreq.o
                0x0000000008008296                USBD_GetString
 .text.USBD_GetLen
                0x0000000008008322       0x34 Middlewares/ST/STM32_USB_Device_Library/Core/Src/usbd_ctlreq.o
 .text.USBD_CtlSendData
                0x0000000008008356       0x36 Middlewares/ST/STM32_USB_Device_Library/Core/Src/usbd_ioreq.o
                0x0000000008008356                USBD_CtlSendData
 .text.USBD_CtlContinueSendData
                0x000000000800838c       0x22 Middlewares/ST/STM32_USB_Device_Library/Core/Src/usbd_ioreq.o
                0x000000000800838c                USBD_CtlContinueSendData
 .text.USBD_CtlPrepareRx
                0x00000000080083ae       0x3a Middlewares/ST/STM32_USB_Device_Library/Core/Src/usbd_ioreq.o
                0x00000000080083ae                USBD_CtlPrepareRx
 .text.USBD_CtlContinueRx
                0x00000000080083e8       0x22 Middlewares/ST/STM32_USB_Device_Library/Core/Src/usbd_ioreq.o
                0x00000000080083e8                USBD_CtlContinueRx
 .text.USBD_CtlSendStatus
                0x000000000800840a       0x26 Middlewares/ST/STM32_USB_Device_Library/Core/Src/usbd_ioreq.o
                0x000000000800840a                USBD_CtlSendStatus
 .text.USBD_CtlReceiveStatus
                0x0000000008008430       0x26 Middlewares/ST/STM32_USB_Device_Library/Core/Src/usbd_ioreq.o
                0x0000000008008430                USBD_CtlReceiveStatus
 *fill*         0x0000000008008456        0x2 
 .text.MX_USB_DEVICE_Init
                0x0000000008008458       0x60 USB_DEVICE/App/usb_device.o
                0x0000000008008458                MX_USB_DEVICE_Init
 .text.CDC_Init_FS
                0x00000000080084b8       0x28 USB_DEVICE/App/usbd_cdc_if.o
 .text.CDC_DeInit_FS
                0x00000000080084e0       0x10 USB_DEVICE/App/usbd_cdc_if.o
 .text.CDC_Control_FS
                0x00000000080084f0       0xbc USB_DEVICE/App/usbd_cdc_if.o
 .text.CDC_Receive_FS
                0x00000000080085ac       0x28 USB_DEVICE/App/usbd_cdc_if.o
 .text.CDC_Transmit_FS
                0x00000000080085d4       0x4c USB_DEVICE/App/usbd_cdc_if.o
                0x00000000080085d4                CDC_Transmit_FS
 .text.CDC_TransmitCplt_FS
                0x0000000008008620       0x22 USB_DEVICE/App/usbd_cdc_if.o
 *fill*         0x0000000008008642        0x2 
 .text.USBD_FS_DeviceDescriptor
                0x0000000008008644       0x24 USB_DEVICE/App/usbd_desc.o
                0x0000000008008644                USBD_FS_DeviceDescriptor
 .text.USBD_FS_LangIDStrDescriptor
                0x0000000008008668       0x24 USB_DEVICE/App/usbd_desc.o
                0x0000000008008668                USBD_FS_LangIDStrDescriptor
 .text.USBD_FS_ProductStrDescriptor
                0x000000000800868c       0x3c USB_DEVICE/App/usbd_desc.o
                0x000000000800868c                USBD_FS_ProductStrDescriptor
 .text.USBD_FS_ManufacturerStrDescriptor
                0x00000000080086c8       0x28 USB_DEVICE/App/usbd_desc.o
                0x00000000080086c8                USBD_FS_ManufacturerStrDescriptor
 .text.USBD_FS_SerialStrDescriptor
                0x00000000080086f0       0x24 USB_DEVICE/App/usbd_desc.o
                0x00000000080086f0                USBD_FS_SerialStrDescriptor
 .text.USBD_FS_ConfigStrDescriptor
                0x0000000008008714       0x3c USB_DEVICE/App/usbd_desc.o
                0x0000000008008714                USBD_FS_ConfigStrDescriptor
 .text.USBD_FS_InterfaceStrDescriptor
                0x0000000008008750       0x3c USB_DEVICE/App/usbd_desc.o
                0x0000000008008750                USBD_FS_InterfaceStrDescriptor
 .text.Get_SerialNum
                0x000000000800878c       0x58 USB_DEVICE/App/usbd_desc.o
 .text.IntToUnicode
                0x00000000080087e4       0x7c USB_DEVICE/App/usbd_desc.o
 .text.HAL_PCD_MspInit
                0x0000000008008860       0xa8 USB_DEVICE/Target/usbd_conf.o
                0x0000000008008860                HAL_PCD_MspInit
 .text.HAL_PCD_SetupStageCallback
                0x0000000008008908       0x24 USB_DEVICE/Target/usbd_conf.o
                0x0000000008008908                HAL_PCD_SetupStageCallback
 .text.HAL_PCD_DataOutStageCallback
                0x000000000800892c       0x36 USB_DEVICE/Target/usbd_conf.o
                0x000000000800892c                HAL_PCD_DataOutStageCallback
 .text.HAL_PCD_DataInStageCallback
                0x0000000008008962       0x34 USB_DEVICE/Target/usbd_conf.o
                0x0000000008008962                HAL_PCD_DataInStageCallback
 .text.HAL_PCD_SOFCallback
                0x0000000008008996       0x1c USB_DEVICE/Target/usbd_conf.o
                0x0000000008008996                HAL_PCD_SOFCallback
 .text.HAL_PCD_ResetCallback
                0x00000000080089b2       0x50 USB_DEVICE/Target/usbd_conf.o
                0x00000000080089b2                HAL_PCD_ResetCallback
 *fill*         0x0000000008008a02        0x2 
 .text.HAL_PCD_SuspendCallback
                0x0000000008008a04       0x4c USB_DEVICE/Target/usbd_conf.o
                0x0000000008008a04                HAL_PCD_SuspendCallback
 .text.HAL_PCD_ResumeCallback
                0x0000000008008a50       0x1c USB_DEVICE/Target/usbd_conf.o
                0x0000000008008a50                HAL_PCD_ResumeCallback
 .text.HAL_PCD_ISOOUTIncompleteCallback
                0x0000000008008a6c       0x24 USB_DEVICE/Target/usbd_conf.o
                0x0000000008008a6c                HAL_PCD_ISOOUTIncompleteCallback
 .text.HAL_PCD_ISOINIncompleteCallback
                0x0000000008008a90       0x24 USB_DEVICE/Target/usbd_conf.o
                0x0000000008008a90                HAL_PCD_ISOINIncompleteCallback
 .text.HAL_PCD_ConnectCallback
                0x0000000008008ab4       0x1c USB_DEVICE/Target/usbd_conf.o
                0x0000000008008ab4                HAL_PCD_ConnectCallback
 .text.HAL_PCD_DisconnectCallback
                0x0000000008008ad0       0x1c USB_DEVICE/Target/usbd_conf.o
                0x0000000008008ad0                HAL_PCD_DisconnectCallback
 .text.USBD_LL_Init
                0x0000000008008aec       0x98 USB_DEVICE/Target/usbd_conf.o
                0x0000000008008aec                USBD_LL_Init
 .text.USBD_LL_Start
                0x0000000008008b84       0x36 USB_DEVICE/Target/usbd_conf.o
                0x0000000008008b84                USBD_LL_Start
 .text.USBD_LL_OpenEP
                0x0000000008008bba       0x4c USB_DEVICE/Target/usbd_conf.o
                0x0000000008008bba                USBD_LL_OpenEP
 .text.USBD_LL_CloseEP
                0x0000000008008c06       0x3e USB_DEVICE/Target/usbd_conf.o
                0x0000000008008c06                USBD_LL_CloseEP
 .text.USBD_LL_StallEP
                0x0000000008008c44       0x3e USB_DEVICE/Target/usbd_conf.o
                0x0000000008008c44                USBD_LL_StallEP
 .text.USBD_LL_ClearStallEP
                0x0000000008008c82       0x3e USB_DEVICE/Target/usbd_conf.o
                0x0000000008008c82                USBD_LL_ClearStallEP
 .text.USBD_LL_IsStallEP
                0x0000000008008cc0       0x58 USB_DEVICE/Target/usbd_conf.o
                0x0000000008008cc0                USBD_LL_IsStallEP
 .text.USBD_LL_SetUSBAddress
                0x0000000008008d18       0x3e USB_DEVICE/Target/usbd_conf.o
                0x0000000008008d18                USBD_LL_SetUSBAddress
 .text.USBD_LL_Transmit
                0x0000000008008d56       0x42 USB_DEVICE/Target/usbd_conf.o
                0x0000000008008d56                USBD_LL_Transmit
 .text.USBD_LL_PrepareReceive
                0x0000000008008d98       0x42 USB_DEVICE/Target/usbd_conf.o
                0x0000000008008d98                USBD_LL_PrepareReceive
 .text.USBD_LL_GetRxDataSize
                0x0000000008008dda       0x26 USB_DEVICE/Target/usbd_conf.o
                0x0000000008008dda                USBD_LL_GetRxDataSize
 .text.USBD_Get_USB_Status
                0x0000000008008e00       0x58 USB_DEVICE/Target/usbd_conf.o
                0x0000000008008e00                USBD_Get_USB_Status
 .text.__errno  0x0000000008008e58        0xc c:/st/stm32cubeide_1.1.0/stm32cubeide/plugins/com.st.stm32cube.ide.mcu.externaltools.gnu-tools-for-stm32.7-2018-q2-update.win32_1.0.0.201904181610/tools/bin/../lib/gcc/arm-none-eabi/7.3.1/../../../../arm-none-eabi/lib/thumb/v7e-m/fpv4-sp/hard\libc_nano.a(lib_a-errno.o)
                0x0000000008008e58                __errno
 .text.__libc_init_array
                0x0000000008008e64       0x48 c:/st/stm32cubeide_1.1.0/stm32cubeide/plugins/com.st.stm32cube.ide.mcu.externaltools.gnu-tools-for-stm32.7-2018-q2-update.win32_1.0.0.201904181610/tools/bin/../lib/gcc/arm-none-eabi/7.3.1/../../../../arm-none-eabi/lib/thumb/v7e-m/fpv4-sp/hard\libc_nano.a(lib_a-init.o)
                0x0000000008008e64                __libc_init_array
 .text.malloc   0x0000000008008eac       0x10 c:/st/stm32cubeide_1.1.0/stm32cubeide/plugins/com.st.stm32cube.ide.mcu.externaltools.gnu-tools-for-stm32.7-2018-q2-update.win32_1.0.0.201904181610/tools/bin/../lib/gcc/arm-none-eabi/7.3.1/../../../../arm-none-eabi/lib/thumb/v7e-m/fpv4-sp/hard\libc_nano.a(lib_a-malloc.o)
                0x0000000008008eac                malloc
 .text.free     0x0000000008008ebc       0x10 c:/st/stm32cubeide_1.1.0/stm32cubeide/plugins/com.st.stm32cube.ide.mcu.externaltools.gnu-tools-for-stm32.7-2018-q2-update.win32_1.0.0.201904181610/tools/bin/../lib/gcc/arm-none-eabi/7.3.1/../../../../arm-none-eabi/lib/thumb/v7e-m/fpv4-sp/hard\libc_nano.a(lib_a-malloc.o)
                0x0000000008008ebc                free
 .text.memset   0x0000000008008ecc       0x10 c:/st/stm32cubeide_1.1.0/stm32cubeide/plugins/com.st.stm32cube.ide.mcu.externaltools.gnu-tools-for-stm32.7-2018-q2-update.win32_1.0.0.201904181610/tools/bin/../lib/gcc/arm-none-eabi/7.3.1/../../../../arm-none-eabi/lib/thumb/v7e-m/fpv4-sp/hard\libc_nano.a(lib_a-memset.o)
                0x0000000008008ecc                memset
 .text._free_r  0x0000000008008edc       0x9c c:/st/stm32cubeide_1.1.0/stm32cubeide/plugins/com.st.stm32cube.ide.mcu.externaltools.gnu-tools-for-stm32.7-2018-q2-update.win32_1.0.0.201904181610/tools/bin/../lib/gcc/arm-none-eabi/7.3.1/../../../../arm-none-eabi/lib/thumb/v7e-m/fpv4-sp/hard\libc_nano.a(lib_a-nano-freer.o)
                0x0000000008008edc                _free_r
 .text._malloc_r
                0x0000000008008f78       0xb4 c:/st/stm32cubeide_1.1.0/stm32cubeide/plugins/com.st.stm32cube.ide.mcu.externaltools.gnu-tools-for-stm32.7-2018-q2-update.win32_1.0.0.201904181610/tools/bin/../lib/gcc/arm-none-eabi/7.3.1/../../../../arm-none-eabi/lib/thumb/v7e-m/fpv4-sp/hard\libc_nano.a(lib_a-nano-mallocr.o)
                0x0000000008008f78                _malloc_r
 .text.__cvt    0x000000000800902c       0xc2 c:/st/stm32cubeide_1.1.0/stm32cubeide/plugins/com.st.stm32cube.ide.mcu.externaltools.gnu-tools-for-stm32.7-2018-q2-update.win32_1.0.0.201904181610/tools/bin/../lib/gcc/arm-none-eabi/7.3.1/../../../../arm-none-eabi/lib/thumb/v7e-m/fpv4-sp/hard\libc_nano.a(lib_a-nano-vfprintf_float.o)
                0x000000000800902c                __cvt
 .text.__exponent
                0x00000000080090ee       0x66 c:/st/stm32cubeide_1.1.0/stm32cubeide/plugins/com.st.stm32cube.ide.mcu.externaltools.gnu-tools-for-stm32.7-2018-q2-update.win32_1.0.0.201904181610/tools/bin/../lib/gcc/arm-none-eabi/7.3.1/../../../../arm-none-eabi/lib/thumb/v7e-m/fpv4-sp/hard\libc_nano.a(lib_a-nano-vfprintf_float.o)
                0x00000000080090ee                __exponent
 .text._printf_float
                0x0000000008009154      0x480 c:/st/stm32cubeide_1.1.0/stm32cubeide/plugins/com.st.stm32cube.ide.mcu.externaltools.gnu-tools-for-stm32.7-2018-q2-update.win32_1.0.0.201904181610/tools/bin/../lib/gcc/arm-none-eabi/7.3.1/../../../../arm-none-eabi/lib/thumb/v7e-m/fpv4-sp/hard\libc_nano.a(lib_a-nano-vfprintf_float.o)
                0x0000000008009154                _printf_float
 .text._printf_common
                0x00000000080095d4       0xea c:/st/stm32cubeide_1.1.0/stm32cubeide/plugins/com.st.stm32cube.ide.mcu.externaltools.gnu-tools-for-stm32.7-2018-q2-update.win32_1.0.0.201904181610/tools/bin/../lib/gcc/arm-none-eabi/7.3.1/../../../../arm-none-eabi/lib/thumb/v7e-m/fpv4-sp/hard\libc_nano.a(lib_a-nano-vfprintf_i.o)
                0x00000000080095d4                _printf_common
 *fill*         0x00000000080096be        0x2 
 .text._sbrk_r  0x00000000080096c0       0x20 c:/st/stm32cubeide_1.1.0/stm32cubeide/plugins/com.st.stm32cube.ide.mcu.externaltools.gnu-tools-for-stm32.7-2018-q2-update.win32_1.0.0.201904181610/tools/bin/../lib/gcc/arm-none-eabi/7.3.1/../../../../arm-none-eabi/lib/thumb/v7e-m/fpv4-sp/hard\libc_nano.a(lib_a-sbrkr.o)
                0x00000000080096c0                _sbrk_r
 .text.quorem   0x00000000080096e0      0x118 c:/st/stm32cubeide_1.1.0/stm32cubeide/plugins/com.st.stm32cube.ide.mcu.externaltools.gnu-tools-for-stm32.7-2018-q2-update.win32_1.0.0.201904181610/tools/bin/../lib/gcc/arm-none-eabi/7.3.1/../../../../arm-none-eabi/lib/thumb/v7e-m/fpv4-sp/hard\libc_nano.a(lib_a-dtoa.o)
 .text._dtoa_r  0x00000000080097f8      0xb70 c:/st/stm32cubeide_1.1.0/stm32cubeide/plugins/com.st.stm32cube.ide.mcu.externaltools.gnu-tools-for-stm32.7-2018-q2-update.win32_1.0.0.201904181610/tools/bin/../lib/gcc/arm-none-eabi/7.3.1/../../../../arm-none-eabi/lib/thumb/v7e-m/fpv4-sp/hard\libc_nano.a(lib_a-dtoa.o)
                0x00000000080097f8                _dtoa_r
 .text._localeconv_r
                0x000000000800a368       0x1c c:/st/stm32cubeide_1.1.0/stm32cubeide/plugins/com.st.stm32cube.ide.mcu.externaltools.gnu-tools-for-stm32.7-2018-q2-update.win32_1.0.0.201904181610/tools/bin/../lib/gcc/arm-none-eabi/7.3.1/../../../../arm-none-eabi/lib/thumb/v7e-m/fpv4-sp/hard\libc_nano.a(lib_a-localeconv.o)
                0x000000000800a368                _localeconv_r
 .text.memcpy   0x000000000800a384       0x16 c:/st/stm32cubeide_1.1.0/stm32cubeide/plugins/com.st.stm32cube.ide.mcu.externaltools.gnu-tools-for-stm32.7-2018-q2-update.win32_1.0.0.201904181610/tools/bin/../lib/gcc/arm-none-eabi/7.3.1/../../../../arm-none-eabi/lib/thumb/v7e-m/fpv4-sp/hard\libc_nano.a(lib_a-memcpy-stub.o)
                0x000000000800a384                memcpy
 .text.__malloc_lock
                0x000000000800a39a        0x2 c:/st/stm32cubeide_1.1.0/stm32cubeide/plugins/com.st.stm32cube.ide.mcu.externaltools.gnu-tools-for-stm32.7-2018-q2-update.win32_1.0.0.201904181610/tools/bin/../lib/gcc/arm-none-eabi/7.3.1/../../../../arm-none-eabi/lib/thumb/v7e-m/fpv4-sp/hard\libc_nano.a(lib_a-mlock.o)
                0x000000000800a39a                __malloc_lock
 .text.__malloc_unlock
                0x000000000800a39c        0x2 c:/st/stm32cubeide_1.1.0/stm32cubeide/plugins/com.st.stm32cube.ide.mcu.externaltools.gnu-tools-for-stm32.7-2018-q2-update.win32_1.0.0.201904181610/tools/bin/../lib/gcc/arm-none-eabi/7.3.1/../../../../arm-none-eabi/lib/thumb/v7e-m/fpv4-sp/hard\libc_nano.a(lib_a-mlock.o)
                0x000000000800a39c                __malloc_unlock
 .text._Balloc  0x000000000800a39e       0x68 c:/st/stm32cubeide_1.1.0/stm32cubeide/plugins/com.st.stm32cube.ide.mcu.externaltools.gnu-tools-for-stm32.7-2018-q2-update.win32_1.0.0.201904181610/tools/bin/../lib/gcc/arm-none-eabi/7.3.1/../../../../arm-none-eabi/lib/thumb/v7e-m/fpv4-sp/hard\libc_nano.a(lib_a-mprec.o)
                0x000000000800a39e                _Balloc
 .text._Bfree   0x000000000800a406       0x2e c:/st/stm32cubeide_1.1.0/stm32cubeide/plugins/com.st.stm32cube.ide.mcu.externaltools.gnu-tools-for-stm32.7-2018-q2-update.win32_1.0.0.201904181610/tools/bin/../lib/gcc/arm-none-eabi/7.3.1/../../../../arm-none-eabi/lib/thumb/v7e-m/fpv4-sp/hard\libc_nano.a(lib_a-mprec.o)
                0x000000000800a406                _Bfree
 .text.__multadd
                0x000000000800a434       0x76 c:/st/stm32cubeide_1.1.0/stm32cubeide/plugins/com.st.stm32cube.ide.mcu.externaltools.gnu-tools-for-stm32.7-2018-q2-update.win32_1.0.0.201904181610/tools/bin/../lib/gcc/arm-none-eabi/7.3.1/../../../../arm-none-eabi/lib/thumb/v7e-m/fpv4-sp/hard\libc_nano.a(lib_a-mprec.o)
                0x000000000800a434                __multadd
 .text.__hi0bits
                0x000000000800a4aa       0x3e c:/st/stm32cubeide_1.1.0/stm32cubeide/plugins/com.st.stm32cube.ide.mcu.externaltools.gnu-tools-for-stm32.7-2018-q2-update.win32_1.0.0.201904181610/tools/bin/../lib/gcc/arm-none-eabi/7.3.1/../../../../arm-none-eabi/lib/thumb/v7e-m/fpv4-sp/hard\libc_nano.a(lib_a-mprec.o)
                0x000000000800a4aa                __hi0bits
 .text.__lo0bits
                0x000000000800a4e8       0x5e c:/st/stm32cubeide_1.1.0/stm32cubeide/plugins/com.st.stm32cube.ide.mcu.externaltools.gnu-tools-for-stm32.7-2018-q2-update.win32_1.0.0.201904181610/tools/bin/../lib/gcc/arm-none-eabi/7.3.1/../../../../arm-none-eabi/lib/thumb/v7e-m/fpv4-sp/hard\libc_nano.a(lib_a-mprec.o)
                0x000000000800a4e8                __lo0bits
 .text.__i2b    0x000000000800a546       0x12 c:/st/stm32cubeide_1.1.0/stm32cubeide/plugins/com.st.stm32cube.ide.mcu.externaltools.gnu-tools-for-stm32.7-2018-q2-update.win32_1.0.0.201904181610/tools/bin/../lib/gcc/arm-none-eabi/7.3.1/../../../../arm-none-eabi/lib/thumb/v7e-m/fpv4-sp/hard\libc_nano.a(lib_a-mprec.o)
                0x000000000800a546                __i2b
 .text.__multiply
                0x000000000800a558      0x12c c:/st/stm32cubeide_1.1.0/stm32cubeide/plugins/com.st.stm32cube.ide.mcu.externaltools.gnu-tools-for-stm32.7-2018-q2-update.win32_1.0.0.201904181610/tools/bin/../lib/gcc/arm-none-eabi/7.3.1/../../../../arm-none-eabi/lib/thumb/v7e-m/fpv4-sp/hard\libc_nano.a(lib_a-mprec.o)
                0x000000000800a558                __multiply
 .text.__pow5mult
                0x000000000800a684       0x9c c:/st/stm32cubeide_1.1.0/stm32cubeide/plugins/com.st.stm32cube.ide.mcu.externaltools.gnu-tools-for-stm32.7-2018-q2-update.win32_1.0.0.201904181610/tools/bin/../lib/gcc/arm-none-eabi/7.3.1/../../../../arm-none-eabi/lib/thumb/v7e-m/fpv4-sp/hard\libc_nano.a(lib_a-mprec.o)
                0x000000000800a684                __pow5mult
 .text.__lshift
                0x000000000800a720       0xa8 c:/st/stm32cubeide_1.1.0/stm32cubeide/plugins/com.st.stm32cube.ide.mcu.externaltools.gnu-tools-for-stm32.7-2018-q2-update.win32_1.0.0.201904181610/tools/bin/../lib/gcc/arm-none-eabi/7.3.1/../../../../arm-none-eabi/lib/thumb/v7e-m/fpv4-sp/hard\libc_nano.a(lib_a-mprec.o)
                0x000000000800a720                __lshift
 .text.__mcmp   0x000000000800a7c8       0x34 c:/st/stm32cubeide_1.1.0/stm32cubeide/plugins/com.st.stm32cube.ide.mcu.externaltools.gnu-tools-for-stm32.7-2018-q2-update.win32_1.0.0.201904181610/tools/bin/../lib/gcc/arm-none-eabi/7.3.1/../../../../arm-none-eabi/lib/thumb/v7e-m/fpv4-sp/hard\libc_nano.a(lib_a-mprec.o)
                0x000000000800a7c8                __mcmp
 .text.__mdiff  0x000000000800a7fc       0xba c:/st/stm32cubeide_1.1.0/stm32cubeide/plugins/com.st.stm32cube.ide.mcu.externaltools.gnu-tools-for-stm32.7-2018-q2-update.win32_1.0.0.201904181610/tools/bin/../lib/gcc/arm-none-eabi/7.3.1/../../../../arm-none-eabi/lib/thumb/v7e-m/fpv4-sp/hard\libc_nano.a(lib_a-mprec.o)
                0x000000000800a7fc                __mdiff
 .text.__d2b    0x000000000800a8b6       0x9e c:/st/stm32cubeide_1.1.0/stm32cubeide/plugins/com.st.stm32cube.ide.mcu.externaltools.gnu-tools-for-stm32.7-2018-q2-update.win32_1.0.0.201904181610/tools/bin/../lib/gcc/arm-none-eabi/7.3.1/../../../../arm-none-eabi/lib/thumb/v7e-m/fpv4-sp/hard\libc_nano.a(lib_a-mprec.o)
                0x000000000800a8b6                __d2b
 .text._calloc_r
                0x000000000800a954       0x1c c:/st/stm32cubeide_1.1.0/stm32cubeide/plugins/com.st.stm32cube.ide.mcu.externaltools.gnu-tools-for-stm32.7-2018-q2-update.win32_1.0.0.201904181610/tools/bin/../lib/gcc/arm-none-eabi/7.3.1/../../../../arm-none-eabi/lib/thumb/v7e-m/fpv4-sp/hard\libc_nano.a(lib_a-nano-callocr.o)
                0x000000000800a954                _calloc_r
 .text.__ascii_mbtowc
                0x000000000800a970       0x24 c:/st/stm32cubeide_1.1.0/stm32cubeide/plugins/com.st.stm32cube.ide.mcu.externaltools.gnu-tools-for-stm32.7-2018-q2-update.win32_1.0.0.201904181610/tools/bin/../lib/gcc/arm-none-eabi/7.3.1/../../../../arm-none-eabi/lib/thumb/v7e-m/fpv4-sp/hard\libc_nano.a(lib_a-mbtowc_r.o)
                0x000000000800a970                __ascii_mbtowc
 .text.__ascii_wctomb
                0x000000000800a994       0x1a c:/st/stm32cubeide_1.1.0/stm32cubeide/plugins/com.st.stm32cube.ide.mcu.externaltools.gnu-tools-for-stm32.7-2018-q2-update.win32_1.0.0.201904181610/tools/bin/../lib/gcc/arm-none-eabi/7.3.1/../../../../arm-none-eabi/lib/thumb/v7e-m/fpv4-sp/hard\libc_nano.a(lib_a-wctomb_r.o)
                0x000000000800a994                __ascii_wctomb
 *(.glue_7)
 .glue_7        0x000000000800a9ae        0x0 linker stubs
 *(.glue_7t)
 .glue_7t       0x000000000800a9ae        0x0 linker stubs
 *(.eh_frame)
 *fill*         0x000000000800a9ae        0x2 
 .eh_frame      0x000000000800a9b0        0x0 c:/st/stm32cubeide_1.1.0/stm32cubeide/plugins/com.st.stm32cube.ide.mcu.externaltools.gnu-tools-for-stm32.7-2018-q2-update.win32_1.0.0.201904181610/tools/bin/../lib/gcc/arm-none-eabi/7.3.1/thumb/v7e-m/fpv4-sp/hard/crtbegin.o
 *(.init)
 .init          0x000000000800a9b0        0x4 c:/st/stm32cubeide_1.1.0/stm32cubeide/plugins/com.st.stm32cube.ide.mcu.externaltools.gnu-tools-for-stm32.7-2018-q2-update.win32_1.0.0.201904181610/tools/bin/../lib/gcc/arm-none-eabi/7.3.1/thumb/v7e-m/fpv4-sp/hard/crti.o
                0x000000000800a9b0                _init
 .init          0x000000000800a9b4        0x8 c:/st/stm32cubeide_1.1.0/stm32cubeide/plugins/com.st.stm32cube.ide.mcu.externaltools.gnu-tools-for-stm32.7-2018-q2-update.win32_1.0.0.201904181610/tools/bin/../lib/gcc/arm-none-eabi/7.3.1/thumb/v7e-m/fpv4-sp/hard/crtn.o
 *(.fini)
 .fini          0x000000000800a9bc        0x4 c:/st/stm32cubeide_1.1.0/stm32cubeide/plugins/com.st.stm32cube.ide.mcu.externaltools.gnu-tools-for-stm32.7-2018-q2-update.win32_1.0.0.201904181610/tools/bin/../lib/gcc/arm-none-eabi/7.3.1/thumb/v7e-m/fpv4-sp/hard/crti.o
                0x000000000800a9bc                _fini
 .fini          0x000000000800a9c0        0x8 c:/st/stm32cubeide_1.1.0/stm32cubeide/plugins/com.st.stm32cube.ide.mcu.externaltools.gnu-tools-for-stm32.7-2018-q2-update.win32_1.0.0.201904181610/tools/bin/../lib/gcc/arm-none-eabi/7.3.1/thumb/v7e-m/fpv4-sp/hard/crtn.o
                0x000000000800a9c8                . = ALIGN (0x4)
                0x000000000800a9c8                _etext = .

.vfp11_veneer   0x000000000800a9c8        0x0
 .vfp11_veneer  0x000000000800a9c8        0x0 linker stubs

.v4_bx          0x000000000800a9c8        0x0
 .v4_bx         0x000000000800a9c8        0x0 linker stubs

.iplt           0x000000000800a9c8        0x0
 .iplt          0x000000000800a9c8        0x0 c:/st/stm32cubeide_1.1.0/stm32cubeide/plugins/com.st.stm32cube.ide.mcu.externaltools.gnu-tools-for-stm32.7-2018-q2-update.win32_1.0.0.201904181610/tools/bin/../lib/gcc/arm-none-eabi/7.3.1/thumb/v7e-m/fpv4-sp/hard/crtbegin.o

.rodata         0x000000000800a9c8      0x288
                0x000000000800a9c8                . = ALIGN (0x4)
 *(.rodata)
 .rodata        0x000000000800a9c8        0x8 Core/Src/main.o
 .rodata        0x000000000800a9d0       0x46 USB_DEVICE/App/usbd_desc.o
 *(.rodata*)
 *fill*         0x000000000800aa16        0x2 
 .rodata.AHBPrescTable
                0x000000000800aa18       0x10 Core/Src/system_stm32f4xx.o
                0x000000000800aa18                AHBPrescTable
 .rodata._printf_float.str1.1
                0x000000000800aa28       0x12 c:/st/stm32cubeide_1.1.0/stm32cubeide/plugins/com.st.stm32cube.ide.mcu.externaltools.gnu-tools-for-stm32.7-2018-q2-update.win32_1.0.0.201904181610/tools/bin/../lib/gcc/arm-none-eabi/7.3.1/../../../../arm-none-eabi/lib/thumb/v7e-m/fpv4-sp/hard\libc_nano.a(lib_a-nano-vfprintf_float.o)
 .rodata._dtoa_r.str1.1
                0x000000000800aa3a        0xd c:/st/stm32cubeide_1.1.0/stm32cubeide/plugins/com.st.stm32cube.ide.mcu.externaltools.gnu-tools-for-stm32.7-2018-q2-update.win32_1.0.0.201904181610/tools/bin/../lib/gcc/arm-none-eabi/7.3.1/../../../../arm-none-eabi/lib/thumb/v7e-m/fpv4-sp/hard\libc_nano.a(lib_a-dtoa.o)
                                          0xf (size before relaxing)
 *fill*         0x000000000800aa47        0x1 
 .rodata.__mprec_bigtens
                0x000000000800aa48       0x28 c:/st/stm32cubeide_1.1.0/stm32cubeide/plugins/com.st.stm32cube.ide.mcu.externaltools.gnu-tools-for-stm32.7-2018-q2-update.win32_1.0.0.201904181610/tools/bin/../lib/gcc/arm-none-eabi/7.3.1/../../../../arm-none-eabi/lib/thumb/v7e-m/fpv4-sp/hard\libc_nano.a(lib_a-mprec.o)
                0x000000000800aa48                __mprec_bigtens
 .rodata.__mprec_tens
                0x000000000800aa70       0xc8 c:/st/stm32cubeide_1.1.0/stm32cubeide/plugins/com.st.stm32cube.ide.mcu.externaltools.gnu-tools-for-stm32.7-2018-q2-update.win32_1.0.0.201904181610/tools/bin/../lib/gcc/arm-none-eabi/7.3.1/../../../../arm-none-eabi/lib/thumb/v7e-m/fpv4-sp/hard\libc_nano.a(lib_a-mprec.o)
                0x000000000800aa70                __mprec_tens
 .rodata.p05.7359
                0x000000000800ab38        0xc c:/st/stm32cubeide_1.1.0/stm32cubeide/plugins/com.st.stm32cube.ide.mcu.externaltools.gnu-tools-for-stm32.7-2018-q2-update.win32_1.0.0.201904181610/tools/bin/../lib/gcc/arm-none-eabi/7.3.1/../../../../arm-none-eabi/lib/thumb/v7e-m/fpv4-sp/hard\libc_nano.a(lib_a-mprec.o)
 .rodata._setlocale_r.str1.1
                0x000000000800ab44        0x8 c:/st/stm32cubeide_1.1.0/stm32cubeide/plugins/com.st.stm32cube.ide.mcu.externaltools.gnu-tools-for-stm32.7-2018-q2-update.win32_1.0.0.201904181610/tools/bin/../lib/gcc/arm-none-eabi/7.3.1/../../../../arm-none-eabi/lib/thumb/v7e-m/fpv4-sp/hard\libc_nano.a(lib_a-locale.o)
                                          0x9 (size before relaxing)
 .rodata.str1.1
                0x000000000800ab4c        0x2 c:/st/stm32cubeide_1.1.0/stm32cubeide/plugins/com.st.stm32cube.ide.mcu.externaltools.gnu-tools-for-stm32.7-2018-q2-update.win32_1.0.0.201904181610/tools/bin/../lib/gcc/arm-none-eabi/7.3.1/../../../../arm-none-eabi/lib/thumb/v7e-m/fpv4-sp/hard\libc_nano.a(lib_a-locale.o)
 .rodata._ctype_
                0x000000000800ab4e      0x101 c:/st/stm32cubeide_1.1.0/stm32cubeide/plugins/com.st.stm32cube.ide.mcu.externaltools.gnu-tools-for-stm32.7-2018-q2-update.win32_1.0.0.201904181610/tools/bin/../lib/gcc/arm-none-eabi/7.3.1/../../../../arm-none-eabi/lib/thumb/v7e-m/fpv4-sp/hard\libc_nano.a(lib_a-ctype_.o)
                0x000000000800ab4e                _ctype_
                0x000000000800ac50                . = ALIGN (0x4)
 *fill*         0x000000000800ac4f        0x1 

.ARM.extab      0x000000000800ac50        0x0
                0x000000000800ac50                . = ALIGN (0x4)
 *(.ARM.extab* .gnu.linkonce.armextab.*)
                0x000000000800ac50                . = ALIGN (0x4)

.ARM            0x000000000800ac50        0x8
                0x000000000800ac50                . = ALIGN (0x4)
                0x000000000800ac50                __exidx_start = .
 *(.ARM.exidx*)
 .ARM.exidx     0x000000000800ac50        0x8 c:/st/stm32cubeide_1.1.0/stm32cubeide/plugins/com.st.stm32cube.ide.mcu.externaltools.gnu-tools-for-stm32.7-2018-q2-update.win32_1.0.0.201904181610/tools/bin/../lib/gcc/arm-none-eabi/7.3.1/thumb/v7e-m/fpv4-sp/hard\libgcc.a(_udivmoddi4.o)
                0x000000000800ac58                __exidx_end = .
                0x000000000800ac58                . = ALIGN (0x4)

.rel.dyn        0x000000000800ac58        0x0
 .rel.iplt      0x000000000800ac58        0x0 c:/st/stm32cubeide_1.1.0/stm32cubeide/plugins/com.st.stm32cube.ide.mcu.externaltools.gnu-tools-for-stm32.7-2018-q2-update.win32_1.0.0.201904181610/tools/bin/../lib/gcc/arm-none-eabi/7.3.1/thumb/v7e-m/fpv4-sp/hard/crtbegin.o

.preinit_array  0x000000000800ac58        0x0
                0x000000000800ac58                . = ALIGN (0x4)
                0x000000000800ac58                PROVIDE (__preinit_array_start = .)
 *(.preinit_array*)
                0x000000000800ac58                PROVIDE (__preinit_array_end = .)
                0x000000000800ac58                . = ALIGN (0x4)

.init_array     0x000000000800ac58        0x4
                0x000000000800ac58                . = ALIGN (0x4)
                0x000000000800ac58                PROVIDE (__init_array_start = .)
 *(SORT_BY_NAME(.init_array.*))
 *(.init_array*)
 .init_array    0x000000000800ac58        0x4 c:/st/stm32cubeide_1.1.0/stm32cubeide/plugins/com.st.stm32cube.ide.mcu.externaltools.gnu-tools-for-stm32.7-2018-q2-update.win32_1.0.0.201904181610/tools/bin/../lib/gcc/arm-none-eabi/7.3.1/thumb/v7e-m/fpv4-sp/hard/crtbegin.o
                0x000000000800ac5c                PROVIDE (__init_array_end = .)
                0x000000000800ac5c                . = ALIGN (0x4)

.fini_array     0x000000000800ac5c        0x4
                0x000000000800ac5c                . = ALIGN (0x4)
                [!provide]                        PROVIDE (__fini_array_start = .)
 *(SORT_BY_NAME(.fini_array.*))
 *(.fini_array*)
 .fini_array    0x000000000800ac5c        0x4 c:/st/stm32cubeide_1.1.0/stm32cubeide/plugins/com.st.stm32cube.ide.mcu.externaltools.gnu-tools-for-stm32.7-2018-q2-update.win32_1.0.0.201904181610/tools/bin/../lib/gcc/arm-none-eabi/7.3.1/thumb/v7e-m/fpv4-sp/hard/crtbegin.o
                [!provide]                        PROVIDE (__fini_array_end = .)
                0x000000000800ac60                . = ALIGN (0x4)
                0x000000000800ac60                _sidata = LOADADDR (.data)

.data           0x0000000020000000      0x350 load address 0x000000000800ac60
                0x0000000020000000                . = ALIGN (0x4)
                0x0000000020000000                _sdata = .
 *(.data)
 *(.data*)
 .data.SystemCoreClock
                0x0000000020000000        0x4 Core/Src/system_stm32f4xx.o
                0x0000000020000000                SystemCoreClock
 .data.uwTickPrio
                0x0000000020000004        0x4 Drivers/STM32F4xx_HAL_Driver/Src/stm32f4xx_hal.o
                0x0000000020000004                uwTickPrio
 .data.uwTickFreq
                0x0000000020000008        0x1 Drivers/STM32F4xx_HAL_Driver/Src/stm32f4xx_hal.o
                0x0000000020000008                uwTickFreq
 *fill*         0x0000000020000009        0x3 
 .data.USBD_CDC_DeviceQualifierDesc
                0x000000002000000c        0xa Middlewares/ST/STM32_USB_Device_Library/Class/CDC/Src/usbd_cdc.o
 *fill*         0x0000000020000016        0x2 
 .data.USBD_CDC
                0x0000000020000018       0x38 Middlewares/ST/STM32_USB_Device_Library/Class/CDC/Src/usbd_cdc.o
                0x0000000020000018                USBD_CDC
 .data.USBD_CDC_CfgHSDesc
                0x0000000020000050       0x43 Middlewares/ST/STM32_USB_Device_Library/Class/CDC/Src/usbd_cdc.o
 *fill*         0x0000000020000093        0x1 
 .data.USBD_CDC_CfgFSDesc
                0x0000000020000094       0x43 Middlewares/ST/STM32_USB_Device_Library/Class/CDC/Src/usbd_cdc.o
 *fill*         0x00000000200000d7        0x1 
 .data.USBD_CDC_OtherSpeedCfgDesc
                0x00000000200000d8       0x43 Middlewares/ST/STM32_USB_Device_Library/Class/CDC/Src/usbd_cdc.o
 *fill*         0x000000002000011b        0x1 
 .data.USBD_Interface_fops_FS
                0x000000002000011c       0x14 USB_DEVICE/App/usbd_cdc_if.o
                0x000000002000011c                USBD_Interface_fops_FS
 .data.FS_Desc  0x0000000020000130       0x1c USB_DEVICE/App/usbd_desc.o
                0x0000000020000130                FS_Desc
 .data.USBD_FS_DeviceDesc
                0x000000002000014c       0x12 USB_DEVICE/App/usbd_desc.o
                0x000000002000014c                USBD_FS_DeviceDesc
 *fill*         0x000000002000015e        0x2 
 .data.USBD_LangIDDesc
                0x0000000020000160        0x4 USB_DEVICE/App/usbd_desc.o
                0x0000000020000160                USBD_LangIDDesc
 .data.USBD_StringSerial
                0x0000000020000164       0x1a USB_DEVICE/App/usbd_desc.o
                0x0000000020000164                USBD_StringSerial
 *fill*         0x000000002000017e        0x2 
 .data._impure_ptr
                0x0000000020000180        0x4 c:/st/stm32cubeide_1.1.0/stm32cubeide/plugins/com.st.stm32cube.ide.mcu.externaltools.gnu-tools-for-stm32.7-2018-q2-update.win32_1.0.0.201904181610/tools/bin/../lib/gcc/arm-none-eabi/7.3.1/../../../../arm-none-eabi/lib/thumb/v7e-m/fpv4-sp/hard\libc_nano.a(lib_a-impure.o)
                0x0000000020000180                _impure_ptr
 .data.impure_data
                0x0000000020000184       0x60 c:/st/stm32cubeide_1.1.0/stm32cubeide/plugins/com.st.stm32cube.ide.mcu.externaltools.gnu-tools-for-stm32.7-2018-q2-update.win32_1.0.0.201904181610/tools/bin/../lib/gcc/arm-none-eabi/7.3.1/../../../../arm-none-eabi/lib/thumb/v7e-m/fpv4-sp/hard\libc_nano.a(lib_a-impure.o)
 .data.__global_locale
                0x00000000200001e4      0x16c c:/st/stm32cubeide_1.1.0/stm32cubeide/plugins/com.st.stm32cube.ide.mcu.externaltools.gnu-tools-for-stm32.7-2018-q2-update.win32_1.0.0.201904181610/tools/bin/../lib/gcc/arm-none-eabi/7.3.1/../../../../arm-none-eabi/lib/thumb/v7e-m/fpv4-sp/hard\libc_nano.a(lib_a-locale.o)
                0x00000000200001e4                __global_locale
                0x0000000020000350                . = ALIGN (0x4)
                0x0000000020000350                _edata = .

.igot.plt       0x0000000020000350        0x0 load address 0x000000000800afb0
 .igot.plt      0x0000000020000350        0x0 c:/st/stm32cubeide_1.1.0/stm32cubeide/plugins/com.st.stm32cube.ide.mcu.externaltools.gnu-tools-for-stm32.7-2018-q2-update.win32_1.0.0.201904181610/tools/bin/../lib/gcc/arm-none-eabi/7.3.1/thumb/v7e-m/fpv4-sp/hard/crtbegin.o
                0x0000000020000350                . = ALIGN (0x4)

.bss            0x0000000020000350     0x1a6c load address 0x000000000800afb0
                0x0000000020000350                _sbss = .
                0x0000000020000350                __bss_start__ = _sbss
 *(.bss)
 .bss           0x0000000020000350       0x1c c:/st/stm32cubeide_1.1.0/stm32cubeide/plugins/com.st.stm32cube.ide.mcu.externaltools.gnu-tools-for-stm32.7-2018-q2-update.win32_1.0.0.201904181610/tools/bin/../lib/gcc/arm-none-eabi/7.3.1/thumb/v7e-m/fpv4-sp/hard/crtbegin.o
 *(.bss*)
 .bss.heap_end.6424
                0x000000002000036c        0x4 Core/Src/sysmem.o
 .bss.cfgidx.10279
                0x0000000020000370        0x1 Middlewares/ST/STM32_USB_Device_Library/Core/Src/usbd_ctlreq.o
 *fill*         0x0000000020000371        0x3 
 .bss.__malloc_free_list
                0x0000000020000374        0x4 c:/st/stm32cubeide_1.1.0/stm32cubeide/plugins/com.st.stm32cube.ide.mcu.externaltools.gnu-tools-for-stm32.7-2018-q2-update.win32_1.0.0.201904181610/tools/bin/../lib/gcc/arm-none-eabi/7.3.1/../../../../arm-none-eabi/lib/thumb/v7e-m/fpv4-sp/hard\libc_nano.a(lib_a-nano-mallocr.o)
                0x0000000020000374                __malloc_free_list
 .bss.__malloc_sbrk_start
                0x0000000020000378        0x4 c:/st/stm32cubeide_1.1.0/stm32cubeide/plugins/com.st.stm32cube.ide.mcu.externaltools.gnu-tools-for-stm32.7-2018-q2-update.win32_1.0.0.201904181610/tools/bin/../lib/gcc/arm-none-eabi/7.3.1/../../../../arm-none-eabi/lib/thumb/v7e-m/fpv4-sp/hard\libc_nano.a(lib_a-nano-mallocr.o)
                0x0000000020000378                __malloc_sbrk_start
 *(COMMON)
 COMMON         0x000000002000037c      0x160 Core/Src/main.o
                0x000000002000037c                htim4
                0x00000000200003bc                imu
                0x00000000200003ec                htim3
                0x000000002000042c                hspi3
                0x0000000020000484                hspi1
 COMMON         0x00000000200004dc        0x4 Drivers/STM32F4xx_HAL_Driver/Src/stm32f4xx_hal.o
                0x00000000200004dc                uwTick
 COMMON         0x00000000200004e0      0x2d0 USB_DEVICE/App/usb_device.o
                0x00000000200004e0                hUsbDeviceFS
 COMMON         0x00000000200007b0     0x1000 USB_DEVICE/App/usbd_cdc_if.o
                0x00000000200007b0                UserRxBufferFS
                0x0000000020000fb0                UserTxBufferFS
 COMMON         0x00000000200017b0      0x200 USB_DEVICE/App/usbd_desc.o
                0x00000000200017b0                USBD_StrDesc
 COMMON         0x00000000200019b0      0x408 USB_DEVICE/Target/usbd_conf.o
                0x00000000200019b0                hpcd_USB_OTG_FS
 COMMON         0x0000000020001db8        0x4 c:/st/stm32cubeide_1.1.0/stm32cubeide/plugins/com.st.stm32cube.ide.mcu.externaltools.gnu-tools-for-stm32.7-2018-q2-update.win32_1.0.0.201904181610/tools/bin/../lib/gcc/arm-none-eabi/7.3.1/../../../../arm-none-eabi/lib/thumb/v7e-m/fpv4-sp/hard\libc_nano.a(lib_a-reent.o)
                0x0000000020001db8                errno
                0x0000000020001dbc                . = ALIGN (0x4)
                0x0000000020001dbc                _ebss = .
                0x0000000020001dbc                __bss_end__ = _ebss

._user_heap_stack
                0x0000000020001dbc      0x604 load address 0x000000000800afb0
                0x0000000020001dc0                . = ALIGN (0x8)
 *fill*         0x0000000020001dbc        0x4 
                0x0000000020001dc0                PROVIDE (end = .)
                [!provide]                        PROVIDE (_end = .)
                0x0000000020001fc0                . = (. + _Min_Heap_Size)
 *fill*         0x0000000020001dc0      0x200 
                0x00000000200023c0                . = (. + _Min_Stack_Size)
 *fill*         0x0000000020001fc0      0x400 
                0x00000000200023c0                . = ALIGN (0x8)

/DISCARD/
 libc.a(*)
 libm.a(*)
 libgcc.a(*)

.ARM.attributes
                0x0000000000000000       0x30
 *(.ARM.attributes)
 .ARM.attributes
                0x0000000000000000       0x22 c:/st/stm32cubeide_1.1.0/stm32cubeide/plugins/com.st.stm32cube.ide.mcu.externaltools.gnu-tools-for-stm32.7-2018-q2-update.win32_1.0.0.201904181610/tools/bin/../lib/gcc/arm-none-eabi/7.3.1/thumb/v7e-m/fpv4-sp/hard/crti.o
 .ARM.attributes
                0x0000000000000022       0x34 c:/st/stm32cubeide_1.1.0/stm32cubeide/plugins/com.st.stm32cube.ide.mcu.externaltools.gnu-tools-for-stm32.7-2018-q2-update.win32_1.0.0.201904181610/tools/bin/../lib/gcc/arm-none-eabi/7.3.1/thumb/v7e-m/fpv4-sp/hard/crtbegin.o
 .ARM.attributes
                0x0000000000000056       0x39 Core/Src/main.o
 .ARM.attributes
                0x000000000000008f       0x39 Core/Src/stm32f4xx_hal_msp.o
 .ARM.attributes
                0x00000000000000c8       0x39 Core/Src/stm32f4xx_it.o
 .ARM.attributes
                0x0000000000000101       0x39 Core/Src/sysmem.o
 .ARM.attributes
                0x000000000000013a       0x39 Core/Src/system_stm32f4xx.o
 .ARM.attributes
                0x0000000000000173       0x21 Core/Startup/startup_stm32f405rgtx.o
 .ARM.attributes
                0x0000000000000194       0x39 Drivers/STM32F4xx_HAL_Driver/Src/stm32f4xx_hal.o
 .ARM.attributes
                0x00000000000001cd       0x39 Drivers/STM32F4xx_HAL_Driver/Src/stm32f4xx_hal_cortex.o
 .ARM.attributes
                0x0000000000000206       0x39 Drivers/STM32F4xx_HAL_Driver/Src/stm32f4xx_hal_dma.o
 .ARM.attributes
                0x000000000000023f       0x39 Drivers/STM32F4xx_HAL_Driver/Src/stm32f4xx_hal_gpio.o
 .ARM.attributes
                0x0000000000000278       0x39 Drivers/STM32F4xx_HAL_Driver/Src/stm32f4xx_hal_pcd.o
 .ARM.attributes
                0x00000000000002b1       0x39 Drivers/STM32F4xx_HAL_Driver/Src/stm32f4xx_hal_pcd_ex.o
 .ARM.attributes
                0x00000000000002ea       0x39 Drivers/STM32F4xx_HAL_Driver/Src/stm32f4xx_hal_rcc.o
 .ARM.attributes
                0x0000000000000323       0x39 Drivers/STM32F4xx_HAL_Driver/Src/stm32f4xx_hal_spi.o
 .ARM.attributes
                0x000000000000035c       0x39 Drivers/STM32F4xx_HAL_Driver/Src/stm32f4xx_hal_tim.o
 .ARM.attributes
                0x0000000000000395       0x39 Drivers/STM32F4xx_HAL_Driver/Src/stm32f4xx_hal_tim_ex.o
 .ARM.attributes
                0x00000000000003ce       0x39 Drivers/STM32F4xx_HAL_Driver/Src/stm32f4xx_ll_usb.o
 .ARM.attributes
                0x0000000000000407       0x39 Middlewares/ST/STM32_USB_Device_Library/Class/CDC/Src/usbd_cdc.o
 .ARM.attributes
                0x0000000000000440       0x39 Middlewares/ST/STM32_USB_Device_Library/Core/Src/usbd_core.o
 .ARM.attributes
                0x0000000000000479       0x39 Middlewares/ST/STM32_USB_Device_Library/Core/Src/usbd_ctlreq.o
 .ARM.attributes
                0x00000000000004b2       0x39 Middlewares/ST/STM32_USB_Device_Library/Core/Src/usbd_ioreq.o
 .ARM.attributes
                0x00000000000004eb       0x39 USB_DEVICE/App/usb_device.o
 .ARM.attributes
                0x0000000000000524       0x39 USB_DEVICE/App/usbd_cdc_if.o
 .ARM.attributes
                0x000000000000055d       0x39 USB_DEVICE/App/usbd_desc.o
 .ARM.attributes
                0x0000000000000596       0x39 USB_DEVICE/Target/usbd_conf.o
 .ARM.attributes
                0x00000000000005cf       0x34 c:/st/stm32cubeide_1.1.0/stm32cubeide/plugins/com.st.stm32cube.ide.mcu.externaltools.gnu-tools-for-stm32.7-2018-q2-update.win32_1.0.0.201904181610/tools/bin/../lib/gcc/arm-none-eabi/7.3.1/../../../../arm-none-eabi/lib/thumb/v7e-m/fpv4-sp/hard\libc_nano.a(lib_a-errno.o)
 .ARM.attributes
                0x0000000000000603       0x34 c:/st/stm32cubeide_1.1.0/stm32cubeide/plugins/com.st.stm32cube.ide.mcu.externaltools.gnu-tools-for-stm32.7-2018-q2-update.win32_1.0.0.201904181610/tools/bin/../lib/gcc/arm-none-eabi/7.3.1/../../../../arm-none-eabi/lib/thumb/v7e-m/fpv4-sp/hard\libc_nano.a(lib_a-impure.o)
 .ARM.attributes
                0x0000000000000637       0x34 c:/st/stm32cubeide_1.1.0/stm32cubeide/plugins/com.st.stm32cube.ide.mcu.externaltools.gnu-tools-for-stm32.7-2018-q2-update.win32_1.0.0.201904181610/tools/bin/../lib/gcc/arm-none-eabi/7.3.1/../../../../arm-none-eabi/lib/thumb/v7e-m/fpv4-sp/hard\libc_nano.a(lib_a-init.o)
 .ARM.attributes
                0x000000000000066b       0x34 c:/st/stm32cubeide_1.1.0/stm32cubeide/plugins/com.st.stm32cube.ide.mcu.externaltools.gnu-tools-for-stm32.7-2018-q2-update.win32_1.0.0.201904181610/tools/bin/../lib/gcc/arm-none-eabi/7.3.1/../../../../arm-none-eabi/lib/thumb/v7e-m/fpv4-sp/hard\libc_nano.a(lib_a-malloc.o)
 .ARM.attributes
                0x000000000000069f       0x34 c:/st/stm32cubeide_1.1.0/stm32cubeide/plugins/com.st.stm32cube.ide.mcu.externaltools.gnu-tools-for-stm32.7-2018-q2-update.win32_1.0.0.201904181610/tools/bin/../lib/gcc/arm-none-eabi/7.3.1/../../../../arm-none-eabi/lib/thumb/v7e-m/fpv4-sp/hard\libc_nano.a(lib_a-memset.o)
 .ARM.attributes
                0x00000000000006d3       0x34 c:/st/stm32cubeide_1.1.0/stm32cubeide/plugins/com.st.stm32cube.ide.mcu.externaltools.gnu-tools-for-stm32.7-2018-q2-update.win32_1.0.0.201904181610/tools/bin/../lib/gcc/arm-none-eabi/7.3.1/../../../../arm-none-eabi/lib/thumb/v7e-m/fpv4-sp/hard\libc_nano.a(lib_a-nano-freer.o)
 .ARM.attributes
                0x0000000000000707       0x34 c:/st/stm32cubeide_1.1.0/stm32cubeide/plugins/com.st.stm32cube.ide.mcu.externaltools.gnu-tools-for-stm32.7-2018-q2-update.win32_1.0.0.201904181610/tools/bin/../lib/gcc/arm-none-eabi/7.3.1/../../../../arm-none-eabi/lib/thumb/v7e-m/fpv4-sp/hard\libc_nano.a(lib_a-nano-mallocr.o)
 .ARM.attributes
                0x000000000000073b       0x34 c:/st/stm32cubeide_1.1.0/stm32cubeide/plugins/com.st.stm32cube.ide.mcu.externaltools.gnu-tools-for-stm32.7-2018-q2-update.win32_1.0.0.201904181610/tools/bin/../lib/gcc/arm-none-eabi/7.3.1/../../../../arm-none-eabi/lib/thumb/v7e-m/fpv4-sp/hard\libc_nano.a(lib_a-nano-vfprintf_float.o)
 .ARM.attributes
                0x000000000000076f       0x34 c:/st/stm32cubeide_1.1.0/stm32cubeide/plugins/com.st.stm32cube.ide.mcu.externaltools.gnu-tools-for-stm32.7-2018-q2-update.win32_1.0.0.201904181610/tools/bin/../lib/gcc/arm-none-eabi/7.3.1/../../../../arm-none-eabi/lib/thumb/v7e-m/fpv4-sp/hard\libc_nano.a(lib_a-nano-vfprintf_i.o)
 .ARM.attributes
                0x00000000000007a3       0x34 c:/st/stm32cubeide_1.1.0/stm32cubeide/plugins/com.st.stm32cube.ide.mcu.externaltools.gnu-tools-for-stm32.7-2018-q2-update.win32_1.0.0.201904181610/tools/bin/../lib/gcc/arm-none-eabi/7.3.1/../../../../arm-none-eabi/lib/thumb/v7e-m/fpv4-sp/hard\libc_nano.a(lib_a-sbrkr.o)
 .ARM.attributes
                0x00000000000007d7       0x1b c:/st/stm32cubeide_1.1.0/stm32cubeide/plugins/com.st.stm32cube.ide.mcu.externaltools.gnu-tools-for-stm32.7-2018-q2-update.win32_1.0.0.201904181610/tools/bin/../lib/gcc/arm-none-eabi/7.3.1/../../../../arm-none-eabi/lib/thumb/v7e-m/fpv4-sp/hard\libc_nano.a(lib_a-strlen.o)
 .ARM.attributes
                0x00000000000007f2       0x34 c:/st/stm32cubeide_1.1.0/stm32cubeide/plugins/com.st.stm32cube.ide.mcu.externaltools.gnu-tools-for-stm32.7-2018-q2-update.win32_1.0.0.201904181610/tools/bin/../lib/gcc/arm-none-eabi/7.3.1/../../../../arm-none-eabi/lib/thumb/v7e-m/fpv4-sp/hard\libc_nano.a(lib_a-dtoa.o)
 .ARM.attributes
                0x0000000000000826       0x34 c:/st/stm32cubeide_1.1.0/stm32cubeide/plugins/com.st.stm32cube.ide.mcu.externaltools.gnu-tools-for-stm32.7-2018-q2-update.win32_1.0.0.201904181610/tools/bin/../lib/gcc/arm-none-eabi/7.3.1/../../../../arm-none-eabi/lib/thumb/v7e-m/fpv4-sp/hard\libc_nano.a(lib_a-localeconv.o)
 .ARM.attributes
                0x000000000000085a       0x34 c:/st/stm32cubeide_1.1.0/stm32cubeide/plugins/com.st.stm32cube.ide.mcu.externaltools.gnu-tools-for-stm32.7-2018-q2-update.win32_1.0.0.201904181610/tools/bin/../lib/gcc/arm-none-eabi/7.3.1/../../../../arm-none-eabi/lib/thumb/v7e-m/fpv4-sp/hard\libc_nano.a(lib_a-memcpy-stub.o)
 .ARM.attributes
                0x000000000000088e       0x34 c:/st/stm32cubeide_1.1.0/stm32cubeide/plugins/com.st.stm32cube.ide.mcu.externaltools.gnu-tools-for-stm32.7-2018-q2-update.win32_1.0.0.201904181610/tools/bin/../lib/gcc/arm-none-eabi/7.3.1/../../../../arm-none-eabi/lib/thumb/v7e-m/fpv4-sp/hard\libc_nano.a(lib_a-mlock.o)
 .ARM.attributes