stm32f4xx_it.c:70:6:NMI_Handler	4	static
stm32f4xx_it.c:85:6:HardFault_Handler	4	static
stm32f4xx_it.c:100:6:MemManage_Handler	4	static
stm32f4xx_it.c:115:6:BusFault_Handler	4	static
stm32f4xx_it.c:130:6:UsageFault_Handler	4	static
stm32f4xx_it.c:145:6:SVC_Handler	4	static
stm32f4xx_it.c:158:6:DebugMon_Handler	4	static
stm32f4xx_it.c:171:6:PendSV_Handler	4	static
stm32f4xx_it.c:184:6:SysTick_Handler	8	static
stm32f4xx_it.c:205:6:EXTI0_IRQHandler	8	static
stm32f4xx_it.c:219:6:OTG_FS_IRQHandler	8	static
