main.c:83:6:HAL_SPI_TxRxCpltCallback	16	static
main.c:111:6:HAL_GPIO_EXTI_Callback	16	static
main.c:125:6:LED_RGB_Init	8	static
main.c:134:6:LED_RGB_SetIntensity	16	static
main.c:147:5:main	136	static
main.c:247:6:SystemClock_Config	88	static
main.c:290:13:MX_SPI1_Init	8	static
main.c:328:13:MX_SPI3_Init	8	static
main.c:366:13:MX_TIM3_Init	64	static
main.c:429:13:MX_TIM4_Init	64	static
main.c:486:13:MX_DMA_Init	16	static
main.c:514:13:MX_GPIO_Init	48	static
main.c:570:6:startTaskLED	24	static
main.c:613:6:startTaskUSB	160	static
main.c:639:6:taskTaskPressure	16	static
main.c:661:6:startTaskKalmanFilter	16	static
main.c:680:6:HAL_TIM_PeriodElapsedCallback	16	static
main.c:697:6:Error_Handler	8	static
